[0.356s] DEBUG:colcon:Command line arguments: ['/usr/bin/colcon', 'build', '--packages-up-to', 'ctrl']
[0.356s] DEBUG:colcon:Parsed command line arguments: Namespace(log_base=None, log_level=None, verb_name='build', build_base='build', install_base='install', merge_install=False, symlink_install=False, test_result_base=None, continue_on_error=False, executor='parallel', parallel_workers=4, event_handlers=None, ignore_user_meta=False, metas=['./colcon.meta'], base_paths=['.'], packages_ignore=None, packages_ignore_regex=None, paths=None, packages_up_to=['ctrl'], packages_up_to_regex=None, packages_above=None, packages_above_and_dependencies=None, packages_above_depth=None, packages_select_by_dep=None, packages_skip_by_dep=None, packages_skip_up_to=None, packages_select_build_failed=False, packages_skip_build_finished=False, packages_select_test_failures=False, packages_skip_test_passed=False, packages_select=None, packages_skip=None, packages_select_regex=None, packages_skip_regex=None, packages_start=None, packages_end=None, cmake_args=None, cmake_target=None, cmake_target_skip_unavailable=False, cmake_clean_cache=False, cmake_clean_first=False, cmake_force_configure=False, ament_cmake_args=None, catkin_cmake_args=None, catkin_skip_building_tests=False, mixin_files=None, mixin=None, verb_parser=<colcon_mixin.mixin.mixin_argument.MixinArgumentDecorator object at 0x7faf2f0446a0>, verb_extension=<colcon_core.verb.build.BuildVerb object at 0x7faf2f151f00>, main=<bound method BuildVerb.main of <colcon_core.verb.build.BuildVerb object at 0x7faf2f151f00>>, mixin_verb=('build',))
[1.011s] Level 1:colcon.colcon_core.package_discovery:discover_packages(colcon_meta) check parameters
[1.012s] Level 1:colcon.colcon_core.package_discovery:discover_packages(recursive) check parameters
[1.012s] Level 1:colcon.colcon_core.package_discovery:discover_packages(ignore) check parameters
[1.012s] Level 1:colcon.colcon_core.package_discovery:discover_packages(path) check parameters
[1.012s] Level 1:colcon.colcon_core.package_discovery:discover_packages(colcon_meta) discover
[1.012s] Level 1:colcon.colcon_core.package_discovery:discover_packages(recursive) discover
[1.013s] INFO:colcon.colcon_core.package_discovery:Crawling recursively for packages in '/home/eagle/ws'
[1.013s] Level 1:colcon.colcon_core.package_identification:_identify(.) by extensions ['ignore', 'ignore_ament_install']
[1.013s] Level 1:colcon.colcon_core.package_identification:_identify(.) by extension 'ignore'
[1.013s] Level 1:colcon.colcon_core.package_identification:_identify(.) by extension 'ignore_ament_install'
[1.014s] Level 1:colcon.colcon_core.package_identification:_identify(.) by extensions ['colcon_pkg']
[1.014s] Level 1:colcon.colcon_core.package_identification:_identify(.) by extension 'colcon_pkg'
[1.014s] Level 1:colcon.colcon_core.package_identification:_identify(.) by extensions ['colcon_meta']
[1.014s] Level 1:colcon.colcon_core.package_identification:_identify(.) by extension 'colcon_meta'
[1.014s] Level 1:colcon.colcon_core.package_identification:_identify(.) by extensions ['ros']
[1.015s] Level 1:colcon.colcon_core.package_identification:_identify(.) by extension 'ros'
[1.044s] Level 1:colcon.colcon_core.package_identification:_identify(.) by extensions ['cmake', 'python']
[1.044s] Level 1:colcon.colcon_core.package_identification:_identify(.) by extension 'cmake'
[1.044s] Level 1:colcon.colcon_core.package_identification:_identify(.) by extension 'python'
[1.044s] Level 1:colcon.colcon_core.package_identification:_identify(.) by extensions ['python_setup_py']
[1.044s] Level 1:colcon.colcon_core.package_identification:_identify(.) by extension 'python_setup_py'
[1.045s] Level 1:colcon.colcon_core.package_identification:_identify(build) by extensions ['ignore', 'ignore_ament_install']
[1.045s] Level 1:colcon.colcon_core.package_identification:_identify(build) by extension 'ignore'
[1.046s] Level 1:colcon.colcon_core.package_identification:_identify(build) ignored
[1.046s] Level 1:colcon.colcon_core.package_identification:_identify(can) by extensions ['ignore', 'ignore_ament_install']
[1.046s] Level 1:colcon.colcon_core.package_identification:_identify(can) by extension 'ignore'
[1.047s] Level 1:colcon.colcon_core.package_identification:_identify(can) by extension 'ignore_ament_install'
[1.047s] Level 1:colcon.colcon_core.package_identification:_identify(can) by extensions ['colcon_pkg']
[1.047s] Level 1:colcon.colcon_core.package_identification:_identify(can) by extension 'colcon_pkg'
[1.047s] Level 1:colcon.colcon_core.package_identification:_identify(can) by extensions ['colcon_meta']
[1.047s] Level 1:colcon.colcon_core.package_identification:_identify(can) by extension 'colcon_meta'
[1.047s] Level 1:colcon.colcon_core.package_identification:_identify(can) by extensions ['ros']
[1.047s] Level 1:colcon.colcon_core.package_identification:_identify(can) by extension 'ros'
[1.048s] Level 1:colcon.colcon_core.package_identification:_identify(can) by extensions ['cmake', 'python']
[1.048s] Level 1:colcon.colcon_core.package_identification:_identify(can) by extension 'cmake'
[1.048s] Level 1:colcon.colcon_core.package_identification:_identify(can) by extension 'python'
[1.048s] Level 1:colcon.colcon_core.package_identification:_identify(can) by extensions ['python_setup_py']
[1.048s] Level 1:colcon.colcon_core.package_identification:_identify(can) by extension 'python_setup_py'
[1.049s] Level 1:colcon.colcon_core.package_identification:_identify(docker) by extensions ['ignore', 'ignore_ament_install']
[1.049s] Level 1:colcon.colcon_core.package_identification:_identify(docker) by extension 'ignore'
[1.049s] Level 1:colcon.colcon_core.package_identification:_identify(docker) by extension 'ignore_ament_install'
[1.049s] Level 1:colcon.colcon_core.package_identification:_identify(docker) by extensions ['colcon_pkg']
[1.049s] Level 1:colcon.colcon_core.package_identification:_identify(docker) by extension 'colcon_pkg'
[1.049s] Level 1:colcon.colcon_core.package_identification:_identify(docker) by extensions ['colcon_meta']
[1.050s] Level 1:colcon.colcon_core.package_identification:_identify(docker) by extension 'colcon_meta'
[1.050s] Level 1:colcon.colcon_core.package_identification:_identify(docker) by extensions ['ros']
[1.050s] Level 1:colcon.colcon_core.package_identification:_identify(docker) by extension 'ros'
[1.050s] Level 1:colcon.colcon_core.package_identification:_identify(docker) by extensions ['cmake', 'python']
[1.051s] Level 1:colcon.colcon_core.package_identification:_identify(docker) by extension 'cmake'
[1.051s] Level 1:colcon.colcon_core.package_identification:_identify(docker) by extension 'python'
[1.051s] Level 1:colcon.colcon_core.package_identification:_identify(docker) by extensions ['python_setup_py']
[1.051s] Level 1:colcon.colcon_core.package_identification:_identify(docker) by extension 'python_setup_py'
[1.051s] Level 1:colcon.colcon_core.package_identification:_identify(install) by extensions ['ignore', 'ignore_ament_install']
[1.052s] Level 1:colcon.colcon_core.package_identification:_identify(install) by extension 'ignore'
[1.052s] Level 1:colcon.colcon_core.package_identification:_identify(install) ignored
[1.052s] Level 1:colcon.colcon_core.package_identification:_identify(log) by extensions ['ignore', 'ignore_ament_install']
[1.052s] Level 1:colcon.colcon_core.package_identification:_identify(log) by extension 'ignore'
[1.053s] Level 1:colcon.colcon_core.package_identification:_identify(log) ignored
[1.053s] Level 1:colcon.colcon_core.package_identification:_identify(src) by extensions ['ignore', 'ignore_ament_install']
[1.053s] Level 1:colcon.colcon_core.package_identification:_identify(src) by extension 'ignore'
[1.053s] Level 1:colcon.colcon_core.package_identification:_identify(src) by extension 'ignore_ament_install'
[1.054s] Level 1:colcon.colcon_core.package_identification:_identify(src) by extensions ['colcon_pkg']
[1.054s] Level 1:colcon.colcon_core.package_identification:_identify(src) by extension 'colcon_pkg'
[1.054s] Level 1:colcon.colcon_core.package_identification:_identify(src) by extensions ['colcon_meta']
[1.054s] Level 1:colcon.colcon_core.package_identification:_identify(src) by extension 'colcon_meta'
[1.054s] Level 1:colcon.colcon_core.package_identification:_identify(src) by extensions ['ros']
[1.054s] Level 1:colcon.colcon_core.package_identification:_identify(src) by extension 'ros'
[1.055s] Level 1:colcon.colcon_core.package_identification:_identify(src) by extensions ['cmake', 'python']
[1.055s] Level 1:colcon.colcon_core.package_identification:_identify(src) by extension 'cmake'
[1.055s] Level 1:colcon.colcon_core.package_identification:_identify(src) by extension 'python'
[1.055s] Level 1:colcon.colcon_core.package_identification:_identify(src) by extensions ['python_setup_py']
[1.055s] Level 1:colcon.colcon_core.package_identification:_identify(src) by extension 'python_setup_py'
[1.056s] Level 1:colcon.colcon_core.package_identification:_identify(src/ctrl) by extensions ['ignore', 'ignore_ament_install']
[1.056s] Level 1:colcon.colcon_core.package_identification:_identify(src/ctrl) by extension 'ignore'
[1.056s] Level 1:colcon.colcon_core.package_identification:_identify(src/ctrl) by extension 'ignore_ament_install'
[1.056s] Level 1:colcon.colcon_core.package_identification:_identify(src/ctrl) by extensions ['colcon_pkg']
[1.057s] Level 1:colcon.colcon_core.package_identification:_identify(src/ctrl) by extension 'colcon_pkg'
[1.057s] Level 1:colcon.colcon_core.package_identification:_identify(src/ctrl) by extensions ['colcon_meta']
[1.057s] Level 1:colcon.colcon_core.package_identification:_identify(src/ctrl) by extension 'colcon_meta'
[1.057s] Level 1:colcon.colcon_core.package_identification:_identify(src/ctrl) by extensions ['ros']
[1.057s] Level 1:colcon.colcon_core.package_identification:_identify(src/ctrl) by extension 'ros'
[1.067s] DEBUG:colcon.colcon_core.package_identification:Package 'src/ctrl' with type 'ros.ament_cmake' and name 'ctrl'
[1.068s] Level 1:colcon.colcon_core.package_identification:_identify(src/eagle_msgs) by extensions ['ignore', 'ignore_ament_install']
[1.068s] Level 1:colcon.colcon_core.package_identification:_identify(src/eagle_msgs) by extension 'ignore'
[1.068s] Level 1:colcon.colcon_core.package_identification:_identify(src/eagle_msgs) by extension 'ignore_ament_install'
[1.068s] Level 1:colcon.colcon_core.package_identification:_identify(src/eagle_msgs) by extensions ['colcon_pkg']
[1.068s] Level 1:colcon.colcon_core.package_identification:_identify(src/eagle_msgs) by extension 'colcon_pkg'
[1.069s] Level 1:colcon.colcon_core.package_identification:_identify(src/eagle_msgs) by extensions ['colcon_meta']
[1.069s] Level 1:colcon.colcon_core.package_identification:_identify(src/eagle_msgs) by extension 'colcon_meta'
[1.069s] Level 1:colcon.colcon_core.package_identification:_identify(src/eagle_msgs) by extensions ['ros']
[1.069s] Level 1:colcon.colcon_core.package_identification:_identify(src/eagle_msgs) by extension 'ros'
[1.072s] DEBUG:colcon.colcon_core.package_identification:Package 'src/eagle_msgs' with type 'ros.ament_cmake' and name 'eagle_msgs'
[1.072s] Level 1:colcon.colcon_core.package_identification:_identify(src/eagle_sim) by extensions ['ignore', 'ignore_ament_install']
[1.073s] Level 1:colcon.colcon_core.package_identification:_identify(src/eagle_sim) by extension 'ignore'
[1.073s] Level 1:colcon.colcon_core.package_identification:_identify(src/eagle_sim) by extension 'ignore_ament_install'
[1.073s] Level 1:colcon.colcon_core.package_identification:_identify(src/eagle_sim) by extensions ['colcon_pkg']
[1.073s] Level 1:colcon.colcon_core.package_identification:_identify(src/eagle_sim) by extension 'colcon_pkg'
[1.073s] Level 1:colcon.colcon_core.package_identification:_identify(src/eagle_sim) by extensions ['colcon_meta']
[1.074s] Level 1:colcon.colcon_core.package_identification:_identify(src/eagle_sim) by extension 'colcon_meta'
[1.074s] Level 1:colcon.colcon_core.package_identification:_identify(src/eagle_sim) by extensions ['ros']
[1.074s] Level 1:colcon.colcon_core.package_identification:_identify(src/eagle_sim) by extension 'ros'
[1.077s] DEBUG:colcon.colcon_core.package_identification:Package 'src/eagle_sim' with type 'ros.ament_python' and name 'eagle_sim'
[1.077s] Level 1:colcon.colcon_core.package_discovery:discover_packages(recursive) using defaults
[1.077s] Level 1:colcon.colcon_core.package_discovery:discover_packages(ignore) discover
[1.077s] Level 1:colcon.colcon_core.package_discovery:discover_packages(ignore) using defaults
[1.077s] Level 1:colcon.colcon_core.package_discovery:discover_packages(path) discover
[1.077s] Level 1:colcon.colcon_core.package_discovery:discover_packages(path) using defaults
[1.136s] INFO:colcon.colcon_core.package_selection:Skipping package 'eagle_sim' in 'src/eagle_sim'
[1.137s] Level 5:colcon.colcon_core.verb:set package 'eagle_msgs' build argument 'cmake_args' from command line to 'None'
[1.137s] Level 5:colcon.colcon_core.verb:set package 'eagle_msgs' build argument 'cmake_target' from command line to 'None'
[1.137s] Level 5:colcon.colcon_core.verb:set package 'eagle_msgs' build argument 'cmake_target_skip_unavailable' from command line to 'False'
[1.138s] Level 5:colcon.colcon_core.verb:set package 'eagle_msgs' build argument 'cmake_clean_cache' from command line to 'False'
[1.138s] Level 5:colcon.colcon_core.verb:set package 'eagle_msgs' build argument 'cmake_clean_first' from command line to 'False'
[1.138s] Level 5:colcon.colcon_core.verb:set package 'eagle_msgs' build argument 'cmake_force_configure' from command line to 'False'
[1.138s] Level 5:colcon.colcon_core.verb:set package 'eagle_msgs' build argument 'ament_cmake_args' from command line to 'None'
[1.138s] Level 5:colcon.colcon_core.verb:set package 'eagle_msgs' build argument 'catkin_cmake_args' from command line to 'None'
[1.138s] Level 5:colcon.colcon_core.verb:set package 'eagle_msgs' build argument 'catkin_skip_building_tests' from command line to 'False'
[1.138s] DEBUG:colcon.colcon_core.verb:Building package 'eagle_msgs' with the following arguments: {'ament_cmake_args': None, 'build_base': '/home/eagle/ws/build/eagle_msgs', 'catkin_cmake_args': None, 'catkin_skip_building_tests': False, 'cmake_args': None, 'cmake_clean_cache': False, 'cmake_clean_first': False, 'cmake_force_configure': False, 'cmake_target': None, 'cmake_target_skip_unavailable': False, 'install_base': '/home/eagle/ws/install/eagle_msgs', 'merge_install': False, 'path': '/home/eagle/ws/src/eagle_msgs', 'symlink_install': False, 'test_result_base': None}
[1.139s] Level 5:colcon.colcon_core.verb:set package 'ctrl' build argument 'cmake_args' from command line to 'None'
[1.139s] Level 5:colcon.colcon_core.verb:set package 'ctrl' build argument 'cmake_target' from command line to 'None'
[1.140s] Level 5:colcon.colcon_core.verb:set package 'ctrl' build argument 'cmake_target_skip_unavailable' from command line to 'False'
[1.140s] Level 5:colcon.colcon_core.verb:set package 'ctrl' build argument 'cmake_clean_cache' from command line to 'False'
[1.140s] Level 5:colcon.colcon_core.verb:set package 'ctrl' build argument 'cmake_clean_first' from command line to 'False'
[1.140s] Level 5:colcon.colcon_core.verb:set package 'ctrl' build argument 'cmake_force_configure' from command line to 'False'
[1.140s] Level 5:colcon.colcon_core.verb:set package 'ctrl' build argument 'ament_cmake_args' from command line to 'None'
[1.140s] Level 5:colcon.colcon_core.verb:set package 'ctrl' build argument 'catkin_cmake_args' from command line to 'None'
[1.140s] Level 5:colcon.colcon_core.verb:set package 'ctrl' build argument 'catkin_skip_building_tests' from command line to 'False'
[1.140s] DEBUG:colcon.colcon_core.verb:Building package 'ctrl' with the following arguments: {'ament_cmake_args': None, 'build_base': '/home/eagle/ws/build/ctrl', 'catkin_cmake_args': None, 'catkin_skip_building_tests': False, 'cmake_args': None, 'cmake_clean_cache': False, 'cmake_clean_first': False, 'cmake_force_configure': False, 'cmake_target': None, 'cmake_target_skip_unavailable': False, 'install_base': '/home/eagle/ws/install/ctrl', 'merge_install': False, 'path': '/home/eagle/ws/src/ctrl', 'symlink_install': False, 'test_result_base': None}
[1.141s] INFO:colcon.colcon_core.executor:Executing jobs using 'parallel' executor
[1.144s] DEBUG:colcon.colcon_parallel_executor.executor.parallel:run_until_complete
[1.145s] INFO:colcon.colcon_ros.task.ament_cmake.build:Building ROS package in '/home/eagle/ws/src/eagle_msgs' with build type 'ament_cmake'
[1.145s] INFO:colcon.colcon_cmake.task.cmake.build:Building CMake package in '/home/eagle/ws/src/eagle_msgs'
[1.154s] INFO:colcon.colcon_core.plugin_system:Skipping extension 'colcon_core.shell.bat': Not used on non-Windows systems
[1.155s] INFO:colcon.colcon_core.shell:Skip shell extension 'powershell' for command environment: Not usable outside of PowerShell
[1.155s] DEBUG:colcon.colcon_core.shell:Skip shell extension 'dsv' for command environment
[1.184s] DEBUG:colcon.colcon_core.event_handler.log_command:Invoking command in '/home/eagle/ws/build/eagle_msgs': CMAKE_PREFIX_PATH=${CMAKE_PREFIX_PATH}:/home/eagle/ws/install/eagle_sim:/opt/ros/humble /usr/bin/cmake --build /home/eagle/ws/build/eagle_msgs -- -j4 -l4
[2.333s] DEBUG:colcon.colcon_core.event_handler.log_command:Invoked command in '/home/eagle/ws/build/eagle_msgs' returned '0': CMAKE_PREFIX_PATH=${CMAKE_PREFIX_PATH}:/home/eagle/ws/install/eagle_sim:/opt/ros/humble /usr/bin/cmake --build /home/eagle/ws/build/eagle_msgs -- -j4 -l4
[2.355s] DEBUG:colcon.colcon_core.event_handler.log_command:Invoking command in '/home/eagle/ws/build/eagle_msgs': CMAKE_PREFIX_PATH=${CMAKE_PREFIX_PATH}:/home/eagle/ws/install/eagle_sim:/opt/ros/humble /usr/bin/cmake --install /home/eagle/ws/build/eagle_msgs
[2.522s] Level 1:colcon.colcon_core.environment:create_environment_scripts_only(eagle_msgs)
[2.529s] DEBUG:colcon.colcon_core.event_handler.log_command:Invoked command in '/home/eagle/ws/build/eagle_msgs' returned '0': CMAKE_PREFIX_PATH=${CMAKE_PREFIX_PATH}:/home/eagle/ws/install/eagle_sim:/opt/ros/humble /usr/bin/cmake --install /home/eagle/ws/build/eagle_msgs
[2.541s] Level 1:colcon.colcon_core.environment:checking '/home/eagle/ws/install/eagle_msgs' for CMake module files
[2.543s] Level 1:colcon.colcon_core.environment:checking '/home/eagle/ws/install/eagle_msgs' for CMake config files
[2.546s] Level 1:colcon.colcon_core.shell:create_environment_hook('eagle_msgs', 'cmake_prefix_path')
[2.547s] INFO:colcon.colcon_core.shell:Creating environment hook '/home/eagle/ws/install/eagle_msgs/share/eagle_msgs/hook/cmake_prefix_path.ps1'
[2.552s] INFO:colcon.colcon_core.shell:Creating environment descriptor '/home/eagle/ws/install/eagle_msgs/share/eagle_msgs/hook/cmake_prefix_path.dsv'
[2.555s] INFO:colcon.colcon_core.shell:Creating environment hook '/home/eagle/ws/install/eagle_msgs/share/eagle_msgs/hook/cmake_prefix_path.sh'
[2.559s] Level 1:colcon.colcon_core.environment:checking '/home/eagle/ws/install/eagle_msgs/lib'
[2.559s] Level 1:colcon.colcon_core.shell:create_environment_hook('eagle_msgs', 'ld_library_path_lib')
[2.560s] INFO:colcon.colcon_core.shell:Creating environment hook '/home/eagle/ws/install/eagle_msgs/share/eagle_msgs/hook/ld_library_path_lib.ps1'
[2.562s] INFO:colcon.colcon_core.shell:Creating environment descriptor '/home/eagle/ws/install/eagle_msgs/share/eagle_msgs/hook/ld_library_path_lib.dsv'
[2.564s] INFO:colcon.colcon_core.shell:Creating environment hook '/home/eagle/ws/install/eagle_msgs/share/eagle_msgs/hook/ld_library_path_lib.sh'
[2.566s] Level 1:colcon.colcon_core.environment:checking '/home/eagle/ws/install/eagle_msgs/bin'
[2.566s] Level 1:colcon.colcon_core.environment:checking '/home/eagle/ws/install/eagle_msgs/lib/pkgconfig/eagle_msgs.pc'
[2.572s] Level 1:colcon.colcon_core.environment:checking '/home/eagle/ws/install/eagle_msgs/lib/python3.10/site-packages'
[2.573s] Level 1:colcon.colcon_core.environment:checking '/home/eagle/ws/install/eagle_msgs/bin'
[2.574s] INFO:colcon.colcon_core.shell:Creating package script '/home/eagle/ws/install/eagle_msgs/share/eagle_msgs/package.ps1'
[2.578s] INFO:colcon.colcon_core.shell:Creating package descriptor '/home/eagle/ws/install/eagle_msgs/share/eagle_msgs/package.dsv'
[2.581s] INFO:colcon.colcon_core.shell:Creating package script '/home/eagle/ws/install/eagle_msgs/share/eagle_msgs/package.sh'
[2.585s] INFO:colcon.colcon_core.shell:Creating package script '/home/eagle/ws/install/eagle_msgs/share/eagle_msgs/package.bash'
[2.588s] INFO:colcon.colcon_core.shell:Creating package script '/home/eagle/ws/install/eagle_msgs/share/eagle_msgs/package.zsh'
[2.590s] Level 1:colcon.colcon_core.environment:create_file_with_runtime_dependencies(/home/eagle/ws/install/eagle_msgs/share/colcon-core/packages/eagle_msgs)
[2.592s] Level 1:colcon.colcon_core.environment:create_environment_scripts_only(eagle_msgs)
[2.593s] Level 1:colcon.colcon_core.environment:checking '/home/eagle/ws/install/eagle_msgs' for CMake module files
[2.595s] Level 1:colcon.colcon_core.environment:checking '/home/eagle/ws/install/eagle_msgs' for CMake config files
[2.596s] Level 1:colcon.colcon_core.shell:create_environment_hook('eagle_msgs', 'cmake_prefix_path')
[2.597s] INFO:colcon.colcon_core.shell:Creating environment hook '/home/eagle/ws/install/eagle_msgs/share/eagle_msgs/hook/cmake_prefix_path.ps1'
[2.598s] INFO:colcon.colcon_core.shell:Creating environment descriptor '/home/eagle/ws/install/eagle_msgs/share/eagle_msgs/hook/cmake_prefix_path.dsv'
[2.599s] INFO:colcon.colcon_core.shell:Creating environment hook '/home/eagle/ws/install/eagle_msgs/share/eagle_msgs/hook/cmake_prefix_path.sh'
[2.601s] Level 1:colcon.colcon_core.environment:checking '/home/eagle/ws/install/eagle_msgs/lib'
[2.601s] Level 1:colcon.colcon_core.shell:create_environment_hook('eagle_msgs', 'ld_library_path_lib')
[2.602s] INFO:colcon.colcon_core.shell:Creating environment hook '/home/eagle/ws/install/eagle_msgs/share/eagle_msgs/hook/ld_library_path_lib.ps1'
[2.603s] INFO:colcon.colcon_core.shell:Creating environment descriptor '/home/eagle/ws/install/eagle_msgs/share/eagle_msgs/hook/ld_library_path_lib.dsv'
[2.605s] INFO:colcon.colcon_core.shell:Creating environment hook '/home/eagle/ws/install/eagle_msgs/share/eagle_msgs/hook/ld_library_path_lib.sh'
[2.606s] Level 1:colcon.colcon_core.environment:checking '/home/eagle/ws/install/eagle_msgs/bin'
[2.606s] Level 1:colcon.colcon_core.environment:checking '/home/eagle/ws/install/eagle_msgs/lib/pkgconfig/eagle_msgs.pc'
[2.607s] Level 1:colcon.colcon_core.environment:checking '/home/eagle/ws/install/eagle_msgs/lib/python3.10/site-packages'
[2.607s] Level 1:colcon.colcon_core.environment:checking '/home/eagle/ws/install/eagle_msgs/bin'
[2.608s] INFO:colcon.colcon_core.shell:Creating package script '/home/eagle/ws/install/eagle_msgs/share/eagle_msgs/package.ps1'
[2.610s] INFO:colcon.colcon_core.shell:Creating package descriptor '/home/eagle/ws/install/eagle_msgs/share/eagle_msgs/package.dsv'
[2.612s] INFO:colcon.colcon_core.shell:Creating package script '/home/eagle/ws/install/eagle_msgs/share/eagle_msgs/package.sh'
[2.614s] INFO:colcon.colcon_core.shell:Creating package script '/home/eagle/ws/install/eagle_msgs/share/eagle_msgs/package.bash'
[2.615s] INFO:colcon.colcon_core.shell:Creating package script '/home/eagle/ws/install/eagle_msgs/share/eagle_msgs/package.zsh'
[2.616s] Level 1:colcon.colcon_core.environment:create_file_with_runtime_dependencies(/home/eagle/ws/install/eagle_msgs/share/colcon-core/packages/eagle_msgs)
[2.618s] INFO:colcon.colcon_ros.task.ament_cmake.build:Building ROS package in '/home/eagle/ws/src/ctrl' with build type 'ament_cmake'
[2.618s] INFO:colcon.colcon_cmake.task.cmake.build:Building CMake package in '/home/eagle/ws/src/ctrl'
[2.620s] INFO:colcon.colcon_core.shell:Skip shell extension 'powershell' for command environment: Not usable outside of PowerShell
[2.620s] DEBUG:colcon.colcon_core.shell:Skip shell extension 'dsv' for command environment
[2.646s] DEBUG:colcon.colcon_core.event_handler.log_command:Invoking command in '/home/eagle/ws/build/ctrl': CMAKE_PREFIX_PATH=/home/eagle/ws/install/eagle_msgs:/home/eagle/ws/install/ctrl:/home/eagle/ws/install/eagle_sim:/opt/ros/humble /usr/bin/cmake --build /home/eagle/ws/build/ctrl -- -j4 -l4
[2.852s] DEBUG:colcon.colcon_core.event_handler.log_command:Invoked command in '/home/eagle/ws/build/ctrl' returned '0': CMAKE_PREFIX_PATH=/home/eagle/ws/install/eagle_msgs:/home/eagle/ws/install/ctrl:/home/eagle/ws/install/eagle_sim:/opt/ros/humble /usr/bin/cmake --build /home/eagle/ws/build/ctrl -- -j4 -l4
[2.859s] DEBUG:colcon.colcon_core.event_handler.log_command:Invoking command in '/home/eagle/ws/build/ctrl': CMAKE_PREFIX_PATH=/home/eagle/ws/install/eagle_msgs:/home/eagle/ws/install/ctrl:/home/eagle/ws/install/eagle_sim:/opt/ros/humble /usr/bin/cmake --install /home/eagle/ws/build/ctrl
[2.918s] Level 1:colcon.colcon_core.environment:create_environment_scripts_only(ctrl)
[2.920s] Level 1:colcon.colcon_core.environment:checking '/home/eagle/ws/install/ctrl' for CMake module files
[2.928s] Level 1:colcon.colcon_core.environment:checking '/home/eagle/ws/install/ctrl' for CMake config files
[2.929s] DEBUG:colcon.colcon_core.event_handler.log_command:Invoked command in '/home/eagle/ws/build/ctrl' returned '0': CMAKE_PREFIX_PATH=/home/eagle/ws/install/eagle_msgs:/home/eagle/ws/install/ctrl:/home/eagle/ws/install/eagle_sim:/opt/ros/humble /usr/bin/cmake --install /home/eagle/ws/build/ctrl
[2.932s] Level 1:colcon.colcon_core.shell:create_environment_hook('ctrl', 'cmake_prefix_path')
[2.934s] INFO:colcon.colcon_core.shell:Creating environment hook '/home/eagle/ws/install/ctrl/share/ctrl/hook/cmake_prefix_path.ps1'
[2.937s] INFO:colcon.colcon_core.shell:Creating environment descriptor '/home/eagle/ws/install/ctrl/share/ctrl/hook/cmake_prefix_path.dsv'
[2.939s] INFO:colcon.colcon_core.shell:Creating environment hook '/home/eagle/ws/install/ctrl/share/ctrl/hook/cmake_prefix_path.sh'
[2.942s] Level 1:colcon.colcon_core.environment:checking '/home/eagle/ws/install/ctrl/lib'
[2.943s] Level 1:colcon.colcon_core.environment:checking '/home/eagle/ws/install/ctrl/bin'
[2.943s] Level 1:colcon.colcon_core.environment:checking '/home/eagle/ws/install/ctrl/lib/pkgconfig/ctrl.pc'
[2.945s] Level 1:colcon.colcon_core.environment:checking '/home/eagle/ws/install/ctrl/lib/python3.10/site-packages'
[2.948s] Level 1:colcon.colcon_core.environment:checking '/home/eagle/ws/install/ctrl/bin'
[2.950s] INFO:colcon.colcon_core.shell:Creating package script '/home/eagle/ws/install/ctrl/share/ctrl/package.ps1'
[2.956s] INFO:colcon.colcon_core.shell:Creating package descriptor '/home/eagle/ws/install/ctrl/share/ctrl/package.dsv'
[2.959s] INFO:colcon.colcon_core.shell:Creating package script '/home/eagle/ws/install/ctrl/share/ctrl/package.sh'
[2.962s] INFO:colcon.colcon_core.shell:Creating package script '/home/eagle/ws/install/ctrl/share/ctrl/package.bash'
[2.964s] INFO:colcon.colcon_core.shell:Creating package script '/home/eagle/ws/install/ctrl/share/ctrl/package.zsh'
[2.967s] Level 1:colcon.colcon_core.environment:create_file_with_runtime_dependencies(/home/eagle/ws/install/ctrl/share/colcon-core/packages/ctrl)
[2.970s] Level 1:colcon.colcon_core.environment:create_environment_scripts_only(ctrl)
[2.972s] Level 1:colcon.colcon_core.environment:checking '/home/eagle/ws/install/ctrl' for CMake module files
[2.975s] Level 1:colcon.colcon_core.environment:checking '/home/eagle/ws/install/ctrl' for CMake config files
[2.976s] Level 1:colcon.colcon_core.shell:create_environment_hook('ctrl', 'cmake_prefix_path')
[2.979s] INFO:colcon.colcon_core.shell:Creating environment hook '/home/eagle/ws/install/ctrl/share/ctrl/hook/cmake_prefix_path.ps1'
[2.982s] INFO:colcon.colcon_core.shell:Creating environment descriptor '/home/eagle/ws/install/ctrl/share/ctrl/hook/cmake_prefix_path.dsv'
[2.984s] INFO:colcon.colcon_core.shell:Creating environment hook '/home/eagle/ws/install/ctrl/share/ctrl/hook/cmake_prefix_path.sh'
[2.988s] Level 1:colcon.colcon_core.environment:checking '/home/eagle/ws/install/ctrl/lib'
[2.988s] Level 1:colcon.colcon_core.environment:checking '/home/eagle/ws/install/ctrl/bin'
[2.989s] Level 1:colcon.colcon_core.environment:checking '/home/eagle/ws/install/ctrl/lib/pkgconfig/ctrl.pc'
[2.990s] Level 1:colcon.colcon_core.environment:checking '/home/eagle/ws/install/ctrl/lib/python3.10/site-packages'
[2.993s] Level 1:colcon.colcon_core.environment:checking '/home/eagle/ws/install/ctrl/bin'
[2.995s] INFO:colcon.colcon_core.shell:Creating package script '/home/eagle/ws/install/ctrl/share/ctrl/package.ps1'
[2.999s] INFO:colcon.colcon_core.shell:Creating package descriptor '/home/eagle/ws/install/ctrl/share/ctrl/package.dsv'
[3.002s] INFO:colcon.colcon_core.shell:Creating package script '/home/eagle/ws/install/ctrl/share/ctrl/package.sh'
[3.005s] INFO:colcon.colcon_core.shell:Creating package script '/home/eagle/ws/install/ctrl/share/ctrl/package.bash'
[3.008s] INFO:colcon.colcon_core.shell:Creating package script '/home/eagle/ws/install/ctrl/share/ctrl/package.zsh'
[3.016s] Level 1:colcon.colcon_core.environment:create_file_with_runtime_dependencies(/home/eagle/ws/install/ctrl/share/colcon-core/packages/ctrl)
[3.017s] DEBUG:colcon.colcon_parallel_executor.executor.parallel:closing loop
[3.018s] DEBUG:colcon.colcon_parallel_executor.executor.parallel:loop closed
[3.019s] DEBUG:colcon.colcon_parallel_executor.executor.parallel:run_until_complete finished with '0'
[3.020s] DEBUG:colcon.colcon_core.event_reactor:joining thread
[3.091s] INFO:colcon.colcon_core.plugin_system:Skipping extension 'colcon_notification.desktop_notification.notify_send': Could not find 'notify-send'
[3.091s] INFO:colcon.colcon_core.plugin_system:Skipping extension 'colcon_notification.desktop_notification.terminal_notifier': Not used on non-Darwin systems
[3.092s] INFO:colcon.colcon_core.plugin_system:Skipping extension 'colcon_notification.desktop_notification.win32': Not used on non-Windows systems
[3.092s] INFO:colcon.colcon_notification.desktop_notification:Sending desktop notification using 'notify2'
[3.101s] DEBUG:colcon.colcon_notification.desktop_notification.notify2:Failed to initialize notify2: org.freedesktop.DBus.Error.Spawn.ExecFailed: /usr/bin/dbus-launch terminated abnormally without any error message
[3.102s] DEBUG:colcon.colcon_core.event_reactor:joined thread
[3.106s] INFO:colcon.colcon_core.shell:Creating prefix script '/home/eagle/ws/install/local_setup.ps1'
[3.113s] INFO:colcon.colcon_core.shell:Creating prefix util module '/home/eagle/ws/install/_local_setup_util_ps1.py'
[3.123s] INFO:colcon.colcon_core.shell:Creating prefix chain script '/home/eagle/ws/install/setup.ps1'
[3.131s] INFO:colcon.colcon_core.shell:Creating prefix script '/home/eagle/ws/install/local_setup.sh'
[3.136s] INFO:colcon.colcon_core.shell:Creating prefix util module '/home/eagle/ws/install/_local_setup_util_sh.py'
[3.141s] INFO:colcon.colcon_core.shell:Creating prefix chain script '/home/eagle/ws/install/setup.sh'
[3.151s] INFO:colcon.colcon_core.shell:Creating prefix script '/home/eagle/ws/install/local_setup.bash'
[3.155s] INFO:colcon.colcon_core.shell:Creating prefix chain script '/home/eagle/ws/install/setup.bash'
[3.163s] INFO:colcon.colcon_core.shell:Creating prefix script '/home/eagle/ws/install/local_setup.zsh'
[3.167s] INFO:colcon.colcon_core.shell:Creating prefix chain script '/home/eagle/ws/install/setup.zsh'
