[0.218s] DEBUG:colcon:Command line arguments: ['/usr/bin/colcon', 'build', '--packages-select', 'ctrl', 'eagle_msg', 'eagle_sim']
[0.218s] DEBUG:colcon:Parsed command line arguments: Namespace(log_base=None, log_level=None, verb_name='build', build_base='build', install_base='install', merge_install=False, symlink_install=False, test_result_base=None, continue_on_error=False, executor='parallel', parallel_workers=4, event_handlers=None, ignore_user_meta=False, metas=['./colcon.meta'], base_paths=['.'], packages_ignore=None, packages_ignore_regex=None, paths=None, packages_up_to=None, packages_up_to_regex=None, packages_above=None, packages_above_and_dependencies=None, packages_above_depth=None, packages_select_by_dep=None, packages_skip_by_dep=None, packages_skip_up_to=None, packages_select_build_failed=False, packages_skip_build_finished=False, packages_select_test_failures=False, packages_skip_test_passed=False, packages_select=['ctrl', 'eagle_msg', 'eagle_sim'], packages_skip=None, packages_select_regex=None, packages_skip_regex=None, packages_start=None, packages_end=None, cmake_args=None, cmake_target=None, cmake_target_skip_unavailable=False, cmake_clean_cache=False, cmake_clean_first=False, cmake_force_configure=False, ament_cmake_args=None, catkin_cmake_args=None, catkin_skip_building_tests=False, mixin_files=None, mixin=None, verb_parser=<colcon_mixin.mixin.mixin_argument.MixinArgumentDecorator object at 0x7f656fea86a0>, verb_extension=<colcon_core.verb.build.BuildVerb object at 0x7f656ffb1f00>, main=<bound method BuildVerb.main of <colcon_core.verb.build.BuildVerb object at 0x7f656ffb1f00>>, mixin_verb=('build',))
[0.509s] Level 1:colcon.colcon_core.package_discovery:discover_packages(colcon_meta) check parameters
[0.510s] Level 1:colcon.colcon_core.package_discovery:discover_packages(recursive) check parameters
[0.510s] Level 1:colcon.colcon_core.package_discovery:discover_packages(ignore) check parameters
[0.510s] Level 1:colcon.colcon_core.package_discovery:discover_packages(path) check parameters
[0.510s] Level 1:colcon.colcon_core.package_discovery:discover_packages(colcon_meta) discover
[0.510s] Level 1:colcon.colcon_core.package_discovery:discover_packages(recursive) discover
[0.510s] INFO:colcon.colcon_core.package_discovery:Crawling recursively for packages in '/home/eagle/ws'
[0.511s] Level 1:colcon.colcon_core.package_identification:_identify(.) by extensions ['ignore', 'ignore_ament_install']
[0.511s] Level 1:colcon.colcon_core.package_identification:_identify(.) by extension 'ignore'
[0.511s] Level 1:colcon.colcon_core.package_identification:_identify(.) by extension 'ignore_ament_install'
[0.511s] Level 1:colcon.colcon_core.package_identification:_identify(.) by extensions ['colcon_pkg']
[0.512s] Level 1:colcon.colcon_core.package_identification:_identify(.) by extension 'colcon_pkg'
[0.512s] Level 1:colcon.colcon_core.package_identification:_identify(.) by extensions ['colcon_meta']
[0.512s] Level 1:colcon.colcon_core.package_identification:_identify(.) by extension 'colcon_meta'
[0.512s] Level 1:colcon.colcon_core.package_identification:_identify(.) by extensions ['ros']
[0.512s] Level 1:colcon.colcon_core.package_identification:_identify(.) by extension 'ros'
[0.537s] Level 1:colcon.colcon_core.package_identification:_identify(.) by extensions ['cmake', 'python']
[0.537s] Level 1:colcon.colcon_core.package_identification:_identify(.) by extension 'cmake'
[0.538s] Level 1:colcon.colcon_core.package_identification:_identify(.) by extension 'python'
[0.538s] Level 1:colcon.colcon_core.package_identification:_identify(.) by extensions ['python_setup_py']
[0.538s] Level 1:colcon.colcon_core.package_identification:_identify(.) by extension 'python_setup_py'
[0.538s] Level 1:colcon.colcon_core.package_identification:_identify(build) by extensions ['ignore', 'ignore_ament_install']
[0.539s] Level 1:colcon.colcon_core.package_identification:_identify(build) by extension 'ignore'
[0.539s] Level 1:colcon.colcon_core.package_identification:_identify(build) ignored
[0.539s] Level 1:colcon.colcon_core.package_identification:_identify(can) by extensions ['ignore', 'ignore_ament_install']
[0.540s] Level 1:colcon.colcon_core.package_identification:_identify(can) by extension 'ignore'
[0.540s] Level 1:colcon.colcon_core.package_identification:_identify(can) by extension 'ignore_ament_install'
[0.540s] Level 1:colcon.colcon_core.package_identification:_identify(can) by extensions ['colcon_pkg']
[0.540s] Level 1:colcon.colcon_core.package_identification:_identify(can) by extension 'colcon_pkg'
[0.540s] Level 1:colcon.colcon_core.package_identification:_identify(can) by extensions ['colcon_meta']
[0.540s] Level 1:colcon.colcon_core.package_identification:_identify(can) by extension 'colcon_meta'
[0.540s] Level 1:colcon.colcon_core.package_identification:_identify(can) by extensions ['ros']
[0.540s] Level 1:colcon.colcon_core.package_identification:_identify(can) by extension 'ros'
[0.540s] Level 1:colcon.colcon_core.package_identification:_identify(can) by extensions ['cmake', 'python']
[0.541s] Level 1:colcon.colcon_core.package_identification:_identify(can) by extension 'cmake'
[0.541s] Level 1:colcon.colcon_core.package_identification:_identify(can) by extension 'python'
[0.541s] Level 1:colcon.colcon_core.package_identification:_identify(can) by extensions ['python_setup_py']
[0.541s] Level 1:colcon.colcon_core.package_identification:_identify(can) by extension 'python_setup_py'
[0.541s] Level 1:colcon.colcon_core.package_identification:_identify(docker) by extensions ['ignore', 'ignore_ament_install']
[0.542s] Level 1:colcon.colcon_core.package_identification:_identify(docker) by extension 'ignore'
[0.542s] Level 1:colcon.colcon_core.package_identification:_identify(docker) by extension 'ignore_ament_install'
[0.542s] Level 1:colcon.colcon_core.package_identification:_identify(docker) by extensions ['colcon_pkg']
[0.542s] Level 1:colcon.colcon_core.package_identification:_identify(docker) by extension 'colcon_pkg'
[0.542s] Level 1:colcon.colcon_core.package_identification:_identify(docker) by extensions ['colcon_meta']
[0.543s] Level 1:colcon.colcon_core.package_identification:_identify(docker) by extension 'colcon_meta'
[0.543s] Level 1:colcon.colcon_core.package_identification:_identify(docker) by extensions ['ros']
[0.543s] Level 1:colcon.colcon_core.package_identification:_identify(docker) by extension 'ros'
[0.543s] Level 1:colcon.colcon_core.package_identification:_identify(docker) by extensions ['cmake', 'python']
[0.543s] Level 1:colcon.colcon_core.package_identification:_identify(docker) by extension 'cmake'
[0.544s] Level 1:colcon.colcon_core.package_identification:_identify(docker) by extension 'python'
[0.544s] Level 1:colcon.colcon_core.package_identification:_identify(docker) by extensions ['python_setup_py']
[0.544s] Level 1:colcon.colcon_core.package_identification:_identify(docker) by extension 'python_setup_py'
[0.544s] Level 1:colcon.colcon_core.package_identification:_identify(install) by extensions ['ignore', 'ignore_ament_install']
[0.545s] Level 1:colcon.colcon_core.package_identification:_identify(install) by extension 'ignore'
[0.545s] Level 1:colcon.colcon_core.package_identification:_identify(install) ignored
[0.545s] Level 1:colcon.colcon_core.package_identification:_identify(log) by extensions ['ignore', 'ignore_ament_install']
[0.546s] Level 1:colcon.colcon_core.package_identification:_identify(log) by extension 'ignore'
[0.546s] Level 1:colcon.colcon_core.package_identification:_identify(log) ignored
[0.546s] Level 1:colcon.colcon_core.package_identification:_identify(src) by extensions ['ignore', 'ignore_ament_install']
[0.546s] Level 1:colcon.colcon_core.package_identification:_identify(src) by extension 'ignore'
[0.547s] Level 1:colcon.colcon_core.package_identification:_identify(src) by extension 'ignore_ament_install'
[0.547s] Level 1:colcon.colcon_core.package_identification:_identify(src) by extensions ['colcon_pkg']
[0.547s] Level 1:colcon.colcon_core.package_identification:_identify(src) by extension 'colcon_pkg'
[0.547s] Level 1:colcon.colcon_core.package_identification:_identify(src) by extensions ['colcon_meta']
[0.547s] Level 1:colcon.colcon_core.package_identification:_identify(src) by extension 'colcon_meta'
[0.548s] Level 1:colcon.colcon_core.package_identification:_identify(src) by extensions ['ros']
[0.548s] Level 1:colcon.colcon_core.package_identification:_identify(src) by extension 'ros'
[0.548s] Level 1:colcon.colcon_core.package_identification:_identify(src) by extensions ['cmake', 'python']
[0.548s] Level 1:colcon.colcon_core.package_identification:_identify(src) by extension 'cmake'
[0.548s] Level 1:colcon.colcon_core.package_identification:_identify(src) by extension 'python'
[0.548s] Level 1:colcon.colcon_core.package_identification:_identify(src) by extensions ['python_setup_py']
[0.549s] Level 1:colcon.colcon_core.package_identification:_identify(src) by extension 'python_setup_py'
[0.549s] Level 1:colcon.colcon_core.package_identification:_identify(src/ctrl) by extensions ['ignore', 'ignore_ament_install']
[0.549s] Level 1:colcon.colcon_core.package_identification:_identify(src/ctrl) by extension 'ignore'
[0.549s] Level 1:colcon.colcon_core.package_identification:_identify(src/ctrl) by extension 'ignore_ament_install'
[0.550s] Level 1:colcon.colcon_core.package_identification:_identify(src/ctrl) by extensions ['colcon_pkg']
[0.550s] Level 1:colcon.colcon_core.package_identification:_identify(src/ctrl) by extension 'colcon_pkg'
[0.550s] Level 1:colcon.colcon_core.package_identification:_identify(src/ctrl) by extensions ['colcon_meta']
[0.550s] Level 1:colcon.colcon_core.package_identification:_identify(src/ctrl) by extension 'colcon_meta'
[0.550s] Level 1:colcon.colcon_core.package_identification:_identify(src/ctrl) by extensions ['ros']
[0.550s] Level 1:colcon.colcon_core.package_identification:_identify(src/ctrl) by extension 'ros'
[0.559s] DEBUG:colcon.colcon_core.package_identification:Package 'src/ctrl' with type 'ros.ament_cmake' and name 'ctrl'
[0.559s] Level 1:colcon.colcon_core.package_identification:_identify(src/eagle_msgs) by extensions ['ignore', 'ignore_ament_install']
[0.559s] Level 1:colcon.colcon_core.package_identification:_identify(src/eagle_msgs) by extension 'ignore'
[0.560s] Level 1:colcon.colcon_core.package_identification:_identify(src/eagle_msgs) by extension 'ignore_ament_install'
[0.560s] Level 1:colcon.colcon_core.package_identification:_identify(src/eagle_msgs) by extensions ['colcon_pkg']
[0.560s] Level 1:colcon.colcon_core.package_identification:_identify(src/eagle_msgs) by extension 'colcon_pkg'
[0.560s] Level 1:colcon.colcon_core.package_identification:_identify(src/eagle_msgs) by extensions ['colcon_meta']
[0.560s] Level 1:colcon.colcon_core.package_identification:_identify(src/eagle_msgs) by extension 'colcon_meta'
[0.560s] Level 1:colcon.colcon_core.package_identification:_identify(src/eagle_msgs) by extensions ['ros']
[0.561s] Level 1:colcon.colcon_core.package_identification:_identify(src/eagle_msgs) by extension 'ros'
[0.563s] DEBUG:colcon.colcon_core.package_identification:Package 'src/eagle_msgs' with type 'ros.ament_cmake' and name 'eagle_msgs'
[0.563s] Level 1:colcon.colcon_core.package_identification:_identify(src/eagle_sim) by extensions ['ignore', 'ignore_ament_install']
[0.563s] Level 1:colcon.colcon_core.package_identification:_identify(src/eagle_sim) by extension 'ignore'
[0.564s] Level 1:colcon.colcon_core.package_identification:_identify(src/eagle_sim) by extension 'ignore_ament_install'
[0.564s] Level 1:colcon.colcon_core.package_identification:_identify(src/eagle_sim) by extensions ['colcon_pkg']
[0.564s] Level 1:colcon.colcon_core.package_identification:_identify(src/eagle_sim) by extension 'colcon_pkg'
[0.564s] Level 1:colcon.colcon_core.package_identification:_identify(src/eagle_sim) by extensions ['colcon_meta']
[0.564s] Level 1:colcon.colcon_core.package_identification:_identify(src/eagle_sim) by extension 'colcon_meta'
[0.564s] Level 1:colcon.colcon_core.package_identification:_identify(src/eagle_sim) by extensions ['ros']
[0.565s] Level 1:colcon.colcon_core.package_identification:_identify(src/eagle_sim) by extension 'ros'
[0.567s] DEBUG:colcon.colcon_core.package_identification:Package 'src/eagle_sim' with type 'ros.ament_python' and name 'eagle_sim'
[0.567s] Level 1:colcon.colcon_core.package_discovery:discover_packages(recursive) using defaults
[0.567s] Level 1:colcon.colcon_core.package_discovery:discover_packages(ignore) discover
[0.567s] Level 1:colcon.colcon_core.package_discovery:discover_packages(ignore) using defaults
[0.567s] Level 1:colcon.colcon_core.package_discovery:discover_packages(path) discover
[0.568s] Level 1:colcon.colcon_core.package_discovery:discover_packages(path) using defaults
[0.568s] WARNING:colcon.colcon_core.package_selection:ignoring unknown package 'eagle_msg' in --packages-select
[0.614s] INFO:colcon.colcon_core.package_selection:Skipping not selected package 'eagle_msgs' in 'src/eagle_msgs'
[0.615s] Level 5:colcon.colcon_core.verb:set package 'ctrl' build argument 'cmake_args' from command line to 'None'
[0.615s] Level 5:colcon.colcon_core.verb:set package 'ctrl' build argument 'cmake_target' from command line to 'None'
[0.615s] Level 5:colcon.colcon_core.verb:set package 'ctrl' build argument 'cmake_target_skip_unavailable' from command line to 'False'
[0.615s] Level 5:colcon.colcon_core.verb:set package 'ctrl' build argument 'cmake_clean_cache' from command line to 'False'
[0.616s] Level 5:colcon.colcon_core.verb:set package 'ctrl' build argument 'cmake_clean_first' from command line to 'False'
[0.616s] Level 5:colcon.colcon_core.verb:set package 'ctrl' build argument 'cmake_force_configure' from command line to 'False'
[0.616s] Level 5:colcon.colcon_core.verb:set package 'ctrl' build argument 'ament_cmake_args' from command line to 'None'
[0.616s] Level 5:colcon.colcon_core.verb:set package 'ctrl' build argument 'catkin_cmake_args' from command line to 'None'
[0.616s] Level 5:colcon.colcon_core.verb:set package 'ctrl' build argument 'catkin_skip_building_tests' from command line to 'False'
[0.616s] DEBUG:colcon.colcon_core.verb:Building package 'ctrl' with the following arguments: {'ament_cmake_args': None, 'build_base': '/home/eagle/ws/build/ctrl', 'catkin_cmake_args': None, 'catkin_skip_building_tests': False, 'cmake_args': None, 'cmake_clean_cache': False, 'cmake_clean_first': False, 'cmake_force_configure': False, 'cmake_target': None, 'cmake_target_skip_unavailable': False, 'install_base': '/home/eagle/ws/install/ctrl', 'merge_install': False, 'path': '/home/eagle/ws/src/ctrl', 'symlink_install': False, 'test_result_base': None}
[0.617s] Level 5:colcon.colcon_core.verb:set package 'eagle_sim' build argument 'cmake_args' from command line to 'None'
[0.617s] Level 5:colcon.colcon_core.verb:set package 'eagle_sim' build argument 'cmake_target' from command line to 'None'
[0.618s] Level 5:colcon.colcon_core.verb:set package 'eagle_sim' build argument 'cmake_target_skip_unavailable' from command line to 'False'
[0.618s] Level 5:colcon.colcon_core.verb:set package 'eagle_sim' build argument 'cmake_clean_cache' from command line to 'False'
[0.618s] Level 5:colcon.colcon_core.verb:set package 'eagle_sim' build argument 'cmake_clean_first' from command line to 'False'
[0.618s] Level 5:colcon.colcon_core.verb:set package 'eagle_sim' build argument 'cmake_force_configure' from command line to 'False'
[0.618s] Level 5:colcon.colcon_core.verb:set package 'eagle_sim' build argument 'ament_cmake_args' from command line to 'None'
[0.618s] Level 5:colcon.colcon_core.verb:set package 'eagle_sim' build argument 'catkin_cmake_args' from command line to 'None'
[0.618s] Level 5:colcon.colcon_core.verb:set package 'eagle_sim' build argument 'catkin_skip_building_tests' from command line to 'False'
[0.618s] DEBUG:colcon.colcon_core.verb:Building package 'eagle_sim' with the following arguments: {'ament_cmake_args': None, 'build_base': '/home/eagle/ws/build/eagle_sim', 'catkin_cmake_args': None, 'catkin_skip_building_tests': False, 'cmake_args': None, 'cmake_clean_cache': False, 'cmake_clean_first': False, 'cmake_force_configure': False, 'cmake_target': None, 'cmake_target_skip_unavailable': False, 'install_base': '/home/eagle/ws/install/eagle_sim', 'merge_install': False, 'path': '/home/eagle/ws/src/eagle_sim', 'symlink_install': False, 'test_result_base': None}
[0.619s] INFO:colcon.colcon_core.executor:Executing jobs using 'parallel' executor
[0.622s] DEBUG:colcon.colcon_parallel_executor.executor.parallel:run_until_complete
[0.623s] INFO:colcon.colcon_ros.task.ament_cmake.build:Building ROS package in '/home/eagle/ws/src/ctrl' with build type 'ament_cmake'
[0.624s] INFO:colcon.colcon_cmake.task.cmake.build:Building CMake package in '/home/eagle/ws/src/ctrl'
[0.630s] INFO:colcon.colcon_core.plugin_system:Skipping extension 'colcon_core.shell.bat': Not used on non-Windows systems
[0.631s] INFO:colcon.colcon_core.shell:Skip shell extension 'powershell' for command environment: Not usable outside of PowerShell
[0.631s] DEBUG:colcon.colcon_core.shell:Skip shell extension 'dsv' for command environment
[0.643s] INFO:colcon.colcon_ros.task.ament_python.build:Building ROS package in '/home/eagle/ws/src/eagle_sim' with build type 'ament_python'
[0.643s] Level 1:colcon.colcon_core.shell:create_environment_hook('eagle_sim', 'ament_prefix_path')
[0.644s] INFO:colcon.colcon_core.shell:Creating environment hook '/home/eagle/ws/install/eagle_sim/share/eagle_sim/hook/ament_prefix_path.ps1'
[0.646s] INFO:colcon.colcon_core.shell:Creating environment descriptor '/home/eagle/ws/install/eagle_sim/share/eagle_sim/hook/ament_prefix_path.dsv'
[0.648s] INFO:colcon.colcon_core.shell:Creating environment hook '/home/eagle/ws/install/eagle_sim/share/eagle_sim/hook/ament_prefix_path.sh'
[0.652s] INFO:colcon.colcon_core.shell:Skip shell extension 'powershell' for command environment: Not usable outside of PowerShell
[0.652s] DEBUG:colcon.colcon_core.shell:Skip shell extension 'dsv' for command environment
[0.674s] DEBUG:colcon.colcon_core.event_handler.log_command:Invoking command in '/home/eagle/ws/build/ctrl': CMAKE_PREFIX_PATH=/home/eagle/ws/install/eagle_msgs:/home/eagle/ws/install/ctrl:/home/eagle/ws/install/eagle_sim:/opt/ros/humble /usr/bin/cmake --build /home/eagle/ws/build/ctrl -- -j4 -l4
[1.202s] INFO:colcon.colcon_core.task.python.build:Building Python package in '/home/eagle/ws/src/eagle_sim'
[1.203s] INFO:colcon.colcon_core.shell:Skip shell extension 'powershell' for command environment: Not usable outside of PowerShell
[1.203s] DEBUG:colcon.colcon_core.shell:Skip shell extension 'dsv' for command environment
[1.217s] DEBUG:colcon.colcon_core.event_handler.log_command:Invoked command in '/home/eagle/ws/build/ctrl' returned '0': CMAKE_PREFIX_PATH=/home/eagle/ws/install/eagle_msgs:/home/eagle/ws/install/ctrl:/home/eagle/ws/install/eagle_sim:/opt/ros/humble /usr/bin/cmake --build /home/eagle/ws/build/ctrl -- -j4 -l4
[1.242s] DEBUG:colcon.colcon_core.event_handler.log_command:Invoking command in '/home/eagle/ws/build/ctrl': CMAKE_PREFIX_PATH=/home/eagle/ws/install/eagle_msgs:/home/eagle/ws/install/ctrl:/home/eagle/ws/install/eagle_sim:/opt/ros/humble /usr/bin/cmake --install /home/eagle/ws/build/ctrl
[1.267s] Level 1:colcon.colcon_core.environment:create_environment_scripts_only(ctrl)
[1.269s] DEBUG:colcon.colcon_core.event_handler.log_command:Invoked command in '/home/eagle/ws/build/ctrl' returned '0': CMAKE_PREFIX_PATH=/home/eagle/ws/install/eagle_msgs:/home/eagle/ws/install/ctrl:/home/eagle/ws/install/eagle_sim:/opt/ros/humble /usr/bin/cmake --install /home/eagle/ws/build/ctrl
[1.275s] Level 1:colcon.colcon_core.environment:checking '/home/eagle/ws/install/ctrl' for CMake module files
[1.276s] Level 1:colcon.colcon_core.environment:checking '/home/eagle/ws/install/ctrl' for CMake config files
[1.277s] Level 1:colcon.colcon_core.shell:create_environment_hook('ctrl', 'cmake_prefix_path')
[1.277s] INFO:colcon.colcon_core.shell:Creating environment hook '/home/eagle/ws/install/ctrl/share/ctrl/hook/cmake_prefix_path.ps1'
[1.279s] INFO:colcon.colcon_core.shell:Creating environment descriptor '/home/eagle/ws/install/ctrl/share/ctrl/hook/cmake_prefix_path.dsv'
[1.280s] INFO:colcon.colcon_core.shell:Creating environment hook '/home/eagle/ws/install/ctrl/share/ctrl/hook/cmake_prefix_path.sh'
[1.282s] Level 1:colcon.colcon_core.environment:checking '/home/eagle/ws/install/ctrl/lib'
[1.283s] Level 1:colcon.colcon_core.environment:checking '/home/eagle/ws/install/ctrl/bin'
[1.283s] Level 1:colcon.colcon_core.environment:checking '/home/eagle/ws/install/ctrl/lib/pkgconfig/ctrl.pc'
[1.284s] Level 1:colcon.colcon_core.environment:checking '/home/eagle/ws/install/ctrl/lib/python3.10/site-packages'
[1.285s] Level 1:colcon.colcon_core.environment:checking '/home/eagle/ws/install/ctrl/bin'
[1.286s] INFO:colcon.colcon_core.shell:Creating package script '/home/eagle/ws/install/ctrl/share/ctrl/package.ps1'
[1.290s] INFO:colcon.colcon_core.shell:Creating package descriptor '/home/eagle/ws/install/ctrl/share/ctrl/package.dsv'
[1.292s] INFO:colcon.colcon_core.shell:Creating package script '/home/eagle/ws/install/ctrl/share/ctrl/package.sh'
[1.294s] INFO:colcon.colcon_core.shell:Creating package script '/home/eagle/ws/install/ctrl/share/ctrl/package.bash'
[1.296s] INFO:colcon.colcon_core.shell:Creating package script '/home/eagle/ws/install/ctrl/share/ctrl/package.zsh'
[1.299s] Level 1:colcon.colcon_core.environment:create_file_with_runtime_dependencies(/home/eagle/ws/install/ctrl/share/colcon-core/packages/ctrl)
[1.301s] Level 1:colcon.colcon_core.environment:create_environment_scripts_only(ctrl)
[1.301s] Level 1:colcon.colcon_core.environment:checking '/home/eagle/ws/install/ctrl' for CMake module files
[1.303s] Level 1:colcon.colcon_core.environment:checking '/home/eagle/ws/install/ctrl' for CMake config files
[1.304s] Level 1:colcon.colcon_core.shell:create_environment_hook('ctrl', 'cmake_prefix_path')
[1.305s] INFO:colcon.colcon_core.shell:Creating environment hook '/home/eagle/ws/install/ctrl/share/ctrl/hook/cmake_prefix_path.ps1'
[1.307s] INFO:colcon.colcon_core.shell:Creating environment descriptor '/home/eagle/ws/install/ctrl/share/ctrl/hook/cmake_prefix_path.dsv'
[1.308s] INFO:colcon.colcon_core.shell:Creating environment hook '/home/eagle/ws/install/ctrl/share/ctrl/hook/cmake_prefix_path.sh'
[1.310s] Level 1:colcon.colcon_core.environment:checking '/home/eagle/ws/install/ctrl/lib'
[1.310s] Level 1:colcon.colcon_core.environment:checking '/home/eagle/ws/install/ctrl/bin'
[1.310s] Level 1:colcon.colcon_core.environment:checking '/home/eagle/ws/install/ctrl/lib/pkgconfig/ctrl.pc'
[1.311s] Level 1:colcon.colcon_core.environment:checking '/home/eagle/ws/install/ctrl/lib/python3.10/site-packages'
[1.313s] Level 1:colcon.colcon_core.environment:checking '/home/eagle/ws/install/ctrl/bin'
[1.314s] INFO:colcon.colcon_core.shell:Creating package script '/home/eagle/ws/install/ctrl/share/ctrl/package.ps1'
[1.316s] INFO:colcon.colcon_core.shell:Creating package descriptor '/home/eagle/ws/install/ctrl/share/ctrl/package.dsv'
[1.319s] INFO:colcon.colcon_core.shell:Creating package script '/home/eagle/ws/install/ctrl/share/ctrl/package.sh'
[1.321s] INFO:colcon.colcon_core.shell:Creating package script '/home/eagle/ws/install/ctrl/share/ctrl/package.bash'
[1.323s] INFO:colcon.colcon_core.shell:Creating package script '/home/eagle/ws/install/ctrl/share/ctrl/package.zsh'
[1.326s] Level 1:colcon.colcon_core.environment:create_file_with_runtime_dependencies(/home/eagle/ws/install/ctrl/share/colcon-core/packages/ctrl)
[1.975s] DEBUG:colcon.colcon_core.task.python.build:Available setuptools commands: alias, install_headers, setopt, bdist_rpm, easy_install, build_scripts, install_egg_info, upload_docs, bdist, build, rotate, install_data, install_scripts, clean, check, bdist_egg, test, build_clib, bdist_wheel, bdist_dumb, upload, install_lib, build_py, dist_info, saveopts, symlink_data, register, sdist, develop, egg_info, build_ext, install
[1.984s] DEBUG:colcon.colcon_core.event_handler.log_command:Invoking command in '/home/eagle/ws/src/eagle_sim': CMAKE_PREFIX_PATH=/home/eagle/ws/install/eagle_msgs:/home/eagle/ws/install/ctrl PYTHONPATH=/home/eagle/ws/build/eagle_sim/prefix_override:/usr/lib/python3/dist-packages/colcon_core/task/python/colcon_distutils_commands:/home/eagle/ws/install/eagle_sim/lib/python3.10/site-packages:${PYTHONPATH} /usr/bin/python3 -W ignore:setup.py install is deprecated -W ignore:easy_install command is deprecated setup.py egg_info --egg-base ../../build/eagle_sim build --build-base /home/eagle/ws/build/eagle_sim/build install --record /home/eagle/ws/build/eagle_sim/install.log --install-scripts $base/lib/eagle_sim --single-version-externally-managed install_data
[2.573s] Level 1:colcon.colcon_core.environment:checking '/home/eagle/ws/install/eagle_sim' for CMake module files
[2.574s] DEBUG:colcon.colcon_core.event_handler.log_command:Invoked command in '/home/eagle/ws/src/eagle_sim' returned '0': CMAKE_PREFIX_PATH=/home/eagle/ws/install/eagle_msgs:/home/eagle/ws/install/ctrl PYTHONPATH=/home/eagle/ws/build/eagle_sim/prefix_override:/usr/lib/python3/dist-packages/colcon_core/task/python/colcon_distutils_commands:/home/eagle/ws/install/eagle_sim/lib/python3.10/site-packages:${PYTHONPATH} /usr/bin/python3 -W ignore:setup.py install is deprecated -W ignore:easy_install command is deprecated setup.py egg_info --egg-base ../../build/eagle_sim build --build-base /home/eagle/ws/build/eagle_sim/build install --record /home/eagle/ws/build/eagle_sim/install.log --install-scripts $base/lib/eagle_sim --single-version-externally-managed install_data
[2.576s] Level 1:colcon.colcon_core.environment:checking '/home/eagle/ws/install/eagle_sim' for CMake config files
[2.578s] Level 1:colcon.colcon_core.environment:checking '/home/eagle/ws/install/eagle_sim/lib'
[2.578s] Level 1:colcon.colcon_core.environment:checking '/home/eagle/ws/install/eagle_sim/bin'
[2.578s] Level 1:colcon.colcon_core.environment:checking '/home/eagle/ws/install/eagle_sim/lib/pkgconfig/eagle_sim.pc'
[2.579s] Level 1:colcon.colcon_core.environment:checking '/home/eagle/ws/install/eagle_sim/lib/python3.10/site-packages'
[2.580s] Level 1:colcon.colcon_core.shell:create_environment_hook('eagle_sim', 'pythonpath')
[2.580s] INFO:colcon.colcon_core.shell:Creating environment hook '/home/eagle/ws/install/eagle_sim/share/eagle_sim/hook/pythonpath.ps1'
[2.582s] INFO:colcon.colcon_core.shell:Creating environment descriptor '/home/eagle/ws/install/eagle_sim/share/eagle_sim/hook/pythonpath.dsv'
[2.584s] INFO:colcon.colcon_core.shell:Creating environment hook '/home/eagle/ws/install/eagle_sim/share/eagle_sim/hook/pythonpath.sh'
[2.586s] Level 1:colcon.colcon_core.environment:checking '/home/eagle/ws/install/eagle_sim/bin'
[2.587s] Level 1:colcon.colcon_core.environment:create_environment_scripts_only(eagle_sim)
[2.588s] INFO:colcon.colcon_core.shell:Creating package script '/home/eagle/ws/install/eagle_sim/share/eagle_sim/package.ps1'
[2.589s] INFO:colcon.colcon_core.shell:Creating package descriptor '/home/eagle/ws/install/eagle_sim/share/eagle_sim/package.dsv'
[2.591s] INFO:colcon.colcon_core.shell:Creating package script '/home/eagle/ws/install/eagle_sim/share/eagle_sim/package.sh'
[2.592s] INFO:colcon.colcon_core.shell:Creating package script '/home/eagle/ws/install/eagle_sim/share/eagle_sim/package.bash'
[2.594s] INFO:colcon.colcon_core.shell:Creating package script '/home/eagle/ws/install/eagle_sim/share/eagle_sim/package.zsh'
[2.595s] Level 1:colcon.colcon_core.environment:create_file_with_runtime_dependencies(/home/eagle/ws/install/eagle_sim/share/colcon-core/packages/eagle_sim)
[2.596s] DEBUG:colcon.colcon_parallel_executor.executor.parallel:closing loop
[2.597s] DEBUG:colcon.colcon_parallel_executor.executor.parallel:loop closed
[2.597s] DEBUG:colcon.colcon_parallel_executor.executor.parallel:run_until_complete finished with '0'
[2.598s] DEBUG:colcon.colcon_core.event_reactor:joining thread
[2.633s] INFO:colcon.colcon_core.plugin_system:Skipping extension 'colcon_notification.desktop_notification.notify_send': Could not find 'notify-send'
[2.634s] INFO:colcon.colcon_core.plugin_system:Skipping extension 'colcon_notification.desktop_notification.terminal_notifier': Not used on non-Darwin systems
[2.634s] INFO:colcon.colcon_core.plugin_system:Skipping extension 'colcon_notification.desktop_notification.win32': Not used on non-Windows systems
[2.634s] INFO:colcon.colcon_notification.desktop_notification:Sending desktop notification using 'notify2'
[2.642s] DEBUG:colcon.colcon_notification.desktop_notification.notify2:Failed to initialize notify2: org.freedesktop.DBus.Error.Spawn.ExecFailed: /usr/bin/dbus-launch terminated abnormally without any error message
[2.643s] DEBUG:colcon.colcon_core.event_reactor:joined thread
[2.645s] INFO:colcon.colcon_core.shell:Creating prefix script '/home/eagle/ws/install/local_setup.ps1'
[2.649s] INFO:colcon.colcon_core.shell:Creating prefix util module '/home/eagle/ws/install/_local_setup_util_ps1.py'
[2.654s] INFO:colcon.colcon_core.shell:Creating prefix chain script '/home/eagle/ws/install/setup.ps1'
[2.658s] INFO:colcon.colcon_core.shell:Creating prefix script '/home/eagle/ws/install/local_setup.sh'
[2.660s] INFO:colcon.colcon_core.shell:Creating prefix util module '/home/eagle/ws/install/_local_setup_util_sh.py'
[2.663s] INFO:colcon.colcon_core.shell:Creating prefix chain script '/home/eagle/ws/install/setup.sh'
[2.667s] INFO:colcon.colcon_core.shell:Creating prefix script '/home/eagle/ws/install/local_setup.bash'
[2.668s] INFO:colcon.colcon_core.shell:Creating prefix chain script '/home/eagle/ws/install/setup.bash'
[2.672s] INFO:colcon.colcon_core.shell:Creating prefix script '/home/eagle/ws/install/local_setup.zsh'
[2.673s] INFO:colcon.colcon_core.shell:Creating prefix chain script '/home/eagle/ws/install/setup.zsh'
