[0.037s] Invoking command in '/home/eagle/ws/build/eagle_msgs': CMAKE_PREFIX_PATH=${CMAKE_PREFIX_PATH}:/home/eagle/ws/install/eagle_sim:/opt/ros/humble /usr/bin/cmake --build /home/eagle/ws/build/eagle_msgs -- -j4 -l4
[0.376s] [  2%] Built target eagle_msgs__rs
[0.383s] [  5%] Built target eagle_msgs__cpp
[0.427s] [ 15%] Built target eagle_msgs__rosidl_generator_c
[0.447s] [ 15%] Built target ament_cmake_python_copy_eagle_msgs
[0.508s] [ 25%] Built target eagle_msgs__rosidl_typesupport_introspection_cpp
[0.510s] [ 35%] Built target eagle_msgs__rosidl_typesupport_cpp
[0.512s] [ 45%] Built target eagle_msgs__rosidl_typesupport_fastrtps_c
[0.517s] [ 55%] Built target eagle_msgs__rosidl_typesupport_fastrtps_cpp
[0.570s] [ 65%] Built target eagle_msgs__rosidl_typesupport_introspection_c
[0.580s] [ 75%] Built target eagle_msgs__rosidl_typesupport_c
[0.633s] [ 75%] Built target eagle_msgs
[0.682s] [ 77%] Built target eagle_msgs__py
[0.743s] [ 85%] Built target eagle_msgs__rosidl_generator_py
[0.806s] [ 90%] Built target eagle_msgs__rosidl_typesupport_c__pyext
[0.808s] [ 95%] Built target eagle_msgs__rosidl_typesupport_introspection_c__pyext
[0.811s] [100%] Built target eagle_msgs__rosidl_typesupport_fastrtps_c__pyext
[1.090s] running egg_info
[1.093s] writing eagle_msgs.egg-info/PKG-INFO
[1.093s] writing dependency_links to eagle_msgs.egg-info/dependency_links.txt
[1.093s] writing top-level names to eagle_msgs.egg-info/top_level.txt
[1.102s] reading manifest file 'eagle_msgs.egg-info/SOURCES.txt'
[1.106s] writing manifest file 'eagle_msgs.egg-info/SOURCES.txt'
[1.163s] [100%] Built target ament_cmake_python_build_eagle_msgs_egg
[1.186s] Invoked command in '/home/eagle/ws/build/eagle_msgs' returned '0': CMAKE_PREFIX_PATH=${CMAKE_PREFIX_PATH}:/home/eagle/ws/install/eagle_sim:/opt/ros/humble /usr/bin/cmake --build /home/eagle/ws/build/eagle_msgs -- -j4 -l4
[1.207s] Invoking command in '/home/eagle/ws/build/eagle_msgs': CMAKE_PREFIX_PATH=${CMAKE_PREFIX_PATH}:/home/eagle/ws/install/eagle_sim:/opt/ros/humble /usr/bin/cmake --install /home/eagle/ws/build/eagle_msgs
[1.230s] -- Install configuration: ""
[1.230s] -- Up-to-date: /home/eagle/ws/install/eagle_msgs/share/ament_index/resource_index/rosidl_interfaces/eagle_msgs
[1.231s] -- Up-to-date: /home/eagle/ws/install/eagle_msgs/include/eagle_msgs/eagle_msgs
[1.231s] -- Up-to-date: /home/eagle/ws/install/eagle_msgs/include/eagle_msgs/eagle_msgs/msg
[1.232s] -- Up-to-date: /home/eagle/ws/install/eagle_msgs/include/eagle_msgs/eagle_msgs/msg/rosidl_generator_c__visibility_control.h
[1.232s] -- Up-to-date: /home/eagle/ws/install/eagle_msgs/include/eagle_msgs/eagle_msgs/msg/cone.h
[1.232s] -- Up-to-date: /home/eagle/ws/install/eagle_msgs/include/eagle_msgs/eagle_msgs/msg/detail
[1.232s] -- Up-to-date: /home/eagle/ws/install/eagle_msgs/include/eagle_msgs/eagle_msgs/msg/detail/cone_array__type_support.h
[1.235s] -- Up-to-date: /home/eagle/ws/install/eagle_msgs/include/eagle_msgs/eagle_msgs/msg/detail/cone__functions.c
[1.236s] -- Up-to-date: /home/eagle/ws/install/eagle_msgs/include/eagle_msgs/eagle_msgs/msg/detail/cone_array__functions.c
[1.236s] -- Up-to-date: /home/eagle/ws/install/eagle_msgs/include/eagle_msgs/eagle_msgs/msg/detail/cone_array__functions.h
[1.236s] -- Up-to-date: /home/eagle/ws/install/eagle_msgs/include/eagle_msgs/eagle_msgs/msg/detail/cone__type_support.h
[1.236s] -- Up-to-date: /home/eagle/ws/install/eagle_msgs/include/eagle_msgs/eagle_msgs/msg/detail/cone__functions.h
[1.237s] -- Up-to-date: /home/eagle/ws/install/eagle_msgs/include/eagle_msgs/eagle_msgs/msg/detail/cone_array__struct.h
[1.237s] -- Up-to-date: /home/eagle/ws/install/eagle_msgs/include/eagle_msgs/eagle_msgs/msg/detail/cone__struct.h
[1.237s] -- Up-to-date: /home/eagle/ws/install/eagle_msgs/include/eagle_msgs/eagle_msgs/msg/cone_array.h
[1.239s] -- Up-to-date: /home/eagle/ws/install/eagle_msgs/share/eagle_msgs/environment/library_path.sh
[1.239s] -- Up-to-date: /home/eagle/ws/install/eagle_msgs/share/eagle_msgs/environment/library_path.dsv
[1.240s] -- Up-to-date: /home/eagle/ws/install/eagle_msgs/lib/libeagle_msgs__rosidl_generator_c.so
[1.240s] -- Up-to-date: /home/eagle/ws/install/eagle_msgs/include/eagle_msgs/eagle_msgs
[1.241s] -- Up-to-date: /home/eagle/ws/install/eagle_msgs/include/eagle_msgs/eagle_msgs/msg
[1.241s] -- Up-to-date: /home/eagle/ws/install/eagle_msgs/include/eagle_msgs/eagle_msgs/msg/rosidl_typesupport_fastrtps_c__visibility_control.h
[1.241s] -- Up-to-date: /home/eagle/ws/install/eagle_msgs/include/eagle_msgs/eagle_msgs/msg/detail
[1.241s] -- Up-to-date: /home/eagle/ws/install/eagle_msgs/include/eagle_msgs/eagle_msgs/msg/detail/cone_array__rosidl_typesupport_fastrtps_c.h
[1.242s] -- Up-to-date: /home/eagle/ws/install/eagle_msgs/include/eagle_msgs/eagle_msgs/msg/detail/cone__rosidl_typesupport_fastrtps_c.h
[1.242s] -- Up-to-date: /home/eagle/ws/install/eagle_msgs/lib/libeagle_msgs__rosidl_typesupport_fastrtps_c.so
[1.242s] -- Up-to-date: /home/eagle/ws/install/eagle_msgs/include/eagle_msgs/eagle_msgs
[1.242s] -- Up-to-date: /home/eagle/ws/install/eagle_msgs/include/eagle_msgs/eagle_msgs/msg
[1.243s] -- Up-to-date: /home/eagle/ws/install/eagle_msgs/include/eagle_msgs/eagle_msgs/msg/rosidl_typesupport_introspection_c__visibility_control.h
[1.243s] -- Up-to-date: /home/eagle/ws/install/eagle_msgs/include/eagle_msgs/eagle_msgs/msg/detail
[1.243s] -- Up-to-date: /home/eagle/ws/install/eagle_msgs/include/eagle_msgs/eagle_msgs/msg/detail/cone_array__type_support.c
[1.244s] -- Up-to-date: /home/eagle/ws/install/eagle_msgs/include/eagle_msgs/eagle_msgs/msg/detail/cone__rosidl_typesupport_introspection_c.h
[1.244s] -- Up-to-date: /home/eagle/ws/install/eagle_msgs/include/eagle_msgs/eagle_msgs/msg/detail/cone_array__rosidl_typesupport_introspection_c.h
[1.244s] -- Up-to-date: /home/eagle/ws/install/eagle_msgs/include/eagle_msgs/eagle_msgs/msg/detail/cone__type_support.c
[1.245s] -- Up-to-date: /home/eagle/ws/install/eagle_msgs/lib/libeagle_msgs__rosidl_typesupport_introspection_c.so
[1.245s] -- Up-to-date: /home/eagle/ws/install/eagle_msgs/lib/libeagle_msgs__rosidl_typesupport_c.so
[1.245s] -- Up-to-date: /home/eagle/ws/install/eagle_msgs/include/eagle_msgs/eagle_msgs
[1.245s] -- Up-to-date: /home/eagle/ws/install/eagle_msgs/include/eagle_msgs/eagle_msgs/msg
[1.246s] -- Up-to-date: /home/eagle/ws/install/eagle_msgs/include/eagle_msgs/eagle_msgs/msg/cone_array.hpp
[1.246s] -- Up-to-date: /home/eagle/ws/install/eagle_msgs/include/eagle_msgs/eagle_msgs/msg/rosidl_generator_cpp__visibility_control.hpp
[1.246s] -- Up-to-date: /home/eagle/ws/install/eagle_msgs/include/eagle_msgs/eagle_msgs/msg/cone.hpp
[1.247s] -- Up-to-date: /home/eagle/ws/install/eagle_msgs/include/eagle_msgs/eagle_msgs/msg/detail
[1.247s] -- Up-to-date: /home/eagle/ws/install/eagle_msgs/include/eagle_msgs/eagle_msgs/msg/detail/cone_array__builder.hpp
[1.248s] -- Up-to-date: /home/eagle/ws/install/eagle_msgs/include/eagle_msgs/eagle_msgs/msg/detail/cone__builder.hpp
[1.248s] -- Up-to-date: /home/eagle/ws/install/eagle_msgs/include/eagle_msgs/eagle_msgs/msg/detail/cone__type_support.hpp
[1.248s] -- Up-to-date: /home/eagle/ws/install/eagle_msgs/include/eagle_msgs/eagle_msgs/msg/detail/cone__traits.hpp
[1.249s] -- Up-to-date: /home/eagle/ws/install/eagle_msgs/include/eagle_msgs/eagle_msgs/msg/detail/cone__struct.hpp
[1.249s] -- Up-to-date: /home/eagle/ws/install/eagle_msgs/include/eagle_msgs/eagle_msgs/msg/detail/cone_array__traits.hpp
[1.249s] -- Up-to-date: /home/eagle/ws/install/eagle_msgs/include/eagle_msgs/eagle_msgs/msg/detail/cone_array__type_support.hpp
[1.249s] -- Up-to-date: /home/eagle/ws/install/eagle_msgs/include/eagle_msgs/eagle_msgs/msg/detail/cone_array__struct.hpp
[1.250s] -- Up-to-date: /home/eagle/ws/install/eagle_msgs/include/eagle_msgs/eagle_msgs
[1.250s] -- Up-to-date: /home/eagle/ws/install/eagle_msgs/include/eagle_msgs/eagle_msgs/msg
[1.250s] -- Up-to-date: /home/eagle/ws/install/eagle_msgs/include/eagle_msgs/eagle_msgs/msg/rosidl_typesupport_fastrtps_cpp__visibility_control.h
[1.250s] -- Up-to-date: /home/eagle/ws/install/eagle_msgs/include/eagle_msgs/eagle_msgs/msg/detail
[1.251s] -- Up-to-date: /home/eagle/ws/install/eagle_msgs/include/eagle_msgs/eagle_msgs/msg/detail/cone_array__rosidl_typesupport_fastrtps_cpp.hpp
[1.251s] -- Up-to-date: /home/eagle/ws/install/eagle_msgs/include/eagle_msgs/eagle_msgs/msg/detail/cone__rosidl_typesupport_fastrtps_cpp.hpp
[1.251s] -- Up-to-date: /home/eagle/ws/install/eagle_msgs/include/eagle_msgs/eagle_msgs/msg/detail/dds_fastrtps
[1.251s] -- Up-to-date: /home/eagle/ws/install/eagle_msgs/lib/libeagle_msgs__rosidl_typesupport_fastrtps_cpp.so
[1.252s] -- Up-to-date: /home/eagle/ws/install/eagle_msgs/include/eagle_msgs/eagle_msgs
[1.252s] -- Up-to-date: /home/eagle/ws/install/eagle_msgs/include/eagle_msgs/eagle_msgs/msg
[1.252s] -- Up-to-date: /home/eagle/ws/install/eagle_msgs/include/eagle_msgs/eagle_msgs/msg/detail
[1.252s] -- Up-to-date: /home/eagle/ws/install/eagle_msgs/include/eagle_msgs/eagle_msgs/msg/detail/cone__type_support.cpp
[1.252s] -- Up-to-date: /home/eagle/ws/install/eagle_msgs/include/eagle_msgs/eagle_msgs/msg/detail/cone_array__rosidl_typesupport_introspection_cpp.hpp
[1.253s] -- Up-to-date: /home/eagle/ws/install/eagle_msgs/include/eagle_msgs/eagle_msgs/msg/detail/cone_array__type_support.cpp
[1.253s] -- Up-to-date: /home/eagle/ws/install/eagle_msgs/include/eagle_msgs/eagle_msgs/msg/detail/cone__rosidl_typesupport_introspection_cpp.hpp
[1.253s] -- Up-to-date: /home/eagle/ws/install/eagle_msgs/lib/libeagle_msgs__rosidl_typesupport_introspection_cpp.so
[1.253s] -- Up-to-date: /home/eagle/ws/install/eagle_msgs/lib/libeagle_msgs__rosidl_typesupport_cpp.so
[1.253s] -- Up-to-date: /home/eagle/ws/install/eagle_msgs/share/eagle_msgs/environment/pythonpath.sh
[1.254s] -- Up-to-date: /home/eagle/ws/install/eagle_msgs/share/eagle_msgs/environment/pythonpath.dsv
[1.254s] -- Up-to-date: /home/eagle/ws/install/eagle_msgs/local/lib/python3.10/dist-packages/eagle_msgs-0.1.0-py3.10.egg-info
[1.254s] -- Installing: /home/eagle/ws/install/eagle_msgs/local/lib/python3.10/dist-packages/eagle_msgs-0.1.0-py3.10.egg-info/top_level.txt
[1.254s] -- Installing: /home/eagle/ws/install/eagle_msgs/local/lib/python3.10/dist-packages/eagle_msgs-0.1.0-py3.10.egg-info/SOURCES.txt
[1.254s] -- Installing: /home/eagle/ws/install/eagle_msgs/local/lib/python3.10/dist-packages/eagle_msgs-0.1.0-py3.10.egg-info/dependency_links.txt
[1.255s] -- Installing: /home/eagle/ws/install/eagle_msgs/local/lib/python3.10/dist-packages/eagle_msgs-0.1.0-py3.10.egg-info/PKG-INFO
[1.255s] -- Up-to-date: /home/eagle/ws/install/eagle_msgs/local/lib/python3.10/dist-packages/eagle_msgs
[1.255s] -- Up-to-date: /home/eagle/ws/install/eagle_msgs/local/lib/python3.10/dist-packages/eagle_msgs/__init__.py
[1.255s] -- Up-to-date: /home/eagle/ws/install/eagle_msgs/local/lib/python3.10/dist-packages/eagle_msgs/_eagle_msgs_s.ep.rosidl_typesupport_introspection_c.c
[1.256s] -- Up-to-date: /home/eagle/ws/install/eagle_msgs/local/lib/python3.10/dist-packages/eagle_msgs/msg
[1.256s] -- Up-to-date: /home/eagle/ws/install/eagle_msgs/local/lib/python3.10/dist-packages/eagle_msgs/msg/__init__.py
[1.256s] -- Up-to-date: /home/eagle/ws/install/eagle_msgs/local/lib/python3.10/dist-packages/eagle_msgs/msg/_cone_array.py
[1.256s] -- Up-to-date: /home/eagle/ws/install/eagle_msgs/local/lib/python3.10/dist-packages/eagle_msgs/msg/_cone_s.c
[1.256s] -- Up-to-date: /home/eagle/ws/install/eagle_msgs/local/lib/python3.10/dist-packages/eagle_msgs/msg/_cone.py
[1.257s] -- Up-to-date: /home/eagle/ws/install/eagle_msgs/local/lib/python3.10/dist-packages/eagle_msgs/msg/_cone_array_s.c
[1.257s] -- Up-to-date: /home/eagle/ws/install/eagle_msgs/local/lib/python3.10/dist-packages/eagle_msgs/_eagle_msgs_s.ep.rosidl_typesupport_fastrtps_c.c
[1.257s] -- Up-to-date: /home/eagle/ws/install/eagle_msgs/local/lib/python3.10/dist-packages/eagle_msgs/eagle_msgs_s__rosidl_typesupport_fastrtps_c.cpython-310-x86_64-linux-gnu.so
[1.257s] -- Up-to-date: /home/eagle/ws/install/eagle_msgs/local/lib/python3.10/dist-packages/eagle_msgs/_eagle_msgs_s.ep.rosidl_typesupport_c.c
[1.258s] -- Up-to-date: /home/eagle/ws/install/eagle_msgs/local/lib/python3.10/dist-packages/eagle_msgs/eagle_msgs_s__rosidl_typesupport_introspection_c.cpython-310-x86_64-linux-gnu.so
[1.258s] -- Up-to-date: /home/eagle/ws/install/eagle_msgs/local/lib/python3.10/dist-packages/eagle_msgs/libeagle_msgs__rosidl_generator_py.so
[1.258s] -- Up-to-date: /home/eagle/ws/install/eagle_msgs/local/lib/python3.10/dist-packages/eagle_msgs/eagle_msgs_s__rosidl_typesupport_c.cpython-310-x86_64-linux-gnu.so
[1.346s] Listing '/home/eagle/ws/install/eagle_msgs/local/lib/python3.10/dist-packages/eagle_msgs'...
[1.346s] Listing '/home/eagle/ws/install/eagle_msgs/local/lib/python3.10/dist-packages/eagle_msgs/msg'...
[1.356s] -- Up-to-date: /home/eagle/ws/install/eagle_msgs/local/lib/python3.10/dist-packages/eagle_msgs/eagle_msgs_s__rosidl_typesupport_fastrtps_c.cpython-310-x86_64-linux-gnu.so
[1.357s] -- Up-to-date: /home/eagle/ws/install/eagle_msgs/local/lib/python3.10/dist-packages/eagle_msgs/eagle_msgs_s__rosidl_typesupport_introspection_c.cpython-310-x86_64-linux-gnu.so
[1.359s] -- Up-to-date: /home/eagle/ws/install/eagle_msgs/local/lib/python3.10/dist-packages/eagle_msgs/eagle_msgs_s__rosidl_typesupport_c.cpython-310-x86_64-linux-gnu.so
[1.359s] -- Up-to-date: /home/eagle/ws/install/eagle_msgs/lib/libeagle_msgs__rosidl_generator_py.so
[1.361s] -- Up-to-date: /home/eagle/ws/install/eagle_msgs/share/ament_index/resource_index/rust_packages/eagle_msgs
[1.361s] -- Up-to-date: /home/eagle/ws/install/eagle_msgs/share/eagle_msgs/rust
[1.362s] -- Up-to-date: /home/eagle/ws/install/eagle_msgs/share/eagle_msgs/rust/src
[1.363s] -- Up-to-date: /home/eagle/ws/install/eagle_msgs/share/eagle_msgs/rust/src/lib.rs
[1.363s] -- Up-to-date: /home/eagle/ws/install/eagle_msgs/share/eagle_msgs/rust/src/msg
[1.363s] -- Up-to-date: /home/eagle/ws/install/eagle_msgs/share/eagle_msgs/rust/src/msg/rmw.rs
[1.364s] -- Up-to-date: /home/eagle/ws/install/eagle_msgs/share/eagle_msgs/rust/src/msg.rs
[1.364s] -- Up-to-date: /home/eagle/ws/install/eagle_msgs/share/eagle_msgs/rust/build.rs
[1.365s] -- Up-to-date: /home/eagle/ws/install/eagle_msgs/share/eagle_msgs/rust/Cargo.toml
[1.365s] -- Up-to-date: /home/eagle/ws/install/eagle_msgs/share/eagle_msgs/msg/Cone.idl
[1.366s] -- Up-to-date: /home/eagle/ws/install/eagle_msgs/share/eagle_msgs/msg/ConeArray.idl
[1.366s] -- Up-to-date: /home/eagle/ws/install/eagle_msgs/share/eagle_msgs/msg/Cone.msg
[1.367s] -- Up-to-date: /home/eagle/ws/install/eagle_msgs/share/eagle_msgs/msg/ConeArray.msg
[1.368s] -- Up-to-date: /home/eagle/ws/install/eagle_msgs/share/ament_index/resource_index/package_run_dependencies/eagle_msgs
[1.368s] -- Up-to-date: /home/eagle/ws/install/eagle_msgs/share/ament_index/resource_index/parent_prefix_path/eagle_msgs
[1.369s] -- Up-to-date: /home/eagle/ws/install/eagle_msgs/share/eagle_msgs/environment/ament_prefix_path.sh
[1.369s] -- Up-to-date: /home/eagle/ws/install/eagle_msgs/share/eagle_msgs/environment/ament_prefix_path.dsv
[1.369s] -- Up-to-date: /home/eagle/ws/install/eagle_msgs/share/eagle_msgs/environment/path.sh
[1.370s] -- Up-to-date: /home/eagle/ws/install/eagle_msgs/share/eagle_msgs/environment/path.dsv
[1.370s] -- Up-to-date: /home/eagle/ws/install/eagle_msgs/share/eagle_msgs/local_setup.bash
[1.370s] -- Up-to-date: /home/eagle/ws/install/eagle_msgs/share/eagle_msgs/local_setup.sh
[1.370s] -- Up-to-date: /home/eagle/ws/install/eagle_msgs/share/eagle_msgs/local_setup.zsh
[1.371s] -- Up-to-date: /home/eagle/ws/install/eagle_msgs/share/eagle_msgs/local_setup.dsv
[1.371s] -- Installing: /home/eagle/ws/install/eagle_msgs/share/eagle_msgs/package.dsv
[1.371s] -- Up-to-date: /home/eagle/ws/install/eagle_msgs/share/ament_index/resource_index/packages/eagle_msgs
[1.372s] -- Up-to-date: /home/eagle/ws/install/eagle_msgs/share/eagle_msgs/cmake/export_eagle_msgs__rosidl_generator_cExport.cmake
[1.372s] -- Up-to-date: /home/eagle/ws/install/eagle_msgs/share/eagle_msgs/cmake/export_eagle_msgs__rosidl_generator_cExport-noconfig.cmake
[1.372s] -- Up-to-date: /home/eagle/ws/install/eagle_msgs/share/eagle_msgs/cmake/export_eagle_msgs__rosidl_typesupport_fastrtps_cExport.cmake
[1.372s] -- Up-to-date: /home/eagle/ws/install/eagle_msgs/share/eagle_msgs/cmake/export_eagle_msgs__rosidl_typesupport_fastrtps_cExport-noconfig.cmake
[1.373s] -- Up-to-date: /home/eagle/ws/install/eagle_msgs/share/eagle_msgs/cmake/eagle_msgs__rosidl_typesupport_introspection_cExport.cmake
[1.373s] -- Up-to-date: /home/eagle/ws/install/eagle_msgs/share/eagle_msgs/cmake/eagle_msgs__rosidl_typesupport_introspection_cExport-noconfig.cmake
[1.373s] -- Up-to-date: /home/eagle/ws/install/eagle_msgs/share/eagle_msgs/cmake/eagle_msgs__rosidl_typesupport_cExport.cmake
[1.374s] -- Up-to-date: /home/eagle/ws/install/eagle_msgs/share/eagle_msgs/cmake/eagle_msgs__rosidl_typesupport_cExport-noconfig.cmake
[1.376s] -- Up-to-date: /home/eagle/ws/install/eagle_msgs/share/eagle_msgs/cmake/export_eagle_msgs__rosidl_generator_cppExport.cmake
[1.377s] -- Up-to-date: /home/eagle/ws/install/eagle_msgs/share/eagle_msgs/cmake/export_eagle_msgs__rosidl_typesupport_fastrtps_cppExport.cmake
[1.377s] -- Up-to-date: /home/eagle/ws/install/eagle_msgs/share/eagle_msgs/cmake/export_eagle_msgs__rosidl_typesupport_fastrtps_cppExport-noconfig.cmake
[1.378s] -- Up-to-date: /home/eagle/ws/install/eagle_msgs/share/eagle_msgs/cmake/eagle_msgs__rosidl_typesupport_introspection_cppExport.cmake
[1.378s] -- Up-to-date: /home/eagle/ws/install/eagle_msgs/share/eagle_msgs/cmake/eagle_msgs__rosidl_typesupport_introspection_cppExport-noconfig.cmake
[1.378s] -- Up-to-date: /home/eagle/ws/install/eagle_msgs/share/eagle_msgs/cmake/eagle_msgs__rosidl_typesupport_cppExport.cmake
[1.379s] -- Up-to-date: /home/eagle/ws/install/eagle_msgs/share/eagle_msgs/cmake/eagle_msgs__rosidl_typesupport_cppExport-noconfig.cmake
[1.379s] -- Up-to-date: /home/eagle/ws/install/eagle_msgs/share/eagle_msgs/cmake/export_eagle_msgs__rosidl_generator_pyExport.cmake
[1.380s] -- Up-to-date: /home/eagle/ws/install/eagle_msgs/share/eagle_msgs/cmake/export_eagle_msgs__rosidl_generator_pyExport-noconfig.cmake
[1.380s] -- Up-to-date: /home/eagle/ws/install/eagle_msgs/share/eagle_msgs/cmake/rosidl_cmake-extras.cmake
[1.380s] -- Up-to-date: /home/eagle/ws/install/eagle_msgs/share/eagle_msgs/cmake/ament_cmake_export_dependencies-extras.cmake
[1.380s] -- Up-to-date: /home/eagle/ws/install/eagle_msgs/share/eagle_msgs/cmake/ament_cmake_export_include_directories-extras.cmake
[1.380s] -- Up-to-date: /home/eagle/ws/install/eagle_msgs/share/eagle_msgs/cmake/ament_cmake_export_libraries-extras.cmake
[1.381s] -- Up-to-date: /home/eagle/ws/install/eagle_msgs/share/eagle_msgs/cmake/ament_cmake_export_targets-extras.cmake
[1.381s] -- Up-to-date: /home/eagle/ws/install/eagle_msgs/share/eagle_msgs/cmake/rosidl_cmake_export_typesupport_targets-extras.cmake
[1.381s] -- Up-to-date: /home/eagle/ws/install/eagle_msgs/share/eagle_msgs/cmake/rosidl_cmake_export_typesupport_libraries-extras.cmake
[1.381s] -- Up-to-date: /home/eagle/ws/install/eagle_msgs/share/eagle_msgs/cmake/rosidl_cmake_aggregate_target-extras.cmake
[1.381s] -- Up-to-date: /home/eagle/ws/install/eagle_msgs/share/eagle_msgs/cmake/eagle_msgsConfig.cmake
[1.382s] -- Up-to-date: /home/eagle/ws/install/eagle_msgs/share/eagle_msgs/cmake/eagle_msgsConfig-version.cmake
[1.382s] -- Up-to-date: /home/eagle/ws/install/eagle_msgs/share/eagle_msgs/package.xml
[1.382s] Invoked command in '/home/eagle/ws/build/eagle_msgs' returned '0': CMAKE_PREFIX_PATH=${CMAKE_PREFIX_PATH}:/home/eagle/ws/install/eagle_sim:/opt/ros/humble /usr/bin/cmake --install /home/eagle/ws/build/eagle_msgs
