[1.337s] Invoking command in '/home/eagle/ws/src/eagle_sim': CMAKE_PREFIX_PATH=/home/eagle/ws/install/eagle_msgs:/home/eagle/ws/install/ctrl PYTHONPATH=/home/eagle/ws/build/eagle_sim/prefix_override:/usr/lib/python3/dist-packages/colcon_core/task/python/colcon_distutils_commands:/home/eagle/ws/install/eagle_sim/lib/python3.10/site-packages:${PYTHONPATH} /usr/bin/python3 -W ignore:setup.py install is deprecated -W ignore:easy_install command is deprecated setup.py egg_info --egg-base ../../build/eagle_sim build --build-base /home/eagle/ws/build/eagle_sim/build install --record /home/eagle/ws/build/eagle_sim/install.log --install-scripts $base/lib/eagle_sim --single-version-externally-managed install_data
[1.790s] running egg_info
[1.793s] writing ../../build/eagle_sim/eagle_sim.egg-info/PKG-INFO
[1.793s] writing dependency_links to ../../build/eagle_sim/eagle_sim.egg-info/dependency_links.txt
[1.794s] writing entry points to ../../build/eagle_sim/eagle_sim.egg-info/entry_points.txt
[1.794s] writing requirements to ../../build/eagle_sim/eagle_sim.egg-info/requires.txt
[1.795s] writing top-level names to ../../build/eagle_sim/eagle_sim.egg-info/top_level.txt
[1.800s] reading manifest file '../../build/eagle_sim/eagle_sim.egg-info/SOURCES.txt'
[1.804s] writing manifest file '../../build/eagle_sim/eagle_sim.egg-info/SOURCES.txt'
[1.804s] running build
[1.804s] running build_py
[1.806s] running install
[1.807s] running install_lib
[1.812s] running install_data
[1.812s] running install_egg_info
[1.818s] removing '/home/eagle/ws/install/eagle_sim/lib/python3.10/site-packages/eagle_sim-0.1.0-py3.10.egg-info' (and everything under it)
[1.820s] Copying ../../build/eagle_sim/eagle_sim.egg-info to /home/eagle/ws/install/eagle_sim/lib/python3.10/site-packages/eagle_sim-0.1.0-py3.10.egg-info
[1.823s] running install_scripts
[1.870s] Installing can_gateway script to /home/eagle/ws/install/eagle_sim/lib/eagle_sim
[1.870s] Installing fake_perception script to /home/eagle/ws/install/eagle_sim/lib/eagle_sim
[1.871s] Installing lateral_controller script to /home/eagle/ws/install/eagle_sim/lib/eagle_sim
[1.871s] Installing track_publisher script to /home/eagle/ws/install/eagle_sim/lib/eagle_sim
[1.871s] Installing vehicle_sim script to /home/eagle/ws/install/eagle_sim/lib/eagle_sim
[1.872s] writing list of installed files to '/home/eagle/ws/build/eagle_sim/install.log'
[1.927s] Invoked command in '/home/eagle/ws/src/eagle_sim' returned '0': CMAKE_PREFIX_PATH=/home/eagle/ws/install/eagle_msgs:/home/eagle/ws/install/ctrl PYTHONPATH=/home/eagle/ws/build/eagle_sim/prefix_override:/usr/lib/python3/dist-packages/colcon_core/task/python/colcon_distutils_commands:/home/eagle/ws/install/eagle_sim/lib/python3.10/site-packages:${PYTHONPATH} /usr/bin/python3 -W ignore:setup.py install is deprecated -W ignore:easy_install command is deprecated setup.py egg_info --egg-base ../../build/eagle_sim build --build-base /home/eagle/ws/build/eagle_sim/build install --record /home/eagle/ws/build/eagle_sim/install.log --install-scripts $base/lib/eagle_sim --single-version-externally-managed install_data
