-- The C compiler identification is GNU 11.4.0
-- The CXX compiler identification is GNU 11.4.0
-- Detecting C compiler ABI info
-- Detecting C compiler ABI info - done
-- Check for working C compiler: /usr/bin/cc - skipped
-- Detecting C compile features
-- Detecting C compile features - done
-- Detecting CXX compiler ABI info
-- Detecting CXX compiler ABI info - done
-- Check for working CXX compiler: /usr/bin/c++ - skipped
-- Detecting CXX compile features
-- Detecting CXX compile features - done
-- Found ament_cmake: 1.3.14 (/opt/ros/humble/share/ament_cmake/cmake)
-- Found Python3: /usr/bin/python3 (found version "3.10.12") found components: Interpreter 
-- Found rosidl_default_generators: 1.2.1 (/opt/ros/humble/share/rosidl_default_generators/cmake)
-- Using all available rosidl_typesupport_c: rosidl_typesupport_fastrtps_c;rosidl_typesupport_introspection_c
-- Found rosidl_adapter: 3.1.9 (/opt/ros/humble/share/rosidl_adapter/cmake)
-- Using all available rosidl_typesupport_cpp: rosidl_typesupport_fastrtps_cpp;rosidl_typesupport_introspection_cpp
-- Found std_msgs: 4.9.2 (/opt/ros/humble/share/std_msgs/cmake)
-- Found geometry_msgs: 4.9.2 (/opt/ros/humble/share/geometry_msgs/cmake)
-- Found ament_cmake_ros: 0.10.0 (/opt/ros/humble/share/ament_cmake_ros/cmake)
-- Using all available rosidl_typesupport_c: rosidl_typesupport_fastrtps_c;rosidl_typesupport_introspection_c
-- Using all available rosidl_typesupport_cpp: rosidl_typesupport_fastrtps_cpp;rosidl_typesupport_introspection_cpp
-- Found PythonInterp: /usr/bin/python3 (found suitable version "3.10.12", minimum required is "3.6") 
-- Found python_cmake_module: 0.10.0 (/opt/ros/humble/share/python_cmake_module/cmake)
-- Found PythonLibs: /usr/lib/x86_64-linux-gnu/libpython3.10.so (found suitable version "3.10.12", minimum required is "3.5") 
-- Using PYTHON_EXECUTABLE: /usr/bin/python3
-- Using PYTHON_INCLUDE_DIRS: /usr/include/python3.10
-- Using PYTHON_LIBRARIES: /usr/lib/x86_64-linux-gnu/libpython3.10.so
-- Found PythonExtra: .so  
-- Configuring done
-- Generating done
-- Build files have been written to: /home/eagle/ws/build/eagle_msgs
[  2%] [34m[1mGenerating C code for ROS interfaces[0m
[  5%] [34m[1mGenerating Rust code for ROS interfaces[0m
[  7%] [34m[1mGenerating C++ code for ROS interfaces[0m
[  7%] Built target ament_cmake_python_copy_eagle_msgs
running egg_info
creating eagle_msgs.egg-info
writing eagle_msgs.egg-info/PKG-INFO
writing dependency_links to eagle_msgs.egg-info/dependency_links.txt
writing top-level names to eagle_msgs.egg-info/top_level.txt
writing manifest file 'eagle_msgs.egg-info/SOURCES.txt'
reading manifest file 'eagle_msgs.egg-info/SOURCES.txt'
writing manifest file 'eagle_msgs.egg-info/SOURCES.txt'
[  7%] Built target ament_cmake_python_build_eagle_msgs_egg
[  7%] Built target eagle_msgs__rs
[ 10%] [32mBuilding C object CMakeFiles/eagle_msgs__rosidl_generator_c.dir/rosidl_generator_c/eagle_msgs/msg/detail/cone__functions.c.o[0m
[ 12%] [32mBuilding C object CMakeFiles/eagle_msgs__rosidl_generator_c.dir/rosidl_generator_c/eagle_msgs/msg/detail/cone_array__functions.c.o[0m
[ 12%] Built target eagle_msgs__cpp
[ 17%] [34m[1mGenerating C++ type support for eProsima Fast-RTPS[0m
[ 17%] [34m[1mGenerating C++ introspection for ROS interfaces[0m
[ 20%] [32m[1mLinking C shared library libeagle_msgs__rosidl_generator_c.so[0m
[ 22%] [34m[1mGenerating C++ type support dispatch for ROS interfaces[0m
[ 22%] Built target eagle_msgs__rosidl_generator_c
[ 25%] [34m[1mGenerating C type support for eProsima Fast-RTPS[0m
[ 27%] [32mBuilding CXX object CMakeFiles/eagle_msgs__rosidl_typesupport_cpp.dir/rosidl_typesupport_cpp/eagle_msgs/msg/cone__type_support.cpp.o[0m
[ 30%] [32mBuilding CXX object CMakeFiles/eagle_msgs__rosidl_typesupport_introspection_cpp.dir/rosidl_typesupport_introspection_cpp/eagle_msgs/msg/detail/cone__type_support.cpp.o[0m
[ 32%] [32mBuilding CXX object CMakeFiles/eagle_msgs__rosidl_typesupport_fastrtps_cpp.dir/rosidl_typesupport_fastrtps_cpp/eagle_msgs/msg/detail/dds_fastrtps/cone__type_support.cpp.o[0m
[ 35%] [32mBuilding CXX object CMakeFiles/eagle_msgs__rosidl_typesupport_fastrtps_c.dir/rosidl_typesupport_fastrtps_c/eagle_msgs/msg/detail/cone__type_support_c.cpp.o[0m
[ 37%] [32mBuilding CXX object CMakeFiles/eagle_msgs__rosidl_typesupport_cpp.dir/rosidl_typesupport_cpp/eagle_msgs/msg/cone_array__type_support.cpp.o[0m
[ 40%] [32mBuilding CXX object CMakeFiles/eagle_msgs__rosidl_typesupport_fastrtps_cpp.dir/rosidl_typesupport_fastrtps_cpp/eagle_msgs/msg/detail/dds_fastrtps/cone_array__type_support.cpp.o[0m
[ 42%] [32mBuilding CXX object CMakeFiles/eagle_msgs__rosidl_typesupport_introspection_cpp.dir/rosidl_typesupport_introspection_cpp/eagle_msgs/msg/detail/cone_array__type_support.cpp.o[0m
[ 45%] [32mBuilding CXX object CMakeFiles/eagle_msgs__rosidl_typesupport_fastrtps_c.dir/rosidl_typesupport_fastrtps_c/eagle_msgs/msg/detail/cone_array__type_support_c.cpp.o[0m
[ 47%] [32m[1mLinking CXX shared library libeagle_msgs__rosidl_typesupport_cpp.so[0m
[ 47%] Built target eagle_msgs__rosidl_typesupport_cpp
[ 50%] [34m[1mGenerating C introspection for ROS interfaces[0m
[ 52%] [32m[1mLinking CXX shared library libeagle_msgs__rosidl_typesupport_introspection_cpp.so[0m
[ 55%] [32m[1mLinking CXX shared library libeagle_msgs__rosidl_typesupport_fastrtps_c.so[0m
[ 57%] [32m[1mLinking CXX shared library libeagle_msgs__rosidl_typesupport_fastrtps_cpp.so[0m
[ 57%] Built target eagle_msgs__rosidl_typesupport_introspection_cpp
[ 60%] [34m[1mGenerating C type support dispatch for ROS interfaces[0m
[ 60%] Built target eagle_msgs__rosidl_typesupport_fastrtps_c
[ 60%] Built target eagle_msgs__rosidl_typesupport_fastrtps_cpp
[ 65%] [32mBuilding C object CMakeFiles/eagle_msgs__rosidl_typesupport_introspection_c.dir/rosidl_typesupport_introspection_c/eagle_msgs/msg/detail/cone__type_support.c.o[0m
[ 65%] [32mBuilding C object CMakeFiles/eagle_msgs__rosidl_typesupport_introspection_c.dir/rosidl_typesupport_introspection_c/eagle_msgs/msg/detail/cone_array__type_support.c.o[0m
[ 67%] [32m[1mLinking C shared library libeagle_msgs__rosidl_typesupport_introspection_c.so[0m
[ 67%] Built target eagle_msgs__rosidl_typesupport_introspection_c
[ 72%] [32mBuilding CXX object CMakeFiles/eagle_msgs__rosidl_typesupport_c.dir/rosidl_typesupport_c/eagle_msgs/msg/cone__type_support.cpp.o[0m
[ 72%] [32mBuilding CXX object CMakeFiles/eagle_msgs__rosidl_typesupport_c.dir/rosidl_typesupport_c/eagle_msgs/msg/cone_array__type_support.cpp.o[0m
[ 75%] [32m[1mLinking CXX shared library libeagle_msgs__rosidl_typesupport_c.so[0m
[ 75%] Built target eagle_msgs__rosidl_typesupport_c
[ 75%] Built target eagle_msgs
[ 77%] [34m[1mGenerating Python code for ROS interfaces[0m
[ 77%] Built target eagle_msgs__py
[ 82%] [32mBuilding C object CMakeFiles/eagle_msgs__rosidl_generator_py.dir/rosidl_generator_py/eagle_msgs/msg/_cone_array_s.c.o[0m
[ 82%] [32mBuilding C object CMakeFiles/eagle_msgs__rosidl_generator_py.dir/rosidl_generator_py/eagle_msgs/msg/_cone_s.c.o[0m
[ 85%] [32m[1mLinking C shared library rosidl_generator_py/eagle_msgs/libeagle_msgs__rosidl_generator_py.so[0m
[ 85%] Built target eagle_msgs__rosidl_generator_py
[ 87%] [32mBuilding C object CMakeFiles/eagle_msgs__rosidl_typesupport_introspection_c__pyext.dir/rosidl_generator_py/eagle_msgs/_eagle_msgs_s.ep.rosidl_typesupport_introspection_c.c.o[0m
[ 90%] [32mBuilding C object CMakeFiles/eagle_msgs__rosidl_typesupport_fastrtps_c__pyext.dir/rosidl_generator_py/eagle_msgs/_eagle_msgs_s.ep.rosidl_typesupport_fastrtps_c.c.o[0m
[ 92%] [32mBuilding C object CMakeFiles/eagle_msgs__rosidl_typesupport_c__pyext.dir/rosidl_generator_py/eagle_msgs/_eagle_msgs_s.ep.rosidl_typesupport_c.c.o[0m
[ 95%] [32m[1mLinking C shared library rosidl_generator_py/eagle_msgs/eagle_msgs_s__rosidl_typesupport_fastrtps_c.cpython-310-x86_64-linux-gnu.so[0m
[ 97%] [32m[1mLinking C shared library rosidl_generator_py/eagle_msgs/eagle_msgs_s__rosidl_typesupport_introspection_c.cpython-310-x86_64-linux-gnu.so[0m
[100%] [32m[1mLinking C shared library rosidl_generator_py/eagle_msgs/eagle_msgs_s__rosidl_typesupport_c.cpython-310-x86_64-linux-gnu.so[0m
[100%] Built target eagle_msgs__rosidl_typesupport_introspection_c__pyext
[100%] Built target eagle_msgs__rosidl_typesupport_fastrtps_c__pyext
[100%] Built target eagle_msgs__rosidl_typesupport_c__pyext
-- Install configuration: ""
-- Installing: /home/eagle/ws/install/eagle_msgs/share/ament_index/resource_index/rosidl_interfaces/eagle_msgs
-- Installing: /home/eagle/ws/install/eagle_msgs/include/eagle_msgs/eagle_msgs
-- Installing: /home/eagle/ws/install/eagle_msgs/include/eagle_msgs/eagle_msgs/msg
-- Installing: /home/eagle/ws/install/eagle_msgs/include/eagle_msgs/eagle_msgs/msg/rosidl_generator_c__visibility_control.h
-- Installing: /home/eagle/ws/install/eagle_msgs/include/eagle_msgs/eagle_msgs/msg/cone.h
-- Installing: /home/eagle/ws/install/eagle_msgs/include/eagle_msgs/eagle_msgs/msg/detail
-- Installing: /home/eagle/ws/install/eagle_msgs/include/eagle_msgs/eagle_msgs/msg/detail/cone_array__type_support.h
-- Installing: /home/eagle/ws/install/eagle_msgs/include/eagle_msgs/eagle_msgs/msg/detail/cone__functions.c
-- Installing: /home/eagle/ws/install/eagle_msgs/include/eagle_msgs/eagle_msgs/msg/detail/cone_array__functions.c
-- Installing: /home/eagle/ws/install/eagle_msgs/include/eagle_msgs/eagle_msgs/msg/detail/cone_array__functions.h
-- Installing: /home/eagle/ws/install/eagle_msgs/include/eagle_msgs/eagle_msgs/msg/detail/cone__type_support.h
-- Installing: /home/eagle/ws/install/eagle_msgs/include/eagle_msgs/eagle_msgs/msg/detail/cone__functions.h
-- Installing: /home/eagle/ws/install/eagle_msgs/include/eagle_msgs/eagle_msgs/msg/detail/cone_array__struct.h
-- Installing: /home/eagle/ws/install/eagle_msgs/include/eagle_msgs/eagle_msgs/msg/detail/cone__struct.h
-- Installing: /home/eagle/ws/install/eagle_msgs/include/eagle_msgs/eagle_msgs/msg/cone_array.h
-- Installing: /home/eagle/ws/install/eagle_msgs/share/eagle_msgs/environment/library_path.sh
-- Installing: /home/eagle/ws/install/eagle_msgs/share/eagle_msgs/environment/library_path.dsv
-- Installing: /home/eagle/ws/install/eagle_msgs/lib/libeagle_msgs__rosidl_generator_c.so
-- Set runtime path of "/home/eagle/ws/install/eagle_msgs/lib/libeagle_msgs__rosidl_generator_c.so" to ""
-- Up-to-date: /home/eagle/ws/install/eagle_msgs/include/eagle_msgs/eagle_msgs
-- Up-to-date: /home/eagle/ws/install/eagle_msgs/include/eagle_msgs/eagle_msgs/msg
-- Installing: /home/eagle/ws/install/eagle_msgs/include/eagle_msgs/eagle_msgs/msg/rosidl_typesupport_fastrtps_c__visibility_control.h
-- Up-to-date: /home/eagle/ws/install/eagle_msgs/include/eagle_msgs/eagle_msgs/msg/detail
-- Installing: /home/eagle/ws/install/eagle_msgs/include/eagle_msgs/eagle_msgs/msg/detail/cone_array__rosidl_typesupport_fastrtps_c.h
-- Installing: /home/eagle/ws/install/eagle_msgs/include/eagle_msgs/eagle_msgs/msg/detail/cone__rosidl_typesupport_fastrtps_c.h
-- Installing: /home/eagle/ws/install/eagle_msgs/lib/libeagle_msgs__rosidl_typesupport_fastrtps_c.so
-- Set runtime path of "/home/eagle/ws/install/eagle_msgs/lib/libeagle_msgs__rosidl_typesupport_fastrtps_c.so" to ""
-- Up-to-date: /home/eagle/ws/install/eagle_msgs/include/eagle_msgs/eagle_msgs
-- Up-to-date: /home/eagle/ws/install/eagle_msgs/include/eagle_msgs/eagle_msgs/msg
-- Installing: /home/eagle/ws/install/eagle_msgs/include/eagle_msgs/eagle_msgs/msg/rosidl_typesupport_introspection_c__visibility_control.h
-- Up-to-date: /home/eagle/ws/install/eagle_msgs/include/eagle_msgs/eagle_msgs/msg/detail
-- Installing: /home/eagle/ws/install/eagle_msgs/include/eagle_msgs/eagle_msgs/msg/detail/cone_array__type_support.c
-- Installing: /home/eagle/ws/install/eagle_msgs/include/eagle_msgs/eagle_msgs/msg/detail/cone__rosidl_typesupport_introspection_c.h
-- Installing: /home/eagle/ws/install/eagle_msgs/include/eagle_msgs/eagle_msgs/msg/detail/cone_array__rosidl_typesupport_introspection_c.h
-- Installing: /home/eagle/ws/install/eagle_msgs/include/eagle_msgs/eagle_msgs/msg/detail/cone__type_support.c
-- Installing: /home/eagle/ws/install/eagle_msgs/lib/libeagle_msgs__rosidl_typesupport_introspection_c.so
-- Set runtime path of "/home/eagle/ws/install/eagle_msgs/lib/libeagle_msgs__rosidl_typesupport_introspection_c.so" to ""
-- Installing: /home/eagle/ws/install/eagle_msgs/lib/libeagle_msgs__rosidl_typesupport_c.so
-- Set runtime path of "/home/eagle/ws/install/eagle_msgs/lib/libeagle_msgs__rosidl_typesupport_c.so" to ""
-- Up-to-date: /home/eagle/ws/install/eagle_msgs/include/eagle_msgs/eagle_msgs
-- Up-to-date: /home/eagle/ws/install/eagle_msgs/include/eagle_msgs/eagle_msgs/msg
-- Installing: /home/eagle/ws/install/eagle_msgs/include/eagle_msgs/eagle_msgs/msg/cone_array.hpp
-- Installing: /home/eagle/ws/install/eagle_msgs/include/eagle_msgs/eagle_msgs/msg/rosidl_generator_cpp__visibility_control.hpp
-- Installing: /home/eagle/ws/install/eagle_msgs/include/eagle_msgs/eagle_msgs/msg/cone.hpp
-- Up-to-date: /home/eagle/ws/install/eagle_msgs/include/eagle_msgs/eagle_msgs/msg/detail
-- Installing: /home/eagle/ws/install/eagle_msgs/include/eagle_msgs/eagle_msgs/msg/detail/cone_array__builder.hpp
-- Installing: /home/eagle/ws/install/eagle_msgs/include/eagle_msgs/eagle_msgs/msg/detail/cone__builder.hpp
-- Installing: /home/eagle/ws/install/eagle_msgs/include/eagle_msgs/eagle_msgs/msg/detail/cone__type_support.hpp
-- Installing: /home/eagle/ws/install/eagle_msgs/include/eagle_msgs/eagle_msgs/msg/detail/cone__traits.hpp
-- Installing: /home/eagle/ws/install/eagle_msgs/include/eagle_msgs/eagle_msgs/msg/detail/cone__struct.hpp
-- Installing: /home/eagle/ws/install/eagle_msgs/include/eagle_msgs/eagle_msgs/msg/detail/cone_array__traits.hpp
-- Installing: /home/eagle/ws/install/eagle_msgs/include/eagle_msgs/eagle_msgs/msg/detail/cone_array__type_support.hpp
-- Installing: /home/eagle/ws/install/eagle_msgs/include/eagle_msgs/eagle_msgs/msg/detail/cone_array__struct.hpp
-- Up-to-date: /home/eagle/ws/install/eagle_msgs/include/eagle_msgs/eagle_msgs
-- Up-to-date: /home/eagle/ws/install/eagle_msgs/include/eagle_msgs/eagle_msgs/msg
-- Installing: /home/eagle/ws/install/eagle_msgs/include/eagle_msgs/eagle_msgs/msg/rosidl_typesupport_fastrtps_cpp__visibility_control.h
-- Up-to-date: /home/eagle/ws/install/eagle_msgs/include/eagle_msgs/eagle_msgs/msg/detail
-- Installing: /home/eagle/ws/install/eagle_msgs/include/eagle_msgs/eagle_msgs/msg/detail/cone_array__rosidl_typesupport_fastrtps_cpp.hpp
-- Installing: /home/eagle/ws/install/eagle_msgs/include/eagle_msgs/eagle_msgs/msg/detail/cone__rosidl_typesupport_fastrtps_cpp.hpp
-- Installing: /home/eagle/ws/install/eagle_msgs/include/eagle_msgs/eagle_msgs/msg/detail/dds_fastrtps
-- Installing: /home/eagle/ws/install/eagle_msgs/lib/libeagle_msgs__rosidl_typesupport_fastrtps_cpp.so
-- Set runtime path of "/home/eagle/ws/install/eagle_msgs/lib/libeagle_msgs__rosidl_typesupport_fastrtps_cpp.so" to ""
-- Up-to-date: /home/eagle/ws/install/eagle_msgs/include/eagle_msgs/eagle_msgs
-- Up-to-date: /home/eagle/ws/install/eagle_msgs/include/eagle_msgs/eagle_msgs/msg
-- Up-to-date: /home/eagle/ws/install/eagle_msgs/include/eagle_msgs/eagle_msgs/msg/detail
-- Installing: /home/eagle/ws/install/eagle_msgs/include/eagle_msgs/eagle_msgs/msg/detail/cone__type_support.cpp
-- Installing: /home/eagle/ws/install/eagle_msgs/include/eagle_msgs/eagle_msgs/msg/detail/cone_array__rosidl_typesupport_introspection_cpp.hpp
-- Installing: /home/eagle/ws/install/eagle_msgs/include/eagle_msgs/eagle_msgs/msg/detail/cone_array__type_support.cpp
-- Installing: /home/eagle/ws/install/eagle_msgs/include/eagle_msgs/eagle_msgs/msg/detail/cone__rosidl_typesupport_introspection_cpp.hpp
-- Installing: /home/eagle/ws/install/eagle_msgs/lib/libeagle_msgs__rosidl_typesupport_introspection_cpp.so
-- Set runtime path of "/home/eagle/ws/install/eagle_msgs/lib/libeagle_msgs__rosidl_typesupport_introspection_cpp.so" to ""
-- Installing: /home/eagle/ws/install/eagle_msgs/lib/libeagle_msgs__rosidl_typesupport_cpp.so
-- Set runtime path of "/home/eagle/ws/install/eagle_msgs/lib/libeagle_msgs__rosidl_typesupport_cpp.so" to ""
-- Installing: /home/eagle/ws/install/eagle_msgs/share/eagle_msgs/environment/pythonpath.sh
-- Installing: /home/eagle/ws/install/eagle_msgs/share/eagle_msgs/environment/pythonpath.dsv
-- Installing: /home/eagle/ws/install/eagle_msgs/local/lib/python3.10/dist-packages/eagle_msgs-0.1.0-py3.10.egg-info
-- Installing: /home/eagle/ws/install/eagle_msgs/local/lib/python3.10/dist-packages/eagle_msgs-0.1.0-py3.10.egg-info/top_level.txt
-- Installing: /home/eagle/ws/install/eagle_msgs/local/lib/python3.10/dist-packages/eagle_msgs-0.1.0-py3.10.egg-info/SOURCES.txt
-- Installing: /home/eagle/ws/install/eagle_msgs/local/lib/python3.10/dist-packages/eagle_msgs-0.1.0-py3.10.egg-info/dependency_links.txt
-- Installing: /home/eagle/ws/install/eagle_msgs/local/lib/python3.10/dist-packages/eagle_msgs-0.1.0-py3.10.egg-info/PKG-INFO
-- Installing: /home/eagle/ws/install/eagle_msgs/local/lib/python3.10/dist-packages/eagle_msgs
-- Installing: /home/eagle/ws/install/eagle_msgs/local/lib/python3.10/dist-packages/eagle_msgs/__init__.py
-- Installing: /home/eagle/ws/install/eagle_msgs/local/lib/python3.10/dist-packages/eagle_msgs/_eagle_msgs_s.ep.rosidl_typesupport_introspection_c.c
-- Installing: /home/eagle/ws/install/eagle_msgs/local/lib/python3.10/dist-packages/eagle_msgs/msg
-- Installing: /home/eagle/ws/install/eagle_msgs/local/lib/python3.10/dist-packages/eagle_msgs/msg/__init__.py
-- Installing: /home/eagle/ws/install/eagle_msgs/local/lib/python3.10/dist-packages/eagle_msgs/msg/_cone_array.py
-- Installing: /home/eagle/ws/install/eagle_msgs/local/lib/python3.10/dist-packages/eagle_msgs/msg/_cone_s.c
-- Installing: /home/eagle/ws/install/eagle_msgs/local/lib/python3.10/dist-packages/eagle_msgs/msg/_cone.py
-- Installing: /home/eagle/ws/install/eagle_msgs/local/lib/python3.10/dist-packages/eagle_msgs/msg/_cone_array_s.c
-- Installing: /home/eagle/ws/install/eagle_msgs/local/lib/python3.10/dist-packages/eagle_msgs/_eagle_msgs_s.ep.rosidl_typesupport_fastrtps_c.c
-- Installing: /home/eagle/ws/install/eagle_msgs/local/lib/python3.10/dist-packages/eagle_msgs/eagle_msgs_s__rosidl_typesupport_fastrtps_c.cpython-310-x86_64-linux-gnu.so
-- Installing: /home/eagle/ws/install/eagle_msgs/local/lib/python3.10/dist-packages/eagle_msgs/_eagle_msgs_s.ep.rosidl_typesupport_c.c
-- Installing: /home/eagle/ws/install/eagle_msgs/local/lib/python3.10/dist-packages/eagle_msgs/eagle_msgs_s__rosidl_typesupport_introspection_c.cpython-310-x86_64-linux-gnu.so
-- Installing: /home/eagle/ws/install/eagle_msgs/local/lib/python3.10/dist-packages/eagle_msgs/libeagle_msgs__rosidl_generator_py.so
-- Installing: /home/eagle/ws/install/eagle_msgs/local/lib/python3.10/dist-packages/eagle_msgs/eagle_msgs_s__rosidl_typesupport_c.cpython-310-x86_64-linux-gnu.so
Listing '/home/eagle/ws/install/eagle_msgs/local/lib/python3.10/dist-packages/eagle_msgs'...
Compiling '/home/eagle/ws/install/eagle_msgs/local/lib/python3.10/dist-packages/eagle_msgs/__init__.py'...
Listing '/home/eagle/ws/install/eagle_msgs/local/lib/python3.10/dist-packages/eagle_msgs/msg'...
Compiling '/home/eagle/ws/install/eagle_msgs/local/lib/python3.10/dist-packages/eagle_msgs/msg/__init__.py'...
Compiling '/home/eagle/ws/install/eagle_msgs/local/lib/python3.10/dist-packages/eagle_msgs/msg/_cone.py'...
Compiling '/home/eagle/ws/install/eagle_msgs/local/lib/python3.10/dist-packages/eagle_msgs/msg/_cone_array.py'...
-- Installing: /home/eagle/ws/install/eagle_msgs/local/lib/python3.10/dist-packages/eagle_msgs/eagle_msgs_s__rosidl_typesupport_fastrtps_c.cpython-310-x86_64-linux-gnu.so
-- Set runtime path of "/home/eagle/ws/install/eagle_msgs/local/lib/python3.10/dist-packages/eagle_msgs/eagle_msgs_s__rosidl_typesupport_fastrtps_c.cpython-310-x86_64-linux-gnu.so" to ""
-- Installing: /home/eagle/ws/install/eagle_msgs/local/lib/python3.10/dist-packages/eagle_msgs/eagle_msgs_s__rosidl_typesupport_introspection_c.cpython-310-x86_64-linux-gnu.so
-- Set runtime path of "/home/eagle/ws/install/eagle_msgs/local/lib/python3.10/dist-packages/eagle_msgs/eagle_msgs_s__rosidl_typesupport_introspection_c.cpython-310-x86_64-linux-gnu.so" to ""
-- Installing: /home/eagle/ws/install/eagle_msgs/local/lib/python3.10/dist-packages/eagle_msgs/eagle_msgs_s__rosidl_typesupport_c.cpython-310-x86_64-linux-gnu.so
-- Set runtime path of "/home/eagle/ws/install/eagle_msgs/local/lib/python3.10/dist-packages/eagle_msgs/eagle_msgs_s__rosidl_typesupport_c.cpython-310-x86_64-linux-gnu.so" to ""
-- Installing: /home/eagle/ws/install/eagle_msgs/lib/libeagle_msgs__rosidl_generator_py.so
-- Set runtime path of "/home/eagle/ws/install/eagle_msgs/lib/libeagle_msgs__rosidl_generator_py.so" to ""
-- Installing: /home/eagle/ws/install/eagle_msgs/share/ament_index/resource_index/rust_packages/eagle_msgs
-- Installing: /home/eagle/ws/install/eagle_msgs/share/eagle_msgs/rust
-- Installing: /home/eagle/ws/install/eagle_msgs/share/eagle_msgs/rust/src
-- Installing: /home/eagle/ws/install/eagle_msgs/share/eagle_msgs/rust/src/lib.rs
-- Installing: /home/eagle/ws/install/eagle_msgs/share/eagle_msgs/rust/src/msg
-- Installing: /home/eagle/ws/install/eagle_msgs/share/eagle_msgs/rust/src/msg/rmw.rs
-- Installing: /home/eagle/ws/install/eagle_msgs/share/eagle_msgs/rust/src/msg.rs
-- Installing: /home/eagle/ws/install/eagle_msgs/share/eagle_msgs/rust/build.rs
-- Installing: /home/eagle/ws/install/eagle_msgs/share/eagle_msgs/rust/Cargo.toml
-- Installing: /home/eagle/ws/install/eagle_msgs/share/eagle_msgs/msg/Cone.idl
-- Installing: /home/eagle/ws/install/eagle_msgs/share/eagle_msgs/msg/ConeArray.idl
-- Installing: /home/eagle/ws/install/eagle_msgs/share/eagle_msgs/msg/Cone.msg
-- Installing: /home/eagle/ws/install/eagle_msgs/share/eagle_msgs/msg/ConeArray.msg
-- Installing: /home/eagle/ws/install/eagle_msgs/share/ament_index/resource_index/package_run_dependencies/eagle_msgs
-- Installing: /home/eagle/ws/install/eagle_msgs/share/ament_index/resource_index/parent_prefix_path/eagle_msgs
-- Installing: /home/eagle/ws/install/eagle_msgs/share/eagle_msgs/environment/ament_prefix_path.sh
-- Installing: /home/eagle/ws/install/eagle_msgs/share/eagle_msgs/environment/ament_prefix_path.dsv
-- Installing: /home/eagle/ws/install/eagle_msgs/share/eagle_msgs/environment/path.sh
-- Installing: /home/eagle/ws/install/eagle_msgs/share/eagle_msgs/environment/path.dsv
-- Installing: /home/eagle/ws/install/eagle_msgs/share/eagle_msgs/local_setup.bash
-- Installing: /home/eagle/ws/install/eagle_msgs/share/eagle_msgs/local_setup.sh
-- Installing: /home/eagle/ws/install/eagle_msgs/share/eagle_msgs/local_setup.zsh
-- Installing: /home/eagle/ws/install/eagle_msgs/share/eagle_msgs/local_setup.dsv
-- Installing: /home/eagle/ws/install/eagle_msgs/share/eagle_msgs/package.dsv
-- Installing: /home/eagle/ws/install/eagle_msgs/share/ament_index/resource_index/packages/eagle_msgs
-- Installing: /home/eagle/ws/install/eagle_msgs/share/eagle_msgs/cmake/export_eagle_msgs__rosidl_generator_cExport.cmake
-- Installing: /home/eagle/ws/install/eagle_msgs/share/eagle_msgs/cmake/export_eagle_msgs__rosidl_generator_cExport-noconfig.cmake
-- Installing: /home/eagle/ws/install/eagle_msgs/share/eagle_msgs/cmake/export_eagle_msgs__rosidl_typesupport_fastrtps_cExport.cmake
-- Installing: /home/eagle/ws/install/eagle_msgs/share/eagle_msgs/cmake/export_eagle_msgs__rosidl_typesupport_fastrtps_cExport-noconfig.cmake
-- Installing: /home/eagle/ws/install/eagle_msgs/share/eagle_msgs/cmake/eagle_msgs__rosidl_typesupport_introspection_cExport.cmake
-- Installing: /home/eagle/ws/install/eagle_msgs/share/eagle_msgs/cmake/eagle_msgs__rosidl_typesupport_introspection_cExport-noconfig.cmake
-- Installing: /home/eagle/ws/install/eagle_msgs/share/eagle_msgs/cmake/eagle_msgs__rosidl_typesupport_cExport.cmake
-- Installing: /home/eagle/ws/install/eagle_msgs/share/eagle_msgs/cmake/eagle_msgs__rosidl_typesupport_cExport-noconfig.cmake
-- Installing: /home/eagle/ws/install/eagle_msgs/share/eagle_msgs/cmake/export_eagle_msgs__rosidl_generator_cppExport.cmake
-- Installing: /home/eagle/ws/install/eagle_msgs/share/eagle_msgs/cmake/export_eagle_msgs__rosidl_typesupport_fastrtps_cppExport.cmake
-- Installing: /home/eagle/ws/install/eagle_msgs/share/eagle_msgs/cmake/export_eagle_msgs__rosidl_typesupport_fastrtps_cppExport-noconfig.cmake
-- Installing: /home/eagle/ws/install/eagle_msgs/share/eagle_msgs/cmake/eagle_msgs__rosidl_typesupport_introspection_cppExport.cmake
-- Installing: /home/eagle/ws/install/eagle_msgs/share/eagle_msgs/cmake/eagle_msgs__rosidl_typesupport_introspection_cppExport-noconfig.cmake
-- Installing: /home/eagle/ws/install/eagle_msgs/share/eagle_msgs/cmake/eagle_msgs__rosidl_typesupport_cppExport.cmake
-- Installing: /home/eagle/ws/install/eagle_msgs/share/eagle_msgs/cmake/eagle_msgs__rosidl_typesupport_cppExport-noconfig.cmake
-- Installing: /home/eagle/ws/install/eagle_msgs/share/eagle_msgs/cmake/export_eagle_msgs__rosidl_generator_pyExport.cmake
-- Installing: /home/eagle/ws/install/eagle_msgs/share/eagle_msgs/cmake/export_eagle_msgs__rosidl_generator_pyExport-noconfig.cmake
-- Installing: /home/eagle/ws/install/eagle_msgs/share/eagle_msgs/cmake/rosidl_cmake-extras.cmake
-- Installing: /home/eagle/ws/install/eagle_msgs/share/eagle_msgs/cmake/ament_cmake_export_dependencies-extras.cmake
-- Installing: /home/eagle/ws/install/eagle_msgs/share/eagle_msgs/cmake/ament_cmake_export_include_directories-extras.cmake
-- Installing: /home/eagle/ws/install/eagle_msgs/share/eagle_msgs/cmake/ament_cmake_export_libraries-extras.cmake
-- Installing: /home/eagle/ws/install/eagle_msgs/share/eagle_msgs/cmake/ament_cmake_export_targets-extras.cmake
-- Installing: /home/eagle/ws/install/eagle_msgs/share/eagle_msgs/cmake/rosidl_cmake_export_typesupport_targets-extras.cmake
-- Installing: /home/eagle/ws/install/eagle_msgs/share/eagle_msgs/cmake/rosidl_cmake_export_typesupport_libraries-extras.cmake
-- Installing: /home/eagle/ws/install/eagle_msgs/share/eagle_msgs/cmake/rosidl_cmake_aggregate_target-extras.cmake
-- Installing: /home/eagle/ws/install/eagle_msgs/share/eagle_msgs/cmake/eagle_msgsConfig.cmake
-- Installing: /home/eagle/ws/install/eagle_msgs/share/eagle_msgs/cmake/eagle_msgsConfig-version.cmake
-- Installing: /home/eagle/ws/install/eagle_msgs/share/eagle_msgs/package.xml
