[0.258s] DEBUG:colcon:Command line arguments: ['/usr/bin/colcon', 'build', '--packages-up-to', 'ctrl']
[0.258s] DEBUG:colcon:Parsed command line arguments: Namespace(log_base=None, log_level=None, verb_name='build', build_base='build', install_base='install', merge_install=False, symlink_install=False, test_result_base=None, continue_on_error=False, executor='parallel', parallel_workers=4, event_handlers=None, ignore_user_meta=False, metas=['./colcon.meta'], base_paths=['.'], packages_ignore=None, packages_ignore_regex=None, paths=None, packages_up_to=['ctrl'], packages_up_to_regex=None, packages_above=None, packages_above_and_dependencies=None, packages_above_depth=None, packages_select_by_dep=None, packages_skip_by_dep=None, packages_skip_up_to=None, packages_select_build_failed=False, packages_skip_build_finished=False, packages_select_test_failures=False, packages_skip_test_passed=False, packages_select=None, packages_skip=None, packages_select_regex=None, packages_skip_regex=None, packages_start=None, packages_end=None, cmake_args=None, cmake_target=None, cmake_target_skip_unavailable=False, cmake_clean_cache=False, cmake_clean_first=False, cmake_force_configure=False, ament_cmake_args=None, catkin_cmake_args=None, catkin_skip_building_tests=False, mixin_files=None, mixin=None, verb_parser=<colcon_mixin.mixin.mixin_argument.MixinArgumentDecorator object at 0x7fca683cc0d0>, verb_extension=<colcon_core.verb.build.BuildVerb object at 0x7fca684b59f0>, main=<bound method BuildVerb.main of <colcon_core.verb.build.BuildVerb object at 0x7fca684b59f0>>, mixin_verb=('build',))
[0.670s] Level 1:colcon.colcon_core.package_discovery:discover_packages(colcon_meta) check parameters
[0.670s] Level 1:colcon.colcon_core.package_discovery:discover_packages(recursive) check parameters
[0.671s] Level 1:colcon.colcon_core.package_discovery:discover_packages(ignore) check parameters
[0.671s] Level 1:colcon.colcon_core.package_discovery:discover_packages(path) check parameters
[0.671s] Level 1:colcon.colcon_core.package_discovery:discover_packages(colcon_meta) discover
[0.671s] Level 1:colcon.colcon_core.package_discovery:discover_packages(recursive) discover
[0.671s] INFO:colcon.colcon_core.package_discovery:Crawling recursively for packages in '/home/eagle/ws'
[0.671s] Level 1:colcon.colcon_core.package_identification:_identify(.) by extensions ['ignore', 'ignore_ament_install']
[0.671s] Level 1:colcon.colcon_core.package_identification:_identify(.) by extension 'ignore'
[0.672s] Level 1:colcon.colcon_core.package_identification:_identify(.) by extension 'ignore_ament_install'
[0.672s] Level 1:colcon.colcon_core.package_identification:_identify(.) by extensions ['colcon_pkg']
[0.672s] Level 1:colcon.colcon_core.package_identification:_identify(.) by extension 'colcon_pkg'
[0.672s] Level 1:colcon.colcon_core.package_identification:_identify(.) by extensions ['colcon_meta']
[0.672s] Level 1:colcon.colcon_core.package_identification:_identify(.) by extension 'colcon_meta'
[0.672s] Level 1:colcon.colcon_core.package_identification:_identify(.) by extensions ['ros']
[0.672s] Level 1:colcon.colcon_core.package_identification:_identify(.) by extension 'ros'
[0.696s] Level 1:colcon.colcon_core.package_identification:_identify(.) by extensions ['cmake', 'python']
[0.696s] Level 1:colcon.colcon_core.package_identification:_identify(.) by extension 'cmake'
[0.696s] Level 1:colcon.colcon_core.package_identification:_identify(.) by extension 'python'
[0.696s] Level 1:colcon.colcon_core.package_identification:_identify(.) by extensions ['python_setup_py']
[0.696s] Level 1:colcon.colcon_core.package_identification:_identify(.) by extension 'python_setup_py'
[0.696s] Level 1:colcon.colcon_core.package_identification:_identify(build) by extensions ['ignore', 'ignore_ament_install']
[0.697s] Level 1:colcon.colcon_core.package_identification:_identify(build) by extension 'ignore'
[0.697s] Level 1:colcon.colcon_core.package_identification:_identify(build) ignored
[0.697s] Level 1:colcon.colcon_core.package_identification:_identify(can) by extensions ['ignore', 'ignore_ament_install']
[0.698s] Level 1:colcon.colcon_core.package_identification:_identify(can) by extension 'ignore'
[0.698s] Level 1:colcon.colcon_core.package_identification:_identify(can) by extension 'ignore_ament_install'
[0.698s] Level 1:colcon.colcon_core.package_identification:_identify(can) by extensions ['colcon_pkg']
[0.698s] Level 1:colcon.colcon_core.package_identification:_identify(can) by extension 'colcon_pkg'
[0.698s] Level 1:colcon.colcon_core.package_identification:_identify(can) by extensions ['colcon_meta']
[0.698s] Level 1:colcon.colcon_core.package_identification:_identify(can) by extension 'colcon_meta'
[0.698s] Level 1:colcon.colcon_core.package_identification:_identify(can) by extensions ['ros']
[0.698s] Level 1:colcon.colcon_core.package_identification:_identify(can) by extension 'ros'
[0.699s] Level 1:colcon.colcon_core.package_identification:_identify(can) by extensions ['cmake', 'python']
[0.699s] Level 1:colcon.colcon_core.package_identification:_identify(can) by extension 'cmake'
[0.699s] Level 1:colcon.colcon_core.package_identification:_identify(can) by extension 'python'
[0.699s] Level 1:colcon.colcon_core.package_identification:_identify(can) by extensions ['python_setup_py']
[0.699s] Level 1:colcon.colcon_core.package_identification:_identify(can) by extension 'python_setup_py'
[0.699s] Level 1:colcon.colcon_core.package_identification:_identify(docker) by extensions ['ignore', 'ignore_ament_install']
[0.700s] Level 1:colcon.colcon_core.package_identification:_identify(docker) by extension 'ignore'
[0.700s] Level 1:colcon.colcon_core.package_identification:_identify(docker) by extension 'ignore_ament_install'
[0.700s] Level 1:colcon.colcon_core.package_identification:_identify(docker) by extensions ['colcon_pkg']
[0.700s] Level 1:colcon.colcon_core.package_identification:_identify(docker) by extension 'colcon_pkg'
[0.700s] Level 1:colcon.colcon_core.package_identification:_identify(docker) by extensions ['colcon_meta']
[0.700s] Level 1:colcon.colcon_core.package_identification:_identify(docker) by extension 'colcon_meta'
[0.700s] Level 1:colcon.colcon_core.package_identification:_identify(docker) by extensions ['ros']
[0.700s] Level 1:colcon.colcon_core.package_identification:_identify(docker) by extension 'ros'
[0.701s] Level 1:colcon.colcon_core.package_identification:_identify(docker) by extensions ['cmake', 'python']
[0.701s] Level 1:colcon.colcon_core.package_identification:_identify(docker) by extension 'cmake'
[0.701s] Level 1:colcon.colcon_core.package_identification:_identify(docker) by extension 'python'
[0.701s] Level 1:colcon.colcon_core.package_identification:_identify(docker) by extensions ['python_setup_py']
[0.701s] Level 1:colcon.colcon_core.package_identification:_identify(docker) by extension 'python_setup_py'
[0.701s] Level 1:colcon.colcon_core.package_identification:_identify(install) by extensions ['ignore', 'ignore_ament_install']
[0.701s] Level 1:colcon.colcon_core.package_identification:_identify(install) by extension 'ignore'
[0.702s] Level 1:colcon.colcon_core.package_identification:_identify(install) ignored
[0.702s] Level 1:colcon.colcon_core.package_identification:_identify(log) by extensions ['ignore', 'ignore_ament_install']
[0.702s] Level 1:colcon.colcon_core.package_identification:_identify(log) by extension 'ignore'
[0.702s] Level 1:colcon.colcon_core.package_identification:_identify(log) ignored
[0.702s] Level 1:colcon.colcon_core.package_identification:_identify(src) by extensions ['ignore', 'ignore_ament_install']
[0.702s] Level 1:colcon.colcon_core.package_identification:_identify(src) by extension 'ignore'
[0.703s] Level 1:colcon.colcon_core.package_identification:_identify(src) by extension 'ignore_ament_install'
[0.703s] Level 1:colcon.colcon_core.package_identification:_identify(src) by extensions ['colcon_pkg']
[0.703s] Level 1:colcon.colcon_core.package_identification:_identify(src) by extension 'colcon_pkg'
[0.703s] Level 1:colcon.colcon_core.package_identification:_identify(src) by extensions ['colcon_meta']
[0.703s] Level 1:colcon.colcon_core.package_identification:_identify(src) by extension 'colcon_meta'
[0.703s] Level 1:colcon.colcon_core.package_identification:_identify(src) by extensions ['ros']
[0.703s] Level 1:colcon.colcon_core.package_identification:_identify(src) by extension 'ros'
[0.704s] Level 1:colcon.colcon_core.package_identification:_identify(src) by extensions ['cmake', 'python']
[0.704s] Level 1:colcon.colcon_core.package_identification:_identify(src) by extension 'cmake'
[0.704s] Level 1:colcon.colcon_core.package_identification:_identify(src) by extension 'python'
[0.704s] Level 1:colcon.colcon_core.package_identification:_identify(src) by extensions ['python_setup_py']
[0.704s] Level 1:colcon.colcon_core.package_identification:_identify(src) by extension 'python_setup_py'
[0.704s] Level 1:colcon.colcon_core.package_identification:_identify(src/ctrl) by extensions ['ignore', 'ignore_ament_install']
[0.704s] Level 1:colcon.colcon_core.package_identification:_identify(src/ctrl) by extension 'ignore'
[0.705s] Level 1:colcon.colcon_core.package_identification:_identify(src/ctrl) by extension 'ignore_ament_install'
[0.705s] Level 1:colcon.colcon_core.package_identification:_identify(src/ctrl) by extensions ['colcon_pkg']
[0.705s] Level 1:colcon.colcon_core.package_identification:_identify(src/ctrl) by extension 'colcon_pkg'
[0.705s] Level 1:colcon.colcon_core.package_identification:_identify(src/ctrl) by extensions ['colcon_meta']
[0.705s] Level 1:colcon.colcon_core.package_identification:_identify(src/ctrl) by extension 'colcon_meta'
[0.705s] Level 1:colcon.colcon_core.package_identification:_identify(src/ctrl) by extensions ['ros']
[0.705s] Level 1:colcon.colcon_core.package_identification:_identify(src/ctrl) by extension 'ros'
[0.712s] DEBUG:colcon.colcon_core.package_identification:Package 'src/ctrl' with type 'ros.ament_cmake' and name 'ctrl'
[0.712s] Level 1:colcon.colcon_core.package_identification:_identify(src/eagle_msgs) by extensions ['ignore', 'ignore_ament_install']
[0.713s] Level 1:colcon.colcon_core.package_identification:_identify(src/eagle_msgs) by extension 'ignore'
[0.713s] Level 1:colcon.colcon_core.package_identification:_identify(src/eagle_msgs) by extension 'ignore_ament_install'
[0.713s] Level 1:colcon.colcon_core.package_identification:_identify(src/eagle_msgs) by extensions ['colcon_pkg']
[0.713s] Level 1:colcon.colcon_core.package_identification:_identify(src/eagle_msgs) by extension 'colcon_pkg'
[0.713s] Level 1:colcon.colcon_core.package_identification:_identify(src/eagle_msgs) by extensions ['colcon_meta']
[0.713s] Level 1:colcon.colcon_core.package_identification:_identify(src/eagle_msgs) by extension 'colcon_meta'
[0.713s] Level 1:colcon.colcon_core.package_identification:_identify(src/eagle_msgs) by extensions ['ros']
[0.713s] Level 1:colcon.colcon_core.package_identification:_identify(src/eagle_msgs) by extension 'ros'
[0.715s] DEBUG:colcon.colcon_core.package_identification:Package 'src/eagle_msgs' with type 'ros.ament_cmake' and name 'eagle_msgs'
[0.715s] Level 1:colcon.colcon_core.package_identification:_identify(src/eagle_sim) by extensions ['ignore', 'ignore_ament_install']
[0.716s] Level 1:colcon.colcon_core.package_identification:_identify(src/eagle_sim) by extension 'ignore'
[0.716s] Level 1:colcon.colcon_core.package_identification:_identify(src/eagle_sim) by extension 'ignore_ament_install'
[0.716s] Level 1:colcon.colcon_core.package_identification:_identify(src/eagle_sim) by extensions ['colcon_pkg']
[0.716s] Level 1:colcon.colcon_core.package_identification:_identify(src/eagle_sim) by extension 'colcon_pkg'
[0.716s] Level 1:colcon.colcon_core.package_identification:_identify(src/eagle_sim) by extensions ['colcon_meta']
[0.716s] Level 1:colcon.colcon_core.package_identification:_identify(src/eagle_sim) by extension 'colcon_meta'
[0.716s] Level 1:colcon.colcon_core.package_identification:_identify(src/eagle_sim) by extensions ['ros']
[0.716s] Level 1:colcon.colcon_core.package_identification:_identify(src/eagle_sim) by extension 'ros'
[0.719s] DEBUG:colcon.colcon_core.package_identification:Package 'src/eagle_sim' with type 'ros.ament_python' and name 'eagle_sim'
[0.719s] Level 1:colcon.colcon_core.package_discovery:discover_packages(recursive) using defaults
[0.719s] Level 1:colcon.colcon_core.package_discovery:discover_packages(ignore) discover
[0.719s] Level 1:colcon.colcon_core.package_discovery:discover_packages(ignore) using defaults
[0.719s] Level 1:colcon.colcon_core.package_discovery:discover_packages(path) discover
[0.719s] Level 1:colcon.colcon_core.package_discovery:discover_packages(path) using defaults
[0.760s] INFO:colcon.colcon_core.package_selection:Skipping package 'eagle_sim' in 'src/eagle_sim'
[0.761s] Level 5:colcon.colcon_core.verb:set package 'eagle_msgs' build argument 'cmake_args' from command line to 'None'
[0.761s] Level 5:colcon.colcon_core.verb:set package 'eagle_msgs' build argument 'cmake_target' from command line to 'None'
[0.761s] Level 5:colcon.colcon_core.verb:set package 'eagle_msgs' build argument 'cmake_target_skip_unavailable' from command line to 'False'
[0.761s] Level 5:colcon.colcon_core.verb:set package 'eagle_msgs' build argument 'cmake_clean_cache' from command line to 'False'
[0.761s] Level 5:colcon.colcon_core.verb:set package 'eagle_msgs' build argument 'cmake_clean_first' from command line to 'False'
[0.761s] Level 5:colcon.colcon_core.verb:set package 'eagle_msgs' build argument 'cmake_force_configure' from command line to 'False'
[0.761s] Level 5:colcon.colcon_core.verb:set package 'eagle_msgs' build argument 'ament_cmake_args' from command line to 'None'
[0.761s] Level 5:colcon.colcon_core.verb:set package 'eagle_msgs' build argument 'catkin_cmake_args' from command line to 'None'
[0.761s] Level 5:colcon.colcon_core.verb:set package 'eagle_msgs' build argument 'catkin_skip_building_tests' from command line to 'False'
[0.761s] DEBUG:colcon.colcon_core.verb:Building package 'eagle_msgs' with the following arguments: {'ament_cmake_args': None, 'build_base': '/home/eagle/ws/build/eagle_msgs', 'catkin_cmake_args': None, 'catkin_skip_building_tests': False, 'cmake_args': None, 'cmake_clean_cache': False, 'cmake_clean_first': False, 'cmake_force_configure': False, 'cmake_target': None, 'cmake_target_skip_unavailable': False, 'install_base': '/home/eagle/ws/install/eagle_msgs', 'merge_install': False, 'path': '/home/eagle/ws/src/eagle_msgs', 'symlink_install': False, 'test_result_base': None}
[0.762s] Level 5:colcon.colcon_core.verb:set package 'ctrl' build argument 'cmake_args' from command line to 'None'
[0.762s] Level 5:colcon.colcon_core.verb:set package 'ctrl' build argument 'cmake_target' from command line to 'None'
[0.762s] Level 5:colcon.colcon_core.verb:set package 'ctrl' build argument 'cmake_target_skip_unavailable' from command line to 'False'
[0.763s] Level 5:colcon.colcon_core.verb:set package 'ctrl' build argument 'cmake_clean_cache' from command line to 'False'
[0.763s] Level 5:colcon.colcon_core.verb:set package 'ctrl' build argument 'cmake_clean_first' from command line to 'False'
[0.763s] Level 5:colcon.colcon_core.verb:set package 'ctrl' build argument 'cmake_force_configure' from command line to 'False'
[0.763s] Level 5:colcon.colcon_core.verb:set package 'ctrl' build argument 'ament_cmake_args' from command line to 'None'
[0.763s] Level 5:colcon.colcon_core.verb:set package 'ctrl' build argument 'catkin_cmake_args' from command line to 'None'
[0.763s] Level 5:colcon.colcon_core.verb:set package 'ctrl' build argument 'catkin_skip_building_tests' from command line to 'False'
[0.763s] DEBUG:colcon.colcon_core.verb:Building package 'ctrl' with the following arguments: {'ament_cmake_args': None, 'build_base': '/home/eagle/ws/build/ctrl', 'catkin_cmake_args': None, 'catkin_skip_building_tests': False, 'cmake_args': None, 'cmake_clean_cache': False, 'cmake_clean_first': False, 'cmake_force_configure': False, 'cmake_target': None, 'cmake_target_skip_unavailable': False, 'install_base': '/home/eagle/ws/install/ctrl', 'merge_install': False, 'path': '/home/eagle/ws/src/ctrl', 'symlink_install': False, 'test_result_base': None}
[0.763s] INFO:colcon.colcon_core.executor:Executing jobs using 'parallel' executor
[0.766s] DEBUG:colcon.colcon_parallel_executor.executor.parallel:run_until_complete
[0.766s] INFO:colcon.colcon_ros.task.ament_cmake.build:Building ROS package in '/home/eagle/ws/src/eagle_msgs' with build type 'ament_cmake'
[0.766s] INFO:colcon.colcon_cmake.task.cmake.build:Building CMake package in '/home/eagle/ws/src/eagle_msgs'
[0.773s] INFO:colcon.colcon_core.plugin_system:Skipping extension 'colcon_core.shell.bat': Not used on non-Windows systems
[0.773s] INFO:colcon.colcon_core.shell:Skip shell extension 'powershell' for command environment: Not usable outside of PowerShell
[0.773s] DEBUG:colcon.colcon_core.shell:Skip shell extension 'dsv' for command environment
[0.791s] DEBUG:colcon.colcon_core.event_handler.log_command:Invoking command in '/home/eagle/ws/build/eagle_msgs': CMAKE_PREFIX_PATH=/opt/ros/humble /usr/bin/cmake /home/eagle/ws/src/eagle_msgs -DCMAKE_INSTALL_PREFIX=/home/eagle/ws/install/eagle_msgs
[3.191s] DEBUG:colcon.colcon_core.event_handler.log_command:Invoked command in '/home/eagle/ws/build/eagle_msgs' returned '0': CMAKE_PREFIX_PATH=/opt/ros/humble /usr/bin/cmake /home/eagle/ws/src/eagle_msgs -DCMAKE_INSTALL_PREFIX=/home/eagle/ws/install/eagle_msgs
[3.195s] DEBUG:colcon.colcon_core.event_handler.log_command:Invoking command in '/home/eagle/ws/build/eagle_msgs': CMAKE_PREFIX_PATH=/opt/ros/humble /usr/bin/cmake --build /home/eagle/ws/build/eagle_msgs -- -j4 -l4
[10.014s] DEBUG:colcon.colcon_core.event_handler.log_command:Invoked command in '/home/eagle/ws/build/eagle_msgs' returned '0': CMAKE_PREFIX_PATH=/opt/ros/humble /usr/bin/cmake --build /home/eagle/ws/build/eagle_msgs -- -j4 -l4
[10.030s] DEBUG:colcon.colcon_core.event_handler.log_command:Invoking command in '/home/eagle/ws/build/eagle_msgs': CMAKE_PREFIX_PATH=/opt/ros/humble /usr/bin/cmake --install /home/eagle/ws/build/eagle_msgs
[10.221s] Level 1:colcon.colcon_core.environment:create_environment_scripts_only(eagle_msgs)
[10.222s] DEBUG:colcon.colcon_core.event_handler.log_command:Invoked command in '/home/eagle/ws/build/eagle_msgs' returned '0': CMAKE_PREFIX_PATH=/opt/ros/humble /usr/bin/cmake --install /home/eagle/ws/build/eagle_msgs
[10.231s] Level 1:colcon.colcon_core.environment:checking '/home/eagle/ws/install/eagle_msgs' for CMake module files
[10.234s] Level 1:colcon.colcon_core.environment:checking '/home/eagle/ws/install/eagle_msgs' for CMake config files
[10.235s] Level 1:colcon.colcon_core.shell:create_environment_hook('eagle_msgs', 'cmake_prefix_path')
[10.235s] INFO:colcon.colcon_core.shell:Creating environment hook '/home/eagle/ws/install/eagle_msgs/share/eagle_msgs/hook/cmake_prefix_path.ps1'
[10.237s] INFO:colcon.colcon_core.shell:Creating environment descriptor '/home/eagle/ws/install/eagle_msgs/share/eagle_msgs/hook/cmake_prefix_path.dsv'
[10.239s] INFO:colcon.colcon_core.shell:Creating environment hook '/home/eagle/ws/install/eagle_msgs/share/eagle_msgs/hook/cmake_prefix_path.sh'
[10.241s] Level 1:colcon.colcon_core.environment:checking '/home/eagle/ws/install/eagle_msgs/lib'
[10.241s] Level 1:colcon.colcon_core.shell:create_environment_hook('eagle_msgs', 'ld_library_path_lib')
[10.242s] INFO:colcon.colcon_core.shell:Creating environment hook '/home/eagle/ws/install/eagle_msgs/share/eagle_msgs/hook/ld_library_path_lib.ps1'
[10.243s] INFO:colcon.colcon_core.shell:Creating environment descriptor '/home/eagle/ws/install/eagle_msgs/share/eagle_msgs/hook/ld_library_path_lib.dsv'
[10.244s] INFO:colcon.colcon_core.shell:Creating environment hook '/home/eagle/ws/install/eagle_msgs/share/eagle_msgs/hook/ld_library_path_lib.sh'
[10.245s] Level 1:colcon.colcon_core.environment:checking '/home/eagle/ws/install/eagle_msgs/bin'
[10.245s] Level 1:colcon.colcon_core.environment:checking '/home/eagle/ws/install/eagle_msgs/lib/pkgconfig/eagle_msgs.pc'
[10.249s] Level 1:colcon.colcon_core.environment:checking '/home/eagle/ws/install/eagle_msgs/lib/python3.10/site-packages'
[10.250s] Level 1:colcon.colcon_core.environment:checking '/home/eagle/ws/install/eagle_msgs/bin'
[10.251s] INFO:colcon.colcon_core.shell:Creating package script '/home/eagle/ws/install/eagle_msgs/share/eagle_msgs/package.ps1'
[10.255s] INFO:colcon.colcon_core.shell:Creating package descriptor '/home/eagle/ws/install/eagle_msgs/share/eagle_msgs/package.dsv'
[10.257s] INFO:colcon.colcon_core.shell:Creating package script '/home/eagle/ws/install/eagle_msgs/share/eagle_msgs/package.sh'
[10.259s] INFO:colcon.colcon_core.shell:Creating package script '/home/eagle/ws/install/eagle_msgs/share/eagle_msgs/package.bash'
[10.262s] INFO:colcon.colcon_core.shell:Creating package script '/home/eagle/ws/install/eagle_msgs/share/eagle_msgs/package.zsh'
[10.264s] Level 1:colcon.colcon_core.environment:create_file_with_runtime_dependencies(/home/eagle/ws/install/eagle_msgs/share/colcon-core/packages/eagle_msgs)
[10.266s] Level 1:colcon.colcon_core.environment:create_environment_scripts_only(eagle_msgs)
[10.266s] Level 1:colcon.colcon_core.environment:checking '/home/eagle/ws/install/eagle_msgs' for CMake module files
[10.268s] Level 1:colcon.colcon_core.environment:checking '/home/eagle/ws/install/eagle_msgs' for CMake config files
[10.269s] Level 1:colcon.colcon_core.shell:create_environment_hook('eagle_msgs', 'cmake_prefix_path')
[10.270s] INFO:colcon.colcon_core.shell:Creating environment hook '/home/eagle/ws/install/eagle_msgs/share/eagle_msgs/hook/cmake_prefix_path.ps1'
[10.271s] INFO:colcon.colcon_core.shell:Creating environment descriptor '/home/eagle/ws/install/eagle_msgs/share/eagle_msgs/hook/cmake_prefix_path.dsv'
[10.271s] INFO:colcon.colcon_core.shell:Creating environment hook '/home/eagle/ws/install/eagle_msgs/share/eagle_msgs/hook/cmake_prefix_path.sh'
[10.273s] Level 1:colcon.colcon_core.environment:checking '/home/eagle/ws/install/eagle_msgs/lib'
[10.273s] Level 1:colcon.colcon_core.shell:create_environment_hook('eagle_msgs', 'ld_library_path_lib')
[10.274s] INFO:colcon.colcon_core.shell:Creating environment hook '/home/eagle/ws/install/eagle_msgs/share/eagle_msgs/hook/ld_library_path_lib.ps1'
[10.275s] INFO:colcon.colcon_core.shell:Creating environment descriptor '/home/eagle/ws/install/eagle_msgs/share/eagle_msgs/hook/ld_library_path_lib.dsv'
[10.276s] INFO:colcon.colcon_core.shell:Creating environment hook '/home/eagle/ws/install/eagle_msgs/share/eagle_msgs/hook/ld_library_path_lib.sh'
[10.277s] Level 1:colcon.colcon_core.environment:checking '/home/eagle/ws/install/eagle_msgs/bin'
[10.277s] Level 1:colcon.colcon_core.environment:checking '/home/eagle/ws/install/eagle_msgs/lib/pkgconfig/eagle_msgs.pc'
[10.278s] Level 1:colcon.colcon_core.environment:checking '/home/eagle/ws/install/eagle_msgs/lib/python3.10/site-packages'
[10.279s] Level 1:colcon.colcon_core.environment:checking '/home/eagle/ws/install/eagle_msgs/bin'
[10.280s] INFO:colcon.colcon_core.shell:Creating package script '/home/eagle/ws/install/eagle_msgs/share/eagle_msgs/package.ps1'
[10.282s] INFO:colcon.colcon_core.shell:Creating package descriptor '/home/eagle/ws/install/eagle_msgs/share/eagle_msgs/package.dsv'
[10.283s] INFO:colcon.colcon_core.shell:Creating package script '/home/eagle/ws/install/eagle_msgs/share/eagle_msgs/package.sh'
[10.285s] INFO:colcon.colcon_core.shell:Creating package script '/home/eagle/ws/install/eagle_msgs/share/eagle_msgs/package.bash'
[10.287s] INFO:colcon.colcon_core.shell:Creating package script '/home/eagle/ws/install/eagle_msgs/share/eagle_msgs/package.zsh'
[10.288s] Level 1:colcon.colcon_core.environment:create_file_with_runtime_dependencies(/home/eagle/ws/install/eagle_msgs/share/colcon-core/packages/eagle_msgs)
[10.289s] INFO:colcon.colcon_ros.task.ament_cmake.build:Building ROS package in '/home/eagle/ws/src/ctrl' with build type 'ament_cmake'
[10.289s] INFO:colcon.colcon_cmake.task.cmake.build:Building CMake package in '/home/eagle/ws/src/ctrl'
[10.290s] INFO:colcon.colcon_core.shell:Skip shell extension 'powershell' for command environment: Not usable outside of PowerShell
[10.290s] DEBUG:colcon.colcon_core.shell:Skip shell extension 'dsv' for command environment
[10.313s] DEBUG:colcon.colcon_core.event_handler.log_command:Invoking command in '/home/eagle/ws/build/ctrl': AMENT_PREFIX_PATH=/home/eagle/ws/install/eagle_msgs:${AMENT_PREFIX_PATH} CMAKE_PREFIX_PATH=/home/eagle/ws/install/eagle_msgs:/opt/ros/humble LD_LIBRARY_PATH=/home/eagle/ws/install/eagle_msgs/lib:${LD_LIBRARY_PATH} PYTHONPATH=/home/eagle/ws/install/eagle_msgs/local/lib/python3.10/dist-packages:${PYTHONPATH} /usr/bin/cmake /home/eagle/ws/src/ctrl -DCMAKE_INSTALL_PREFIX=/home/eagle/ws/install/ctrl
[12.204s] DEBUG:colcon.colcon_core.event_handler.log_command:Invoked command in '/home/eagle/ws/build/ctrl' returned '0': AMENT_PREFIX_PATH=/home/eagle/ws/install/eagle_msgs:${AMENT_PREFIX_PATH} CMAKE_PREFIX_PATH=/home/eagle/ws/install/eagle_msgs:/opt/ros/humble LD_LIBRARY_PATH=/home/eagle/ws/install/eagle_msgs/lib:${LD_LIBRARY_PATH} PYTHONPATH=/home/eagle/ws/install/eagle_msgs/local/lib/python3.10/dist-packages:${PYTHONPATH} /usr/bin/cmake /home/eagle/ws/src/ctrl -DCMAKE_INSTALL_PREFIX=/home/eagle/ws/install/ctrl
[12.208s] DEBUG:colcon.colcon_core.event_handler.log_command:Invoking command in '/home/eagle/ws/build/ctrl': AMENT_PREFIX_PATH=/home/eagle/ws/install/eagle_msgs:${AMENT_PREFIX_PATH} CMAKE_PREFIX_PATH=/home/eagle/ws/install/eagle_msgs:/opt/ros/humble LD_LIBRARY_PATH=/home/eagle/ws/install/eagle_msgs/lib:${LD_LIBRARY_PATH} PYTHONPATH=/home/eagle/ws/install/eagle_msgs/local/lib/python3.10/dist-packages:${PYTHONPATH} /usr/bin/cmake --build /home/eagle/ws/build/ctrl -- -j4 -l4
[12.307s] Level 1:colcon.colcon_core.environment:create_environment_scripts_only(ctrl)
[12.308s] Level 1:colcon.colcon_core.environment:checking '/home/eagle/ws/install/ctrl' for CMake module files
[12.309s] DEBUG:colcon.colcon_core.event_handler.log_command:Invoked command in '/home/eagle/ws/build/ctrl' returned '2': AMENT_PREFIX_PATH=/home/eagle/ws/install/eagle_msgs:${AMENT_PREFIX_PATH} CMAKE_PREFIX_PATH=/home/eagle/ws/install/eagle_msgs:/opt/ros/humble LD_LIBRARY_PATH=/home/eagle/ws/install/eagle_msgs/lib:${LD_LIBRARY_PATH} PYTHONPATH=/home/eagle/ws/install/eagle_msgs/local/lib/python3.10/dist-packages:${PYTHONPATH} /usr/bin/cmake --build /home/eagle/ws/build/ctrl -- -j4 -l4
[12.310s] Level 1:colcon.colcon_core.environment:checking '/home/eagle/ws/install/ctrl' for CMake config files
[12.310s] Level 1:colcon.colcon_core.environment:checking '/home/eagle/ws/install/ctrl/bin'
[12.310s] Level 1:colcon.colcon_core.environment:checking '/home/eagle/ws/install/ctrl/lib/pkgconfig/ctrl.pc'
[12.311s] Level 1:colcon.colcon_core.environment:checking '/home/eagle/ws/install/ctrl/lib/python3.10/site-packages'
[12.312s] Level 1:colcon.colcon_core.environment:checking '/home/eagle/ws/install/ctrl/bin'
[12.313s] INFO:colcon.colcon_core.shell:Creating package script '/home/eagle/ws/install/ctrl/share/ctrl/package.ps1'
[12.315s] INFO:colcon.colcon_core.shell:Creating package descriptor '/home/eagle/ws/install/ctrl/share/ctrl/package.dsv'
[12.316s] INFO:colcon.colcon_core.shell:Creating package script '/home/eagle/ws/install/ctrl/share/ctrl/package.sh'
[12.317s] INFO:colcon.colcon_core.shell:Creating package script '/home/eagle/ws/install/ctrl/share/ctrl/package.bash'
[12.318s] INFO:colcon.colcon_core.shell:Creating package script '/home/eagle/ws/install/ctrl/share/ctrl/package.zsh'
[12.319s] Level 1:colcon.colcon_core.environment:create_file_with_runtime_dependencies(/home/eagle/ws/install/ctrl/share/colcon-core/packages/ctrl)
[12.330s] DEBUG:colcon.colcon_parallel_executor.executor.parallel:closing loop
[12.330s] DEBUG:colcon.colcon_parallel_executor.executor.parallel:loop closed
[12.330s] DEBUG:colcon.colcon_parallel_executor.executor.parallel:run_until_complete finished with '2'
[12.330s] DEBUG:colcon.colcon_core.event_reactor:joining thread
[12.369s] INFO:colcon.colcon_core.plugin_system:Skipping extension 'colcon_notification.desktop_notification.notify_send': Could not find 'notify-send'
[12.369s] INFO:colcon.colcon_core.plugin_system:Skipping extension 'colcon_notification.desktop_notification.terminal_notifier': Not used on non-Darwin systems
[12.369s] INFO:colcon.colcon_core.plugin_system:Skipping extension 'colcon_notification.desktop_notification.win32': Not used on non-Windows systems
[12.369s] INFO:colcon.colcon_notification.desktop_notification:Sending desktop notification using 'notify2'
[12.375s] DEBUG:colcon.colcon_notification.desktop_notification.notify2:Failed to initialize notify2: org.freedesktop.DBus.Error.Spawn.ExecFailed: /usr/bin/dbus-launch terminated abnormally without any error message
[12.376s] DEBUG:colcon.colcon_core.event_reactor:joined thread
[12.377s] INFO:colcon.colcon_core.shell:Creating prefix script '/home/eagle/ws/install/local_setup.ps1'
[12.380s] INFO:colcon.colcon_core.shell:Creating prefix util module '/home/eagle/ws/install/_local_setup_util_ps1.py'
[12.385s] INFO:colcon.colcon_core.shell:Creating prefix chain script '/home/eagle/ws/install/setup.ps1'
[12.389s] INFO:colcon.colcon_core.shell:Creating prefix script '/home/eagle/ws/install/local_setup.sh'
[12.391s] INFO:colcon.colcon_core.shell:Creating prefix util module '/home/eagle/ws/install/_local_setup_util_sh.py'
[12.393s] INFO:colcon.colcon_core.shell:Creating prefix chain script '/home/eagle/ws/install/setup.sh'
[12.396s] INFO:colcon.colcon_core.shell:Creating prefix script '/home/eagle/ws/install/local_setup.bash'
[12.397s] INFO:colcon.colcon_core.shell:Creating prefix chain script '/home/eagle/ws/install/setup.bash'
[12.400s] INFO:colcon.colcon_core.shell:Creating prefix script '/home/eagle/ws/install/local_setup.zsh'
[12.401s] INFO:colcon.colcon_core.shell:Creating prefix chain script '/home/eagle/ws/install/setup.zsh'
