[0.020s] Invoking command in '/home/eagle/ws/build/eagle_msgs': CMAKE_PREFIX_PATH=/opt/ros/humble /usr/bin/cmake --build /home/eagle/ws/build/eagle_msgs -- -j4 -l4
[0.082s] [35m[1mConsolidate compiler generated dependencies of target eagle_msgs__rosidl_generator_c[0m
[0.098s] [  2%] Built target eagle_msgs__cpp
[0.109s] [  5%] Built target eagle_msgs__rs
[0.116s] [ 15%] Built target eagle_msgs__rosidl_generator_c
[0.129s] [ 15%] Built target ament_cmake_python_copy_eagle_msgs
[0.137s] [35m[1mConsolidate compiler generated dependencies of target eagle_msgs__rosidl_typesupport_fastrtps_cpp[0m
[0.140s] [35m[1mConsolidate compiler generated dependencies of target eagle_msgs__rosidl_typesupport_introspection_cpp[0m
[0.161s] [35m[1mConsolidate compiler generated dependencies of target eagle_msgs__rosidl_typesupport_fastrtps_c[0m
[0.167s] [35m[1mConsolidate compiler generated dependencies of target eagle_msgs__rosidl_typesupport_cpp[0m
[0.180s] [ 25%] Built target eagle_msgs__rosidl_typesupport_fastrtps_cpp
[0.184s] [ 35%] Built target eagle_msgs__rosidl_typesupport_introspection_cpp
[0.213s] [35m[1mConsolidate compiler generated dependencies of target eagle_msgs__rosidl_typesupport_introspection_c[0m
[0.213s] [35m[1mConsolidate compiler generated dependencies of target eagle_msgs__rosidl_typesupport_c[0m
[0.216s] [ 45%] Built target eagle_msgs__rosidl_typesupport_fastrtps_c
[0.218s] [ 55%] Built target eagle_msgs__rosidl_typesupport_cpp
[0.242s] [ 65%] Built target eagle_msgs__rosidl_typesupport_introspection_c
[0.250s] [ 75%] Built target eagle_msgs__rosidl_typesupport_c
[0.283s] [ 75%] Built target eagle_msgs
[0.312s] [ 77%] Built target eagle_msgs__py
[0.331s] [35m[1mConsolidate compiler generated dependencies of target eagle_msgs__rosidl_generator_py[0m
[0.356s] [ 85%] Built target eagle_msgs__rosidl_generator_py
[0.382s] [35m[1mConsolidate compiler generated dependencies of target eagle_msgs__rosidl_typesupport_fastrtps_c__pyext[0m
[0.396s] [35m[1mConsolidate compiler generated dependencies of target eagle_msgs__rosidl_typesupport_introspection_c__pyext[0m
[0.396s] [35m[1mConsolidate compiler generated dependencies of target eagle_msgs__rosidl_typesupport_c__pyext[0m
[0.421s] [ 90%] Built target eagle_msgs__rosidl_typesupport_introspection_c__pyext
[0.432s] [ 95%] Built target eagle_msgs__rosidl_typesupport_fastrtps_c__pyext
[0.438s] [100%] Built target eagle_msgs__rosidl_typesupport_c__pyext
[0.623s] running egg_info
[0.625s] writing eagle_msgs.egg-info/PKG-INFO
[0.626s] writing dependency_links to eagle_msgs.egg-info/dependency_links.txt
[0.626s] writing top-level names to eagle_msgs.egg-info/top_level.txt
[0.630s] reading manifest file 'eagle_msgs.egg-info/SOURCES.txt'
[0.632s] writing manifest file 'eagle_msgs.egg-info/SOURCES.txt'
[0.672s] [100%] Built target ament_cmake_python_build_eagle_msgs_egg
[0.687s] Invoked command in '/home/eagle/ws/build/eagle_msgs' returned '0': CMAKE_PREFIX_PATH=/opt/ros/humble /usr/bin/cmake --build /home/eagle/ws/build/eagle_msgs -- -j4 -l4
[0.706s] Invoking command in '/home/eagle/ws/build/eagle_msgs': CMAKE_PREFIX_PATH=/opt/ros/humble /usr/bin/cmake --install /home/eagle/ws/build/eagle_msgs
[0.718s] -- Install configuration: ""
[0.718s] -- Up-to-date: /home/eagle/ws/install/eagle_msgs/share/ament_index/resource_index/rosidl_interfaces/eagle_msgs
[0.719s] -- Up-to-date: /home/eagle/ws/install/eagle_msgs/include/eagle_msgs/eagle_msgs
[0.719s] -- Up-to-date: /home/eagle/ws/install/eagle_msgs/include/eagle_msgs/eagle_msgs/msg
[0.720s] -- Up-to-date: /home/eagle/ws/install/eagle_msgs/include/eagle_msgs/eagle_msgs/msg/rosidl_generator_c__visibility_control.h
[0.721s] -- Up-to-date: /home/eagle/ws/install/eagle_msgs/include/eagle_msgs/eagle_msgs/msg/cone.h
[0.721s] -- Up-to-date: /home/eagle/ws/install/eagle_msgs/include/eagle_msgs/eagle_msgs/msg/detail
[0.722s] -- Up-to-date: /home/eagle/ws/install/eagle_msgs/include/eagle_msgs/eagle_msgs/msg/detail/cone_array__type_support.h
[0.723s] -- Up-to-date: /home/eagle/ws/install/eagle_msgs/include/eagle_msgs/eagle_msgs/msg/detail/cone__functions.c
[0.723s] -- Up-to-date: /home/eagle/ws/install/eagle_msgs/include/eagle_msgs/eagle_msgs/msg/detail/cone_array__functions.c
[0.724s] -- Up-to-date: /home/eagle/ws/install/eagle_msgs/include/eagle_msgs/eagle_msgs/msg/detail/cone_array__functions.h
[0.724s] -- Up-to-date: /home/eagle/ws/install/eagle_msgs/include/eagle_msgs/eagle_msgs/msg/detail/cone__type_support.h
[0.724s] -- Up-to-date: /home/eagle/ws/install/eagle_msgs/include/eagle_msgs/eagle_msgs/msg/detail/cone__functions.h
[0.725s] -- Up-to-date: /home/eagle/ws/install/eagle_msgs/include/eagle_msgs/eagle_msgs/msg/detail/cone_array__struct.h
[0.725s] -- Up-to-date: /home/eagle/ws/install/eagle_msgs/include/eagle_msgs/eagle_msgs/msg/detail/cone__struct.h
[0.725s] -- Up-to-date: /home/eagle/ws/install/eagle_msgs/include/eagle_msgs/eagle_msgs/msg/cone_array.h
[0.725s] -- Up-to-date: /home/eagle/ws/install/eagle_msgs/share/eagle_msgs/environment/library_path.sh
[0.725s] -- Up-to-date: /home/eagle/ws/install/eagle_msgs/share/eagle_msgs/environment/library_path.dsv
[0.725s] -- Up-to-date: /home/eagle/ws/install/eagle_msgs/lib/libeagle_msgs__rosidl_generator_c.so
[0.726s] -- Up-to-date: /home/eagle/ws/install/eagle_msgs/include/eagle_msgs/eagle_msgs
[0.726s] -- Up-to-date: /home/eagle/ws/install/eagle_msgs/include/eagle_msgs/eagle_msgs/msg
[0.726s] -- Up-to-date: /home/eagle/ws/install/eagle_msgs/include/eagle_msgs/eagle_msgs/msg/rosidl_typesupport_fastrtps_c__visibility_control.h
[0.727s] -- Up-to-date: /home/eagle/ws/install/eagle_msgs/include/eagle_msgs/eagle_msgs/msg/detail
[0.727s] -- Up-to-date: /home/eagle/ws/install/eagle_msgs/include/eagle_msgs/eagle_msgs/msg/detail/cone_array__rosidl_typesupport_fastrtps_c.h
[0.727s] -- Up-to-date: /home/eagle/ws/install/eagle_msgs/include/eagle_msgs/eagle_msgs/msg/detail/cone__rosidl_typesupport_fastrtps_c.h
[0.728s] -- Up-to-date: /home/eagle/ws/install/eagle_msgs/lib/libeagle_msgs__rosidl_typesupport_fastrtps_c.so
[0.728s] -- Up-to-date: /home/eagle/ws/install/eagle_msgs/include/eagle_msgs/eagle_msgs
[0.728s] -- Up-to-date: /home/eagle/ws/install/eagle_msgs/include/eagle_msgs/eagle_msgs/msg
[0.728s] -- Up-to-date: /home/eagle/ws/install/eagle_msgs/include/eagle_msgs/eagle_msgs/msg/rosidl_typesupport_introspection_c__visibility_control.h
[0.728s] -- Up-to-date: /home/eagle/ws/install/eagle_msgs/include/eagle_msgs/eagle_msgs/msg/detail
[0.729s] -- Up-to-date: /home/eagle/ws/install/eagle_msgs/include/eagle_msgs/eagle_msgs/msg/detail/cone_array__type_support.c
[0.729s] -- Up-to-date: /home/eagle/ws/install/eagle_msgs/include/eagle_msgs/eagle_msgs/msg/detail/cone__rosidl_typesupport_introspection_c.h
[0.729s] -- Up-to-date: /home/eagle/ws/install/eagle_msgs/include/eagle_msgs/eagle_msgs/msg/detail/cone_array__rosidl_typesupport_introspection_c.h
[0.729s] -- Up-to-date: /home/eagle/ws/install/eagle_msgs/include/eagle_msgs/eagle_msgs/msg/detail/cone__type_support.c
[0.729s] -- Up-to-date: /home/eagle/ws/install/eagle_msgs/lib/libeagle_msgs__rosidl_typesupport_introspection_c.so
[0.729s] -- Up-to-date: /home/eagle/ws/install/eagle_msgs/lib/libeagle_msgs__rosidl_typesupport_c.so
[0.729s] -- Up-to-date: /home/eagle/ws/install/eagle_msgs/include/eagle_msgs/eagle_msgs
[0.730s] -- Up-to-date: /home/eagle/ws/install/eagle_msgs/include/eagle_msgs/eagle_msgs/msg
[0.730s] -- Up-to-date: /home/eagle/ws/install/eagle_msgs/include/eagle_msgs/eagle_msgs/msg/cone_array.hpp
[0.730s] -- Up-to-date: /home/eagle/ws/install/eagle_msgs/include/eagle_msgs/eagle_msgs/msg/rosidl_generator_cpp__visibility_control.hpp
[0.730s] -- Up-to-date: /home/eagle/ws/install/eagle_msgs/include/eagle_msgs/eagle_msgs/msg/cone.hpp
[0.730s] -- Up-to-date: /home/eagle/ws/install/eagle_msgs/include/eagle_msgs/eagle_msgs/msg/detail
[0.731s] -- Up-to-date: /home/eagle/ws/install/eagle_msgs/include/eagle_msgs/eagle_msgs/msg/detail/cone_array__builder.hpp
[0.731s] -- Up-to-date: /home/eagle/ws/install/eagle_msgs/include/eagle_msgs/eagle_msgs/msg/detail/cone__builder.hpp
[0.731s] -- Up-to-date: /home/eagle/ws/install/eagle_msgs/include/eagle_msgs/eagle_msgs/msg/detail/cone__type_support.hpp
[0.731s] -- Up-to-date: /home/eagle/ws/install/eagle_msgs/include/eagle_msgs/eagle_msgs/msg/detail/cone__traits.hpp
[0.731s] -- Up-to-date: /home/eagle/ws/install/eagle_msgs/include/eagle_msgs/eagle_msgs/msg/detail/cone__struct.hpp
[0.731s] -- Up-to-date: /home/eagle/ws/install/eagle_msgs/include/eagle_msgs/eagle_msgs/msg/detail/cone_array__traits.hpp
[0.732s] -- Up-to-date: /home/eagle/ws/install/eagle_msgs/include/eagle_msgs/eagle_msgs/msg/detail/cone_array__type_support.hpp
[0.732s] -- Up-to-date: /home/eagle/ws/install/eagle_msgs/include/eagle_msgs/eagle_msgs/msg/detail/cone_array__struct.hpp
[0.732s] -- Up-to-date: /home/eagle/ws/install/eagle_msgs/include/eagle_msgs/eagle_msgs
[0.732s] -- Up-to-date: /home/eagle/ws/install/eagle_msgs/include/eagle_msgs/eagle_msgs/msg
[0.732s] -- Up-to-date: /home/eagle/ws/install/eagle_msgs/include/eagle_msgs/eagle_msgs/msg/rosidl_typesupport_fastrtps_cpp__visibility_control.h
[0.732s] -- Up-to-date: /home/eagle/ws/install/eagle_msgs/include/eagle_msgs/eagle_msgs/msg/detail
[0.733s] -- Up-to-date: /home/eagle/ws/install/eagle_msgs/include/eagle_msgs/eagle_msgs/msg/detail/cone_array__rosidl_typesupport_fastrtps_cpp.hpp
[0.733s] -- Up-to-date: /home/eagle/ws/install/eagle_msgs/include/eagle_msgs/eagle_msgs/msg/detail/cone__rosidl_typesupport_fastrtps_cpp.hpp
[0.733s] -- Up-to-date: /home/eagle/ws/install/eagle_msgs/include/eagle_msgs/eagle_msgs/msg/detail/dds_fastrtps
[0.733s] -- Up-to-date: /home/eagle/ws/install/eagle_msgs/lib/libeagle_msgs__rosidl_typesupport_fastrtps_cpp.so
[0.733s] -- Up-to-date: /home/eagle/ws/install/eagle_msgs/include/eagle_msgs/eagle_msgs
[0.733s] -- Up-to-date: /home/eagle/ws/install/eagle_msgs/include/eagle_msgs/eagle_msgs/msg
[0.734s] -- Up-to-date: /home/eagle/ws/install/eagle_msgs/include/eagle_msgs/eagle_msgs/msg/detail
[0.734s] -- Up-to-date: /home/eagle/ws/install/eagle_msgs/include/eagle_msgs/eagle_msgs/msg/detail/cone__type_support.cpp
[0.734s] -- Up-to-date: /home/eagle/ws/install/eagle_msgs/include/eagle_msgs/eagle_msgs/msg/detail/cone_array__rosidl_typesupport_introspection_cpp.hpp
[0.734s] -- Up-to-date: /home/eagle/ws/install/eagle_msgs/include/eagle_msgs/eagle_msgs/msg/detail/cone_array__type_support.cpp
[0.734s] -- Up-to-date: /home/eagle/ws/install/eagle_msgs/include/eagle_msgs/eagle_msgs/msg/detail/cone__rosidl_typesupport_introspection_cpp.hpp
[0.734s] -- Up-to-date: /home/eagle/ws/install/eagle_msgs/lib/libeagle_msgs__rosidl_typesupport_introspection_cpp.so
[0.735s] -- Up-to-date: /home/eagle/ws/install/eagle_msgs/lib/libeagle_msgs__rosidl_typesupport_cpp.so
[0.735s] -- Up-to-date: /home/eagle/ws/install/eagle_msgs/share/eagle_msgs/environment/pythonpath.sh
[0.735s] -- Up-to-date: /home/eagle/ws/install/eagle_msgs/share/eagle_msgs/environment/pythonpath.dsv
[0.735s] -- Up-to-date: /home/eagle/ws/install/eagle_msgs/local/lib/python3.10/dist-packages/eagle_msgs-0.1.0-py3.10.egg-info
[0.735s] -- Installing: /home/eagle/ws/install/eagle_msgs/local/lib/python3.10/dist-packages/eagle_msgs-0.1.0-py3.10.egg-info/top_level.txt
[0.735s] -- Installing: /home/eagle/ws/install/eagle_msgs/local/lib/python3.10/dist-packages/eagle_msgs-0.1.0-py3.10.egg-info/SOURCES.txt
[0.736s] -- Installing: /home/eagle/ws/install/eagle_msgs/local/lib/python3.10/dist-packages/eagle_msgs-0.1.0-py3.10.egg-info/dependency_links.txt
[0.736s] -- Installing: /home/eagle/ws/install/eagle_msgs/local/lib/python3.10/dist-packages/eagle_msgs-0.1.0-py3.10.egg-info/PKG-INFO
[0.736s] -- Up-to-date: /home/eagle/ws/install/eagle_msgs/local/lib/python3.10/dist-packages/eagle_msgs
[0.736s] -- Up-to-date: /home/eagle/ws/install/eagle_msgs/local/lib/python3.10/dist-packages/eagle_msgs/__init__.py
[0.736s] -- Up-to-date: /home/eagle/ws/install/eagle_msgs/local/lib/python3.10/dist-packages/eagle_msgs/_eagle_msgs_s.ep.rosidl_typesupport_introspection_c.c
[0.736s] -- Up-to-date: /home/eagle/ws/install/eagle_msgs/local/lib/python3.10/dist-packages/eagle_msgs/msg
[0.736s] -- Up-to-date: /home/eagle/ws/install/eagle_msgs/local/lib/python3.10/dist-packages/eagle_msgs/msg/__init__.py
[0.736s] -- Up-to-date: /home/eagle/ws/install/eagle_msgs/local/lib/python3.10/dist-packages/eagle_msgs/msg/_cone_array.py
[0.737s] -- Up-to-date: /home/eagle/ws/install/eagle_msgs/local/lib/python3.10/dist-packages/eagle_msgs/msg/_cone_s.c
[0.737s] -- Up-to-date: /home/eagle/ws/install/eagle_msgs/local/lib/python3.10/dist-packages/eagle_msgs/msg/_cone.py
[0.737s] -- Up-to-date: /home/eagle/ws/install/eagle_msgs/local/lib/python3.10/dist-packages/eagle_msgs/msg/_cone_array_s.c
[0.737s] -- Up-to-date: /home/eagle/ws/install/eagle_msgs/local/lib/python3.10/dist-packages/eagle_msgs/_eagle_msgs_s.ep.rosidl_typesupport_fastrtps_c.c
[0.737s] -- Up-to-date: /home/eagle/ws/install/eagle_msgs/local/lib/python3.10/dist-packages/eagle_msgs/eagle_msgs_s__rosidl_typesupport_fastrtps_c.cpython-310-x86_64-linux-gnu.so
[0.737s] -- Up-to-date: /home/eagle/ws/install/eagle_msgs/local/lib/python3.10/dist-packages/eagle_msgs/_eagle_msgs_s.ep.rosidl_typesupport_c.c
[0.737s] -- Up-to-date: /home/eagle/ws/install/eagle_msgs/local/lib/python3.10/dist-packages/eagle_msgs/eagle_msgs_s__rosidl_typesupport_introspection_c.cpython-310-x86_64-linux-gnu.so
[0.738s] -- Up-to-date: /home/eagle/ws/install/eagle_msgs/local/lib/python3.10/dist-packages/eagle_msgs/libeagle_msgs__rosidl_generator_py.so
[0.738s] -- Up-to-date: /home/eagle/ws/install/eagle_msgs/local/lib/python3.10/dist-packages/eagle_msgs/eagle_msgs_s__rosidl_typesupport_c.cpython-310-x86_64-linux-gnu.so
[0.783s] Listing '/home/eagle/ws/install/eagle_msgs/local/lib/python3.10/dist-packages/eagle_msgs'...
[0.783s] Listing '/home/eagle/ws/install/eagle_msgs/local/lib/python3.10/dist-packages/eagle_msgs/msg'...
[0.791s] -- Up-to-date: /home/eagle/ws/install/eagle_msgs/local/lib/python3.10/dist-packages/eagle_msgs/eagle_msgs_s__rosidl_typesupport_fastrtps_c.cpython-310-x86_64-linux-gnu.so
[0.792s] -- Up-to-date: /home/eagle/ws/install/eagle_msgs/local/lib/python3.10/dist-packages/eagle_msgs/eagle_msgs_s__rosidl_typesupport_introspection_c.cpython-310-x86_64-linux-gnu.so
[0.792s] -- Up-to-date: /home/eagle/ws/install/eagle_msgs/local/lib/python3.10/dist-packages/eagle_msgs/eagle_msgs_s__rosidl_typesupport_c.cpython-310-x86_64-linux-gnu.so
[0.793s] -- Up-to-date: /home/eagle/ws/install/eagle_msgs/lib/libeagle_msgs__rosidl_generator_py.so
[0.793s] -- Up-to-date: /home/eagle/ws/install/eagle_msgs/share/ament_index/resource_index/rust_packages/eagle_msgs
[0.794s] -- Up-to-date: /home/eagle/ws/install/eagle_msgs/share/eagle_msgs/rust
[0.794s] -- Up-to-date: /home/eagle/ws/install/eagle_msgs/share/eagle_msgs/rust/src
[0.794s] -- Up-to-date: /home/eagle/ws/install/eagle_msgs/share/eagle_msgs/rust/src/lib.rs
[0.794s] -- Up-to-date: /home/eagle/ws/install/eagle_msgs/share/eagle_msgs/rust/src/msg
[0.795s] -- Up-to-date: /home/eagle/ws/install/eagle_msgs/share/eagle_msgs/rust/src/msg/rmw.rs
[0.795s] -- Up-to-date: /home/eagle/ws/install/eagle_msgs/share/eagle_msgs/rust/src/msg.rs
[0.795s] -- Up-to-date: /home/eagle/ws/install/eagle_msgs/share/eagle_msgs/rust/build.rs
[0.796s] -- Up-to-date: /home/eagle/ws/install/eagle_msgs/share/eagle_msgs/rust/Cargo.toml
[0.796s] -- Up-to-date: /home/eagle/ws/install/eagle_msgs/share/eagle_msgs/msg/Cone.idl
[0.796s] -- Up-to-date: /home/eagle/ws/install/eagle_msgs/share/eagle_msgs/msg/ConeArray.idl
[0.796s] -- Up-to-date: /home/eagle/ws/install/eagle_msgs/share/eagle_msgs/msg/Cone.msg
[0.797s] -- Up-to-date: /home/eagle/ws/install/eagle_msgs/share/eagle_msgs/msg/ConeArray.msg
[0.798s] -- Up-to-date: /home/eagle/ws/install/eagle_msgs/share/ament_index/resource_index/package_run_dependencies/eagle_msgs
[0.798s] -- Up-to-date: /home/eagle/ws/install/eagle_msgs/share/ament_index/resource_index/parent_prefix_path/eagle_msgs
[0.798s] -- Up-to-date: /home/eagle/ws/install/eagle_msgs/share/eagle_msgs/environment/ament_prefix_path.sh
[0.798s] -- Up-to-date: /home/eagle/ws/install/eagle_msgs/share/eagle_msgs/environment/ament_prefix_path.dsv
[0.799s] -- Up-to-date: /home/eagle/ws/install/eagle_msgs/share/eagle_msgs/environment/path.sh
[0.799s] -- Up-to-date: /home/eagle/ws/install/eagle_msgs/share/eagle_msgs/environment/path.dsv
[0.799s] -- Up-to-date: /home/eagle/ws/install/eagle_msgs/share/eagle_msgs/local_setup.bash
[0.799s] -- Up-to-date: /home/eagle/ws/install/eagle_msgs/share/eagle_msgs/local_setup.sh
[0.800s] -- Up-to-date: /home/eagle/ws/install/eagle_msgs/share/eagle_msgs/local_setup.zsh
[0.800s] -- Up-to-date: /home/eagle/ws/install/eagle_msgs/share/eagle_msgs/local_setup.dsv
[0.801s] -- Installing: /home/eagle/ws/install/eagle_msgs/share/eagle_msgs/package.dsv
[0.801s] -- Up-to-date: /home/eagle/ws/install/eagle_msgs/share/ament_index/resource_index/packages/eagle_msgs
[0.801s] -- Up-to-date: /home/eagle/ws/install/eagle_msgs/share/eagle_msgs/cmake/export_eagle_msgs__rosidl_generator_cExport.cmake
[0.802s] -- Up-to-date: /home/eagle/ws/install/eagle_msgs/share/eagle_msgs/cmake/export_eagle_msgs__rosidl_generator_cExport-noconfig.cmake
[0.802s] -- Up-to-date: /home/eagle/ws/install/eagle_msgs/share/eagle_msgs/cmake/export_eagle_msgs__rosidl_typesupport_fastrtps_cExport.cmake
[0.802s] -- Up-to-date: /home/eagle/ws/install/eagle_msgs/share/eagle_msgs/cmake/export_eagle_msgs__rosidl_typesupport_fastrtps_cExport-noconfig.cmake
[0.802s] -- Up-to-date: /home/eagle/ws/install/eagle_msgs/share/eagle_msgs/cmake/eagle_msgs__rosidl_typesupport_introspection_cExport.cmake
[0.802s] -- Up-to-date: /home/eagle/ws/install/eagle_msgs/share/eagle_msgs/cmake/eagle_msgs__rosidl_typesupport_introspection_cExport-noconfig.cmake
[0.803s] -- Up-to-date: /home/eagle/ws/install/eagle_msgs/share/eagle_msgs/cmake/eagle_msgs__rosidl_typesupport_cExport.cmake
[0.803s] -- Up-to-date: /home/eagle/ws/install/eagle_msgs/share/eagle_msgs/cmake/eagle_msgs__rosidl_typesupport_cExport-noconfig.cmake
[0.803s] -- Up-to-date: /home/eagle/ws/install/eagle_msgs/share/eagle_msgs/cmake/export_eagle_msgs__rosidl_generator_cppExport.cmake
[0.803s] -- Up-to-date: /home/eagle/ws/install/eagle_msgs/share/eagle_msgs/cmake/export_eagle_msgs__rosidl_typesupport_fastrtps_cppExport.cmake
[0.803s] -- Up-to-date: /home/eagle/ws/install/eagle_msgs/share/eagle_msgs/cmake/export_eagle_msgs__rosidl_typesupport_fastrtps_cppExport-noconfig.cmake
[0.804s] -- Up-to-date: /home/eagle/ws/install/eagle_msgs/share/eagle_msgs/cmake/eagle_msgs__rosidl_typesupport_introspection_cppExport.cmake
[0.804s] -- Up-to-date: /home/eagle/ws/install/eagle_msgs/share/eagle_msgs/cmake/eagle_msgs__rosidl_typesupport_introspection_cppExport-noconfig.cmake
[0.804s] -- Up-to-date: /home/eagle/ws/install/eagle_msgs/share/eagle_msgs/cmake/eagle_msgs__rosidl_typesupport_cppExport.cmake
[0.804s] -- Up-to-date: /home/eagle/ws/install/eagle_msgs/share/eagle_msgs/cmake/eagle_msgs__rosidl_typesupport_cppExport-noconfig.cmake
[0.805s] -- Up-to-date: /home/eagle/ws/install/eagle_msgs/share/eagle_msgs/cmake/export_eagle_msgs__rosidl_generator_pyExport.cmake
[0.805s] -- Up-to-date: /home/eagle/ws/install/eagle_msgs/share/eagle_msgs/cmake/export_eagle_msgs__rosidl_generator_pyExport-noconfig.cmake
[0.805s] -- Up-to-date: /home/eagle/ws/install/eagle_msgs/share/eagle_msgs/cmake/rosidl_cmake-extras.cmake
[0.805s] -- Up-to-date: /home/eagle/ws/install/eagle_msgs/share/eagle_msgs/cmake/ament_cmake_export_dependencies-extras.cmake
[0.806s] -- Up-to-date: /home/eagle/ws/install/eagle_msgs/share/eagle_msgs/cmake/ament_cmake_export_include_directories-extras.cmake
[0.806s] -- Up-to-date: /home/eagle/ws/install/eagle_msgs/share/eagle_msgs/cmake/ament_cmake_export_libraries-extras.cmake
[0.808s] -- Up-to-date: /home/eagle/ws/install/eagle_msgs/share/eagle_msgs/cmake/ament_cmake_export_targets-extras.cmake
[0.808s] -- Up-to-date: /home/eagle/ws/install/eagle_msgs/share/eagle_msgs/cmake/rosidl_cmake_export_typesupport_targets-extras.cmake
[0.809s] -- Up-to-date: /home/eagle/ws/install/eagle_msgs/share/eagle_msgs/cmake/rosidl_cmake_export_typesupport_libraries-extras.cmake
[0.810s] -- Up-to-date: /home/eagle/ws/install/eagle_msgs/share/eagle_msgs/cmake/rosidl_cmake_aggregate_target-extras.cmake
[0.810s] -- Up-to-date: /home/eagle/ws/install/eagle_msgs/share/eagle_msgs/cmake/eagle_msgsConfig.cmake
[0.810s] -- Up-to-date: /home/eagle/ws/install/eagle_msgs/share/eagle_msgs/cmake/eagle_msgsConfig-version.cmake
[0.811s] -- Up-to-date: /home/eagle/ws/install/eagle_msgs/share/eagle_msgs/package.xml
[0.811s] Invoked command in '/home/eagle/ws/build/eagle_msgs' returned '0': CMAKE_PREFIX_PATH=/opt/ros/humble /usr/bin/cmake --install /home/eagle/ws/build/eagle_msgs
