[0.026s] Invoking command in '/home/eagle/ws/build/ctrl': CMAKE_PREFIX_PATH=/home/eagle/ws/install/eagle_msgs:/home/eagle/ws/install/ctrl:/home/eagle/ws/install/eagle_sim:/opt/ros/humble /usr/bin/cmake --build /home/eagle/ws/build/ctrl -- -j4 -l4
[0.160s] [35m[1mConsolidate compiler generated dependencies of target ctrl[0m
[0.204s] [100%] Built target ctrl
[0.231s] Invoked command in '/home/eagle/ws/build/ctrl' returned '0': CMAKE_PREFIX_PATH=/home/eagle/ws/install/eagle_msgs:/home/eagle/ws/install/ctrl:/home/eagle/ws/install/eagle_sim:/opt/ros/humble /usr/bin/cmake --build /home/eagle/ws/build/ctrl -- -j4 -l4
[0.238s] Invoking command in '/home/eagle/ws/build/ctrl': CMAKE_PREFIX_PATH=/home/eagle/ws/install/eagle_msgs:/home/eagle/ws/install/ctrl:/home/eagle/ws/install/eagle_sim:/opt/ros/humble /usr/bin/cmake --install /home/eagle/ws/build/ctrl
[0.278s] -- Install configuration: ""
[0.280s] -- Up-to-date: /home/eagle/ws/install/ctrl/lib/ctrl/ctrl
[0.282s] -- Up-to-date: /home/eagle/ws/install/ctrl/share/ament_index/resource_index/package_run_dependencies/ctrl
[0.283s] -- Up-to-date: /home/eagle/ws/install/ctrl/share/ament_index/resource_index/parent_prefix_path/ctrl
[0.284s] -- Up-to-date: /home/eagle/ws/install/ctrl/share/ctrl/environment/ament_prefix_path.sh
[0.287s] -- Up-to-date: /home/eagle/ws/install/ctrl/share/ctrl/environment/ament_prefix_path.dsv
[0.289s] -- Up-to-date: /home/eagle/ws/install/ctrl/share/ctrl/environment/path.sh
[0.290s] -- Up-to-date: /home/eagle/ws/install/ctrl/share/ctrl/environment/path.dsv
[0.291s] -- Up-to-date: /home/eagle/ws/install/ctrl/share/ctrl/local_setup.bash
[0.291s] -- Up-to-date: /home/eagle/ws/install/ctrl/share/ctrl/local_setup.sh
[0.292s] -- Up-to-date: /home/eagle/ws/install/ctrl/share/ctrl/local_setup.zsh
[0.294s] -- Up-to-date: /home/eagle/ws/install/ctrl/share/ctrl/local_setup.dsv
[0.300s] -- Installing: /home/eagle/ws/install/ctrl/share/ctrl/package.dsv
[0.301s] -- Up-to-date: /home/eagle/ws/install/ctrl/share/ament_index/resource_index/packages/ctrl
[0.301s] -- Up-to-date: /home/eagle/ws/install/ctrl/share/ctrl/cmake/ctrlConfig.cmake
[0.303s] -- Up-to-date: /home/eagle/ws/install/ctrl/share/ctrl/cmake/ctrlConfig-version.cmake
[0.305s] -- Up-to-date: /home/eagle/ws/install/ctrl/share/ctrl/package.xml
[0.308s] Invoked command in '/home/eagle/ws/build/ctrl' returned '0': CMAKE_PREFIX_PATH=/home/eagle/ws/install/eagle_msgs:/home/eagle/ws/install/ctrl:/home/eagle/ws/install/eagle_sim:/opt/ros/humble /usr/bin/cmake --install /home/eagle/ws/build/ctrl
