/home/eagle/ws/install/eagle_sim/lib/python3.10/site-packages/eagle_sim/__init__.py
/home/eagle/ws/install/eagle_sim/lib/python3.10/site-packages/eagle_sim/track_publisher.py
/home/eagle/ws/install/eagle_sim/lib/python3.10/site-packages/eagle_sim/can_gateway.py
/home/eagle/ws/install/eagle_sim/lib/python3.10/site-packages/eagle_sim/lateral_controller.py
/home/eagle/ws/install/eagle_sim/lib/python3.10/site-packages/eagle_sim/fake_perception.py
/home/eagle/ws/install/eagle_sim/lib/python3.10/site-packages/eagle_sim/track.py
/home/eagle/ws/install/eagle_sim/lib/python3.10/site-packages/eagle_sim/vehicle_sim.py
/home/eagle/ws/install/eagle_sim/lib/python3.10/site-packages/eagle_sim/__pycache__/__init__.cpython-310.pyc
/home/eagle/ws/install/eagle_sim/lib/python3.10/site-packages/eagle_sim/__pycache__/track_publisher.cpython-310.pyc
/home/eagle/ws/install/eagle_sim/lib/python3.10/site-packages/eagle_sim/__pycache__/can_gateway.cpython-310.pyc
/home/eagle/ws/install/eagle_sim/lib/python3.10/site-packages/eagle_sim/__pycache__/lateral_controller.cpython-310.pyc
/home/eagle/ws/install/eagle_sim/lib/python3.10/site-packages/eagle_sim/__pycache__/fake_perception.cpython-310.pyc
/home/eagle/ws/install/eagle_sim/lib/python3.10/site-packages/eagle_sim/__pycache__/track.cpython-310.pyc
/home/eagle/ws/install/eagle_sim/lib/python3.10/site-packages/eagle_sim/__pycache__/vehicle_sim.cpython-310.pyc
/home/eagle/ws/install/eagle_sim/share/ament_index/resource_index/packages/eagle_sim
/home/eagle/ws/install/eagle_sim/share/eagle_sim/package.xml
/home/eagle/ws/install/eagle_sim/share/eagle_sim/config/track.yaml
/home/eagle/ws/install/eagle_sim/share/eagle_sim/rviz/base.rviz
/home/eagle/ws/install/eagle_sim/share/eagle_sim/launch/dev.launch.py
/home/eagle/ws/install/eagle_sim/share/eagle_sim/can/eagle_task.dbc
/home/eagle/ws/install/eagle_sim/lib/python3.10/site-packages/eagle_sim-0.1.0-py3.10.egg-info/top_level.txt
/home/eagle/ws/install/eagle_sim/lib/python3.10/site-packages/eagle_sim-0.1.0-py3.10.egg-info/SOURCES.txt
/home/eagle/ws/install/eagle_sim/lib/python3.10/site-packages/eagle_sim-0.1.0-py3.10.egg-info/dependency_links.txt
/home/eagle/ws/install/eagle_sim/lib/python3.10/site-packages/eagle_sim-0.1.0-py3.10.egg-info/zip-safe
/home/eagle/ws/install/eagle_sim/lib/python3.10/site-packages/eagle_sim-0.1.0-py3.10.egg-info/entry_points.txt
/home/eagle/ws/install/eagle_sim/lib/python3.10/site-packages/eagle_sim-0.1.0-py3.10.egg-info/PKG-INFO
/home/eagle/ws/install/eagle_sim/lib/python3.10/site-packages/eagle_sim-0.1.0-py3.10.egg-info/requires.txt
/home/eagle/ws/install/eagle_sim/lib/eagle_sim/can_gateway
/home/eagle/ws/install/eagle_sim/lib/eagle_sim/fake_perception
/home/eagle/ws/install/eagle_sim/lib/eagle_sim/lateral_controller
/home/eagle/ws/install/eagle_sim/lib/eagle_sim/track_publisher
/home/eagle/ws/install/eagle_sim/lib/eagle_sim/vehicle_sim
