[0.024s] Invoking command in '/home/eagle/ws/build/eagle_msgs': CMAKE_PREFIX_PATH=/opt/ros/humble /usr/bin/cmake /home/eagle/ws/src/eagle_msgs -DCMAKE_INSTALL_PREFIX=/home/eagle/ws/install/eagle_msgs
[0.128s] -- The C compiler identification is GNU 11.4.0
[0.202s] -- The CXX compiler identification is GNU 11.4.0
[0.214s] -- Detecting C compiler ABI info
[0.303s] -- Detecting C compiler ABI info - done
[0.322s] -- Check for working C compiler: /usr/bin/cc - skipped
[0.322s] -- Detecting C compile features
[0.323s] -- Detecting C compile features - done
[0.330s] -- Detecting CXX compiler ABI info
[0.431s] -- Detecting CXX compiler ABI info - done
[0.449s] -- Check for working CXX compiler: /usr/bin/c++ - skipped
[0.449s] -- Detecting CXX compile features
[0.450s] -- Detecting CXX compile features - done
[0.456s] -- Found ament_cmake: 1.3.14 (/opt/ros/humble/share/ament_cmake/cmake)
[0.645s] -- Found Python3: /usr/bin/python3 (found version "3.10.12") found components: Interpreter 
[0.757s] -- Found rosidl_default_generators: 1.2.1 (/opt/ros/humble/share/rosidl_default_generators/cmake)
[0.762s] -- Using all available rosidl_typesupport_c: rosidl_typesupport_fastrtps_c;rosidl_typesupport_introspection_c
[0.772s] -- Found rosidl_adapter: 3.1.9 (/opt/ros/humble/share/rosidl_adapter/cmake)
[0.829s] -- Using all available rosidl_typesupport_cpp: rosidl_typesupport_fastrtps_cpp;rosidl_typesupport_introspection_cpp
[0.884s] -- Found std_msgs: 4.9.2 (/opt/ros/humble/share/std_msgs/cmake)
[0.930s] -- Found geometry_msgs: 4.9.2 (/opt/ros/humble/share/geometry_msgs/cmake)
[1.317s] -- Found ament_cmake_ros: 0.10.0 (/opt/ros/humble/share/ament_cmake_ros/cmake)
[1.636s] -- Using all available rosidl_typesupport_c: rosidl_typesupport_fastrtps_c;rosidl_typesupport_introspection_c
[2.039s] -- Using all available rosidl_typesupport_cpp: rosidl_typesupport_fastrtps_cpp;rosidl_typesupport_introspection_cpp
[2.068s] -- Found PythonInterp: /usr/bin/python3 (found suitable version "3.10.12", minimum required is "3.6") 
[2.071s] -- Found python_cmake_module: 0.10.0 (/opt/ros/humble/share/python_cmake_module/cmake)
[2.106s] -- Found PythonLibs: /usr/lib/x86_64-linux-gnu/libpython3.10.so (found suitable version "3.10.12", minimum required is "3.5") 
[2.107s] -- Using PYTHON_EXECUTABLE: /usr/bin/python3
[2.107s] -- Using PYTHON_INCLUDE_DIRS: /usr/include/python3.10
[2.107s] -- Using PYTHON_LIBRARIES: /usr/lib/x86_64-linux-gnu/libpython3.10.so
[2.134s] -- Found PythonExtra: .so  
[2.343s] -- Configuring done
[2.394s] -- Generating done
[2.413s] -- Build files have been written to: /home/eagle/ws/build/eagle_msgs
[2.424s] Invoked command in '/home/eagle/ws/build/eagle_msgs' returned '0': CMAKE_PREFIX_PATH=/opt/ros/humble /usr/bin/cmake /home/eagle/ws/src/eagle_msgs -DCMAKE_INSTALL_PREFIX=/home/eagle/ws/install/eagle_msgs
[2.428s] Invoking command in '/home/eagle/ws/build/eagle_msgs': CMAKE_PREFIX_PATH=/opt/ros/humble /usr/bin/cmake --build /home/eagle/ws/build/eagle_msgs -- -j4 -l4
[2.483s] [  2%] [34m[1mGenerating C code for ROS interfaces[0m
[2.502s] [  5%] [34m[1mGenerating Rust code for ROS interfaces[0m
[2.521s] [  7%] [34m[1mGenerating C++ code for ROS interfaces[0m
[2.545s] [  7%] Built target ament_cmake_python_copy_eagle_msgs
[3.134s] running egg_info
[3.134s] creating eagle_msgs.egg-info
[3.135s] writing eagle_msgs.egg-info/PKG-INFO
[3.139s] writing dependency_links to eagle_msgs.egg-info/dependency_links.txt
[3.139s] writing top-level names to eagle_msgs.egg-info/top_level.txt
[3.139s] writing manifest file 'eagle_msgs.egg-info/SOURCES.txt'
[3.152s] reading manifest file 'eagle_msgs.egg-info/SOURCES.txt'
[3.157s] writing manifest file 'eagle_msgs.egg-info/SOURCES.txt'
[3.222s] [  7%] Built target ament_cmake_python_build_eagle_msgs_egg
[3.464s] [  7%] Built target eagle_msgs__rs
[3.550s] [ 10%] [32mBuilding C object CMakeFiles/eagle_msgs__rosidl_generator_c.dir/rosidl_generator_c/eagle_msgs/msg/detail/cone__functions.c.o[0m
[3.560s] [ 12%] [32mBuilding C object CMakeFiles/eagle_msgs__rosidl_generator_c.dir/rosidl_generator_c/eagle_msgs/msg/detail/cone_array__functions.c.o[0m
[3.595s] [ 12%] Built target eagle_msgs__cpp
[3.627s] [ 17%] [34m[1mGenerating C++ type support for eProsima Fast-RTPS[0m
[3.633s] [ 17%] [34m[1mGenerating C++ introspection for ROS interfaces[0m
[3.679s] [ 20%] [34m[1mGenerating C++ type support dispatch for ROS interfaces[0m
[3.696s] [ 22%] [32m[1mLinking C shared library libeagle_msgs__rosidl_generator_c.so[0m
[3.807s] [ 22%] Built target eagle_msgs__rosidl_generator_c
[3.833s] [ 25%] [34m[1mGenerating C type support for eProsima Fast-RTPS[0m
[4.481s] [ 27%] [32mBuilding CXX object CMakeFiles/eagle_msgs__rosidl_typesupport_cpp.dir/rosidl_typesupport_cpp/eagle_msgs/msg/cone__type_support.cpp.o[0m
[4.704s] [ 30%] [32mBuilding CXX object CMakeFiles/eagle_msgs__rosidl_typesupport_introspection_cpp.dir/rosidl_typesupport_introspection_cpp/eagle_msgs/msg/detail/cone__type_support.cpp.o[0m
[4.705s] [ 32%] [32mBuilding CXX object CMakeFiles/eagle_msgs__rosidl_typesupport_fastrtps_cpp.dir/rosidl_typesupport_fastrtps_cpp/eagle_msgs/msg/detail/dds_fastrtps/cone__type_support.cpp.o[0m
[4.813s] [ 35%] [32mBuilding CXX object CMakeFiles/eagle_msgs__rosidl_typesupport_fastrtps_c.dir/rosidl_typesupport_fastrtps_c/eagle_msgs/msg/detail/cone__type_support_c.cpp.o[0m
[5.260s] [ 37%] [32mBuilding CXX object CMakeFiles/eagle_msgs__rosidl_typesupport_cpp.dir/rosidl_typesupport_cpp/eagle_msgs/msg/cone_array__type_support.cpp.o[0m
[5.728s] [ 40%] [32mBuilding CXX object CMakeFiles/eagle_msgs__rosidl_typesupport_fastrtps_c.dir/rosidl_typesupport_fastrtps_c/eagle_msgs/msg/detail/cone_array__type_support_c.cpp.o[0m
[5.762s] [ 42%] [32mBuilding CXX object CMakeFiles/eagle_msgs__rosidl_typesupport_fastrtps_cpp.dir/rosidl_typesupport_fastrtps_cpp/eagle_msgs/msg/detail/dds_fastrtps/cone_array__type_support.cpp.o[0m
[5.873s] [ 45%] [32mBuilding CXX object CMakeFiles/eagle_msgs__rosidl_typesupport_introspection_cpp.dir/rosidl_typesupport_introspection_cpp/eagle_msgs/msg/detail/cone_array__type_support.cpp.o[0m
[5.982s] [ 47%] [32m[1mLinking CXX shared library libeagle_msgs__rosidl_typesupport_cpp.so[0m
[6.125s] [ 47%] Built target eagle_msgs__rosidl_typesupport_cpp
[6.168s] [ 50%] [34m[1mGenerating C introspection for ROS interfaces[0m
[6.749s] [ 52%] [32m[1mLinking CXX shared library libeagle_msgs__rosidl_typesupport_fastrtps_c.so[0m
[6.987s] [ 55%] [32m[1mLinking CXX shared library libeagle_msgs__rosidl_typesupport_fastrtps_cpp.so[0m
[7.003s] [ 55%] Built target eagle_msgs__rosidl_typesupport_fastrtps_c
[7.035s] [ 57%] [34m[1mGenerating C type support dispatch for ROS interfaces[0m
[7.101s] [ 60%] [32m[1mLinking CXX shared library libeagle_msgs__rosidl_typesupport_introspection_cpp.so[0m
[7.246s] [ 60%] Built target eagle_msgs__rosidl_typesupport_fastrtps_cpp
[7.273s] [ 62%] [32mBuilding C object CMakeFiles/eagle_msgs__rosidl_typesupport_introspection_c.dir/rosidl_typesupport_introspection_c/eagle_msgs/msg/detail/cone__type_support.c.o[0m
[7.274s] [ 65%] [32mBuilding C object CMakeFiles/eagle_msgs__rosidl_typesupport_introspection_c.dir/rosidl_typesupport_introspection_c/eagle_msgs/msg/detail/cone_array__type_support.c.o[0m
[7.334s] [ 65%] Built target eagle_msgs__rosidl_typesupport_introspection_cpp
[7.388s] [ 67%] [32m[1mLinking C shared library libeagle_msgs__rosidl_typesupport_introspection_c.so[0m
[7.456s] [ 67%] Built target eagle_msgs__rosidl_typesupport_introspection_c
[7.727s] [ 70%] [32mBuilding CXX object CMakeFiles/eagle_msgs__rosidl_typesupport_c.dir/rosidl_typesupport_c/eagle_msgs/msg/cone_array__type_support.cpp.o[0m
[7.727s] [ 72%] [32mBuilding CXX object CMakeFiles/eagle_msgs__rosidl_typesupport_c.dir/rosidl_typesupport_c/eagle_msgs/msg/cone__type_support.cpp.o[0m
[7.776s] [ 75%] [32m[1mLinking CXX shared library libeagle_msgs__rosidl_typesupport_c.so[0m
[7.834s] [ 75%] Built target eagle_msgs__rosidl_typesupport_c
[7.860s] [ 75%] Built target eagle_msgs
[7.886s] [ 77%] [34m[1mGenerating Python code for ROS interfaces[0m
[8.577s] [ 77%] Built target eagle_msgs__py
[8.604s] [ 82%] [32mBuilding C object CMakeFiles/eagle_msgs__rosidl_generator_py.dir/rosidl_generator_py/eagle_msgs/msg/_cone_array_s.c.o[0m
[8.604s] [ 82%] [32mBuilding C object CMakeFiles/eagle_msgs__rosidl_generator_py.dir/rosidl_generator_py/eagle_msgs/msg/_cone_s.c.o[0m
[8.776s] [ 85%] [32m[1mLinking C shared library rosidl_generator_py/eagle_msgs/libeagle_msgs__rosidl_generator_py.so[0m
[8.833s] [ 85%] Built target eagle_msgs__rosidl_generator_py
[8.861s] [ 87%] [32mBuilding C object CMakeFiles/eagle_msgs__rosidl_typesupport_fastrtps_c__pyext.dir/rosidl_generator_py/eagle_msgs/_eagle_msgs_s.ep.rosidl_typesupport_fastrtps_c.c.o[0m
[8.871s] [ 90%] [32mBuilding C object CMakeFiles/eagle_msgs__rosidl_typesupport_c__pyext.dir/rosidl_generator_py/eagle_msgs/_eagle_msgs_s.ep.rosidl_typesupport_c.c.o[0m
[8.876s] [ 92%] [32mBuilding C object CMakeFiles/eagle_msgs__rosidl_typesupport_introspection_c__pyext.dir/rosidl_generator_py/eagle_msgs/_eagle_msgs_s.ep.rosidl_typesupport_introspection_c.c.o[0m
[9.063s] [ 95%] [32m[1mLinking C shared library rosidl_generator_py/eagle_msgs/eagle_msgs_s__rosidl_typesupport_fastrtps_c.cpython-310-x86_64-linux-gnu.so[0m
[9.140s] [ 97%] [32m[1mLinking C shared library rosidl_generator_py/eagle_msgs/eagle_msgs_s__rosidl_typesupport_c.cpython-310-x86_64-linux-gnu.so[0m
[9.152s] [100%] [32m[1mLinking C shared library rosidl_generator_py/eagle_msgs/eagle_msgs_s__rosidl_typesupport_introspection_c.cpython-310-x86_64-linux-gnu.so[0m
[9.156s] [100%] Built target eagle_msgs__rosidl_typesupport_fastrtps_c__pyext
[9.219s] [100%] Built target eagle_msgs__rosidl_typesupport_c__pyext
[9.227s] [100%] Built target eagle_msgs__rosidl_typesupport_introspection_c__pyext
[9.247s] Invoked command in '/home/eagle/ws/build/eagle_msgs' returned '0': CMAKE_PREFIX_PATH=/opt/ros/humble /usr/bin/cmake --build /home/eagle/ws/build/eagle_msgs -- -j4 -l4
[9.263s] Invoking command in '/home/eagle/ws/build/eagle_msgs': CMAKE_PREFIX_PATH=/opt/ros/humble /usr/bin/cmake --install /home/eagle/ws/build/eagle_msgs
[9.278s] -- Install configuration: ""
[9.281s] -- Installing: /home/eagle/ws/install/eagle_msgs/share/ament_index/resource_index/rosidl_interfaces/eagle_msgs
[9.282s] -- Installing: /home/eagle/ws/install/eagle_msgs/include/eagle_msgs/eagle_msgs
[9.283s] -- Installing: /home/eagle/ws/install/eagle_msgs/include/eagle_msgs/eagle_msgs/msg
[9.284s] -- Installing: /home/eagle/ws/install/eagle_msgs/include/eagle_msgs/eagle_msgs/msg/rosidl_generator_c__visibility_control.h
[9.284s] -- Installing: /home/eagle/ws/install/eagle_msgs/include/eagle_msgs/eagle_msgs/msg/cone.h
[9.285s] -- Installing: /home/eagle/ws/install/eagle_msgs/include/eagle_msgs/eagle_msgs/msg/detail
[9.285s] -- Installing: /home/eagle/ws/install/eagle_msgs/include/eagle_msgs/eagle_msgs/msg/detail/cone_array__type_support.h
[9.285s] -- Installing: /home/eagle/ws/install/eagle_msgs/include/eagle_msgs/eagle_msgs/msg/detail/cone__functions.c
[9.285s] -- Installing: /home/eagle/ws/install/eagle_msgs/include/eagle_msgs/eagle_msgs/msg/detail/cone_array__functions.c
[9.285s] -- Installing: /home/eagle/ws/install/eagle_msgs/include/eagle_msgs/eagle_msgs/msg/detail/cone_array__functions.h
[9.286s] -- Installing: /home/eagle/ws/install/eagle_msgs/include/eagle_msgs/eagle_msgs/msg/detail/cone__type_support.h
[9.286s] -- Installing: /home/eagle/ws/install/eagle_msgs/include/eagle_msgs/eagle_msgs/msg/detail/cone__functions.h
[9.286s] -- Installing: /home/eagle/ws/install/eagle_msgs/include/eagle_msgs/eagle_msgs/msg/detail/cone_array__struct.h
[9.286s] -- Installing: /home/eagle/ws/install/eagle_msgs/include/eagle_msgs/eagle_msgs/msg/detail/cone__struct.h
[9.286s] -- Installing: /home/eagle/ws/install/eagle_msgs/include/eagle_msgs/eagle_msgs/msg/cone_array.h
[9.287s] -- Installing: /home/eagle/ws/install/eagle_msgs/share/eagle_msgs/environment/library_path.sh
[9.287s] -- Installing: /home/eagle/ws/install/eagle_msgs/share/eagle_msgs/environment/library_path.dsv
[9.287s] -- Installing: /home/eagle/ws/install/eagle_msgs/lib/libeagle_msgs__rosidl_generator_c.so
[9.287s] -- Set runtime path of "/home/eagle/ws/install/eagle_msgs/lib/libeagle_msgs__rosidl_generator_c.so" to ""
[9.288s] -- Up-to-date: /home/eagle/ws/install/eagle_msgs/include/eagle_msgs/eagle_msgs
[9.288s] -- Up-to-date: /home/eagle/ws/install/eagle_msgs/include/eagle_msgs/eagle_msgs/msg
[9.288s] -- Installing: /home/eagle/ws/install/eagle_msgs/include/eagle_msgs/eagle_msgs/msg/rosidl_typesupport_fastrtps_c__visibility_control.h
[9.288s] -- Up-to-date: /home/eagle/ws/install/eagle_msgs/include/eagle_msgs/eagle_msgs/msg/detail
[9.289s] -- Installing: /home/eagle/ws/install/eagle_msgs/include/eagle_msgs/eagle_msgs/msg/detail/cone_array__rosidl_typesupport_fastrtps_c.h
[9.289s] -- Installing: /home/eagle/ws/install/eagle_msgs/include/eagle_msgs/eagle_msgs/msg/detail/cone__rosidl_typesupport_fastrtps_c.h
[9.289s] -- Installing: /home/eagle/ws/install/eagle_msgs/lib/libeagle_msgs__rosidl_typesupport_fastrtps_c.so
[9.289s] -- Set runtime path of "/home/eagle/ws/install/eagle_msgs/lib/libeagle_msgs__rosidl_typesupport_fastrtps_c.so" to ""
[9.290s] -- Up-to-date: /home/eagle/ws/install/eagle_msgs/include/eagle_msgs/eagle_msgs
[9.290s] -- Up-to-date: /home/eagle/ws/install/eagle_msgs/include/eagle_msgs/eagle_msgs/msg
[9.290s] -- Installing: /home/eagle/ws/install/eagle_msgs/include/eagle_msgs/eagle_msgs/msg/rosidl_typesupport_introspection_c__visibility_control.h
[9.290s] -- Up-to-date: /home/eagle/ws/install/eagle_msgs/include/eagle_msgs/eagle_msgs/msg/detail
[9.290s] -- Installing: /home/eagle/ws/install/eagle_msgs/include/eagle_msgs/eagle_msgs/msg/detail/cone_array__type_support.c
[9.291s] -- Installing: /home/eagle/ws/install/eagle_msgs/include/eagle_msgs/eagle_msgs/msg/detail/cone__rosidl_typesupport_introspection_c.h
[9.291s] -- Installing: /home/eagle/ws/install/eagle_msgs/include/eagle_msgs/eagle_msgs/msg/detail/cone_array__rosidl_typesupport_introspection_c.h
[9.291s] -- Installing: /home/eagle/ws/install/eagle_msgs/include/eagle_msgs/eagle_msgs/msg/detail/cone__type_support.c
[9.291s] -- Installing: /home/eagle/ws/install/eagle_msgs/lib/libeagle_msgs__rosidl_typesupport_introspection_c.so
[9.292s] -- Set runtime path of "/home/eagle/ws/install/eagle_msgs/lib/libeagle_msgs__rosidl_typesupport_introspection_c.so" to ""
[9.292s] -- Installing: /home/eagle/ws/install/eagle_msgs/lib/libeagle_msgs__rosidl_typesupport_c.so
[9.292s] -- Set runtime path of "/home/eagle/ws/install/eagle_msgs/lib/libeagle_msgs__rosidl_typesupport_c.so" to ""
[9.292s] -- Up-to-date: /home/eagle/ws/install/eagle_msgs/include/eagle_msgs/eagle_msgs
[9.293s] -- Up-to-date: /home/eagle/ws/install/eagle_msgs/include/eagle_msgs/eagle_msgs/msg
[9.293s] -- Installing: /home/eagle/ws/install/eagle_msgs/include/eagle_msgs/eagle_msgs/msg/cone_array.hpp
[9.294s] -- Installing: /home/eagle/ws/install/eagle_msgs/include/eagle_msgs/eagle_msgs/msg/rosidl_generator_cpp__visibility_control.hpp
[9.294s] -- Installing: /home/eagle/ws/install/eagle_msgs/include/eagle_msgs/eagle_msgs/msg/cone.hpp
[9.294s] -- Up-to-date: /home/eagle/ws/install/eagle_msgs/include/eagle_msgs/eagle_msgs/msg/detail
[9.294s] -- Installing: /home/eagle/ws/install/eagle_msgs/include/eagle_msgs/eagle_msgs/msg/detail/cone_array__builder.hpp
[9.295s] -- Installing: /home/eagle/ws/install/eagle_msgs/include/eagle_msgs/eagle_msgs/msg/detail/cone__builder.hpp
[9.295s] -- Installing: /home/eagle/ws/install/eagle_msgs/include/eagle_msgs/eagle_msgs/msg/detail/cone__type_support.hpp
[9.296s] -- Installing: /home/eagle/ws/install/eagle_msgs/include/eagle_msgs/eagle_msgs/msg/detail/cone__traits.hpp
[9.296s] -- Installing: /home/eagle/ws/install/eagle_msgs/include/eagle_msgs/eagle_msgs/msg/detail/cone__struct.hpp
[9.297s] -- Installing: /home/eagle/ws/install/eagle_msgs/include/eagle_msgs/eagle_msgs/msg/detail/cone_array__traits.hpp
[9.297s] -- Installing: /home/eagle/ws/install/eagle_msgs/include/eagle_msgs/eagle_msgs/msg/detail/cone_array__type_support.hpp
[9.298s] -- Installing: /home/eagle/ws/install/eagle_msgs/include/eagle_msgs/eagle_msgs/msg/detail/cone_array__struct.hpp
[9.298s] -- Up-to-date: /home/eagle/ws/install/eagle_msgs/include/eagle_msgs/eagle_msgs
[9.298s] -- Up-to-date: /home/eagle/ws/install/eagle_msgs/include/eagle_msgs/eagle_msgs/msg
[9.299s] -- Installing: /home/eagle/ws/install/eagle_msgs/include/eagle_msgs/eagle_msgs/msg/rosidl_typesupport_fastrtps_cpp__visibility_control.h
[9.299s] -- Up-to-date: /home/eagle/ws/install/eagle_msgs/include/eagle_msgs/eagle_msgs/msg/detail
[9.299s] -- Installing: /home/eagle/ws/install/eagle_msgs/include/eagle_msgs/eagle_msgs/msg/detail/cone_array__rosidl_typesupport_fastrtps_cpp.hpp
[9.299s] -- Installing: /home/eagle/ws/install/eagle_msgs/include/eagle_msgs/eagle_msgs/msg/detail/cone__rosidl_typesupport_fastrtps_cpp.hpp
[9.300s] -- Installing: /home/eagle/ws/install/eagle_msgs/include/eagle_msgs/eagle_msgs/msg/detail/dds_fastrtps
[9.300s] -- Installing: /home/eagle/ws/install/eagle_msgs/lib/libeagle_msgs__rosidl_typesupport_fastrtps_cpp.so
[9.301s] -- Set runtime path of "/home/eagle/ws/install/eagle_msgs/lib/libeagle_msgs__rosidl_typesupport_fastrtps_cpp.so" to ""
[9.302s] -- Up-to-date: /home/eagle/ws/install/eagle_msgs/include/eagle_msgs/eagle_msgs
[9.302s] -- Up-to-date: /home/eagle/ws/install/eagle_msgs/include/eagle_msgs/eagle_msgs/msg
[9.302s] -- Up-to-date: /home/eagle/ws/install/eagle_msgs/include/eagle_msgs/eagle_msgs/msg/detail
[9.303s] -- Installing: /home/eagle/ws/install/eagle_msgs/include/eagle_msgs/eagle_msgs/msg/detail/cone__type_support.cpp
[9.303s] -- Installing: /home/eagle/ws/install/eagle_msgs/include/eagle_msgs/eagle_msgs/msg/detail/cone_array__rosidl_typesupport_introspection_cpp.hpp
[9.303s] -- Installing: /home/eagle/ws/install/eagle_msgs/include/eagle_msgs/eagle_msgs/msg/detail/cone_array__type_support.cpp
[9.304s] -- Installing: /home/eagle/ws/install/eagle_msgs/include/eagle_msgs/eagle_msgs/msg/detail/cone__rosidl_typesupport_introspection_cpp.hpp
[9.304s] -- Installing: /home/eagle/ws/install/eagle_msgs/lib/libeagle_msgs__rosidl_typesupport_introspection_cpp.so
[9.304s] -- Set runtime path of "/home/eagle/ws/install/eagle_msgs/lib/libeagle_msgs__rosidl_typesupport_introspection_cpp.so" to ""
[9.306s] -- Installing: /home/eagle/ws/install/eagle_msgs/lib/libeagle_msgs__rosidl_typesupport_cpp.so
[9.306s] -- Set runtime path of "/home/eagle/ws/install/eagle_msgs/lib/libeagle_msgs__rosidl_typesupport_cpp.so" to ""
[9.306s] -- Installing: /home/eagle/ws/install/eagle_msgs/share/eagle_msgs/environment/pythonpath.sh
[9.308s] -- Installing: /home/eagle/ws/install/eagle_msgs/share/eagle_msgs/environment/pythonpath.dsv
[9.308s] -- Installing: /home/eagle/ws/install/eagle_msgs/local/lib/python3.10/dist-packages/eagle_msgs-0.1.0-py3.10.egg-info
[9.308s] -- Installing: /home/eagle/ws/install/eagle_msgs/local/lib/python3.10/dist-packages/eagle_msgs-0.1.0-py3.10.egg-info/top_level.txt
[9.308s] -- Installing: /home/eagle/ws/install/eagle_msgs/local/lib/python3.10/dist-packages/eagle_msgs-0.1.0-py3.10.egg-info/SOURCES.txt
[9.309s] -- Installing: /home/eagle/ws/install/eagle_msgs/local/lib/python3.10/dist-packages/eagle_msgs-0.1.0-py3.10.egg-info/dependency_links.txt
[9.309s] -- Installing: /home/eagle/ws/install/eagle_msgs/local/lib/python3.10/dist-packages/eagle_msgs-0.1.0-py3.10.egg-info/PKG-INFO
[9.311s] -- Installing: /home/eagle/ws/install/eagle_msgs/local/lib/python3.10/dist-packages/eagle_msgs
[9.311s] -- Installing: /home/eagle/ws/install/eagle_msgs/local/lib/python3.10/dist-packages/eagle_msgs/__init__.py
[9.311s] -- Installing: /home/eagle/ws/install/eagle_msgs/local/lib/python3.10/dist-packages/eagle_msgs/_eagle_msgs_s.ep.rosidl_typesupport_introspection_c.c
[9.311s] -- Installing: /home/eagle/ws/install/eagle_msgs/local/lib/python3.10/dist-packages/eagle_msgs/msg
[9.312s] -- Installing: /home/eagle/ws/install/eagle_msgs/local/lib/python3.10/dist-packages/eagle_msgs/msg/__init__.py
[9.313s] -- Installing: /home/eagle/ws/install/eagle_msgs/local/lib/python3.10/dist-packages/eagle_msgs/msg/_cone_array.py
[9.313s] -- Installing: /home/eagle/ws/install/eagle_msgs/local/lib/python3.10/dist-packages/eagle_msgs/msg/_cone_s.c
[9.313s] -- Installing: /home/eagle/ws/install/eagle_msgs/local/lib/python3.10/dist-packages/eagle_msgs/msg/_cone.py
[9.314s] -- Installing: /home/eagle/ws/install/eagle_msgs/local/lib/python3.10/dist-packages/eagle_msgs/msg/_cone_array_s.c
[9.314s] -- Installing: /home/eagle/ws/install/eagle_msgs/local/lib/python3.10/dist-packages/eagle_msgs/_eagle_msgs_s.ep.rosidl_typesupport_fastrtps_c.c
[9.314s] -- Installing: /home/eagle/ws/install/eagle_msgs/local/lib/python3.10/dist-packages/eagle_msgs/eagle_msgs_s__rosidl_typesupport_fastrtps_c.cpython-310-x86_64-linux-gnu.so
[9.314s] -- Installing: /home/eagle/ws/install/eagle_msgs/local/lib/python3.10/dist-packages/eagle_msgs/_eagle_msgs_s.ep.rosidl_typesupport_c.c
[9.315s] -- Installing: /home/eagle/ws/install/eagle_msgs/local/lib/python3.10/dist-packages/eagle_msgs/eagle_msgs_s__rosidl_typesupport_introspection_c.cpython-310-x86_64-linux-gnu.so
[9.315s] -- Installing: /home/eagle/ws/install/eagle_msgs/local/lib/python3.10/dist-packages/eagle_msgs/libeagle_msgs__rosidl_generator_py.so
[9.315s] -- Installing: /home/eagle/ws/install/eagle_msgs/local/lib/python3.10/dist-packages/eagle_msgs/eagle_msgs_s__rosidl_typesupport_c.cpython-310-x86_64-linux-gnu.so
[9.400s] Listing '/home/eagle/ws/install/eagle_msgs/local/lib/python3.10/dist-packages/eagle_msgs'...
[9.400s] Compiling '/home/eagle/ws/install/eagle_msgs/local/lib/python3.10/dist-packages/eagle_msgs/__init__.py'...
[9.400s] Listing '/home/eagle/ws/install/eagle_msgs/local/lib/python3.10/dist-packages/eagle_msgs/msg'...
[9.400s] Compiling '/home/eagle/ws/install/eagle_msgs/local/lib/python3.10/dist-packages/eagle_msgs/msg/__init__.py'...
[9.400s] Compiling '/home/eagle/ws/install/eagle_msgs/local/lib/python3.10/dist-packages/eagle_msgs/msg/_cone.py'...
[9.401s] Compiling '/home/eagle/ws/install/eagle_msgs/local/lib/python3.10/dist-packages/eagle_msgs/msg/_cone_array.py'...
[9.410s] -- Installing: /home/eagle/ws/install/eagle_msgs/local/lib/python3.10/dist-packages/eagle_msgs/eagle_msgs_s__rosidl_typesupport_fastrtps_c.cpython-310-x86_64-linux-gnu.so
[9.411s] -- Set runtime path of "/home/eagle/ws/install/eagle_msgs/local/lib/python3.10/dist-packages/eagle_msgs/eagle_msgs_s__rosidl_typesupport_fastrtps_c.cpython-310-x86_64-linux-gnu.so" to ""
[9.413s] -- Installing: /home/eagle/ws/install/eagle_msgs/local/lib/python3.10/dist-packages/eagle_msgs/eagle_msgs_s__rosidl_typesupport_introspection_c.cpython-310-x86_64-linux-gnu.so
[9.414s] -- Set runtime path of "/home/eagle/ws/install/eagle_msgs/local/lib/python3.10/dist-packages/eagle_msgs/eagle_msgs_s__rosidl_typesupport_introspection_c.cpython-310-x86_64-linux-gnu.so" to ""
[9.414s] -- Installing: /home/eagle/ws/install/eagle_msgs/local/lib/python3.10/dist-packages/eagle_msgs/eagle_msgs_s__rosidl_typesupport_c.cpython-310-x86_64-linux-gnu.so
[9.415s] -- Set runtime path of "/home/eagle/ws/install/eagle_msgs/local/lib/python3.10/dist-packages/eagle_msgs/eagle_msgs_s__rosidl_typesupport_c.cpython-310-x86_64-linux-gnu.so" to ""
[9.415s] -- Installing: /home/eagle/ws/install/eagle_msgs/lib/libeagle_msgs__rosidl_generator_py.so
[9.417s] -- Set runtime path of "/home/eagle/ws/install/eagle_msgs/lib/libeagle_msgs__rosidl_generator_py.so" to ""
[9.417s] -- Installing: /home/eagle/ws/install/eagle_msgs/share/ament_index/resource_index/rust_packages/eagle_msgs
[9.419s] -- Installing: /home/eagle/ws/install/eagle_msgs/share/eagle_msgs/rust
[9.419s] -- Installing: /home/eagle/ws/install/eagle_msgs/share/eagle_msgs/rust/src
[9.419s] -- Installing: /home/eagle/ws/install/eagle_msgs/share/eagle_msgs/rust/src/lib.rs
[9.420s] -- Installing: /home/eagle/ws/install/eagle_msgs/share/eagle_msgs/rust/src/msg
[9.420s] -- Installing: /home/eagle/ws/install/eagle_msgs/share/eagle_msgs/rust/src/msg/rmw.rs
[9.420s] -- Installing: /home/eagle/ws/install/eagle_msgs/share/eagle_msgs/rust/src/msg.rs
[9.421s] -- Installing: /home/eagle/ws/install/eagle_msgs/share/eagle_msgs/rust/build.rs
[9.421s] -- Installing: /home/eagle/ws/install/eagle_msgs/share/eagle_msgs/rust/Cargo.toml
[9.421s] -- Installing: /home/eagle/ws/install/eagle_msgs/share/eagle_msgs/msg/Cone.idl
[9.422s] -- Installing: /home/eagle/ws/install/eagle_msgs/share/eagle_msgs/msg/ConeArray.idl
[9.422s] -- Installing: /home/eagle/ws/install/eagle_msgs/share/eagle_msgs/msg/Cone.msg
[9.422s] -- Installing: /home/eagle/ws/install/eagle_msgs/share/eagle_msgs/msg/ConeArray.msg
[9.422s] -- Installing: /home/eagle/ws/install/eagle_msgs/share/ament_index/resource_index/package_run_dependencies/eagle_msgs
[9.423s] -- Installing: /home/eagle/ws/install/eagle_msgs/share/ament_index/resource_index/parent_prefix_path/eagle_msgs
[9.425s] -- Installing: /home/eagle/ws/install/eagle_msgs/share/eagle_msgs/environment/ament_prefix_path.sh
[9.425s] -- Installing: /home/eagle/ws/install/eagle_msgs/share/eagle_msgs/environment/ament_prefix_path.dsv
[9.426s] -- Installing: /home/eagle/ws/install/eagle_msgs/share/eagle_msgs/environment/path.sh
[9.426s] -- Installing: /home/eagle/ws/install/eagle_msgs/share/eagle_msgs/environment/path.dsv
[9.427s] -- Installing: /home/eagle/ws/install/eagle_msgs/share/eagle_msgs/local_setup.bash
[9.427s] -- Installing: /home/eagle/ws/install/eagle_msgs/share/eagle_msgs/local_setup.sh
[9.427s] -- Installing: /home/eagle/ws/install/eagle_msgs/share/eagle_msgs/local_setup.zsh
[9.428s] -- Installing: /home/eagle/ws/install/eagle_msgs/share/eagle_msgs/local_setup.dsv
[9.429s] -- Installing: /home/eagle/ws/install/eagle_msgs/share/eagle_msgs/package.dsv
[9.429s] -- Installing: /home/eagle/ws/install/eagle_msgs/share/ament_index/resource_index/packages/eagle_msgs
[9.429s] -- Installing: /home/eagle/ws/install/eagle_msgs/share/eagle_msgs/cmake/export_eagle_msgs__rosidl_generator_cExport.cmake
[9.430s] -- Installing: /home/eagle/ws/install/eagle_msgs/share/eagle_msgs/cmake/export_eagle_msgs__rosidl_generator_cExport-noconfig.cmake
[9.430s] -- Installing: /home/eagle/ws/install/eagle_msgs/share/eagle_msgs/cmake/export_eagle_msgs__rosidl_typesupport_fastrtps_cExport.cmake
[9.431s] -- Installing: /home/eagle/ws/install/eagle_msgs/share/eagle_msgs/cmake/export_eagle_msgs__rosidl_typesupport_fastrtps_cExport-noconfig.cmake
[9.434s] -- Installing: /home/eagle/ws/install/eagle_msgs/share/eagle_msgs/cmake/eagle_msgs__rosidl_typesupport_introspection_cExport.cmake
[9.434s] -- Installing: /home/eagle/ws/install/eagle_msgs/share/eagle_msgs/cmake/eagle_msgs__rosidl_typesupport_introspection_cExport-noconfig.cmake
[9.434s] -- Installing: /home/eagle/ws/install/eagle_msgs/share/eagle_msgs/cmake/eagle_msgs__rosidl_typesupport_cExport.cmake
[9.435s] -- Installing: /home/eagle/ws/install/eagle_msgs/share/eagle_msgs/cmake/eagle_msgs__rosidl_typesupport_cExport-noconfig.cmake
[9.435s] -- Installing: /home/eagle/ws/install/eagle_msgs/share/eagle_msgs/cmake/export_eagle_msgs__rosidl_generator_cppExport.cmake
[9.436s] -- Installing: /home/eagle/ws/install/eagle_msgs/share/eagle_msgs/cmake/export_eagle_msgs__rosidl_typesupport_fastrtps_cppExport.cmake
[9.437s] -- Installing: /home/eagle/ws/install/eagle_msgs/share/eagle_msgs/cmake/export_eagle_msgs__rosidl_typesupport_fastrtps_cppExport-noconfig.cmake
[9.437s] -- Installing: /home/eagle/ws/install/eagle_msgs/share/eagle_msgs/cmake/eagle_msgs__rosidl_typesupport_introspection_cppExport.cmake
[9.439s] -- Installing: /home/eagle/ws/install/eagle_msgs/share/eagle_msgs/cmake/eagle_msgs__rosidl_typesupport_introspection_cppExport-noconfig.cmake
[9.440s] -- Installing: /home/eagle/ws/install/eagle_msgs/share/eagle_msgs/cmake/eagle_msgs__rosidl_typesupport_cppExport.cmake
[9.440s] -- Installing: /home/eagle/ws/install/eagle_msgs/share/eagle_msgs/cmake/eagle_msgs__rosidl_typesupport_cppExport-noconfig.cmake
[9.441s] -- Installing: /home/eagle/ws/install/eagle_msgs/share/eagle_msgs/cmake/export_eagle_msgs__rosidl_generator_pyExport.cmake
[9.442s] -- Installing: /home/eagle/ws/install/eagle_msgs/share/eagle_msgs/cmake/export_eagle_msgs__rosidl_generator_pyExport-noconfig.cmake
[9.442s] -- Installing: /home/eagle/ws/install/eagle_msgs/share/eagle_msgs/cmake/rosidl_cmake-extras.cmake
[9.444s] -- Installing: /home/eagle/ws/install/eagle_msgs/share/eagle_msgs/cmake/ament_cmake_export_dependencies-extras.cmake
[9.444s] -- Installing: /home/eagle/ws/install/eagle_msgs/share/eagle_msgs/cmake/ament_cmake_export_include_directories-extras.cmake
[9.444s] -- Installing: /home/eagle/ws/install/eagle_msgs/share/eagle_msgs/cmake/ament_cmake_export_libraries-extras.cmake
[9.445s] -- Installing: /home/eagle/ws/install/eagle_msgs/share/eagle_msgs/cmake/ament_cmake_export_targets-extras.cmake
[9.445s] -- Installing: /home/eagle/ws/install/eagle_msgs/share/eagle_msgs/cmake/rosidl_cmake_export_typesupport_targets-extras.cmake
[9.447s] -- Installing: /home/eagle/ws/install/eagle_msgs/share/eagle_msgs/cmake/rosidl_cmake_export_typesupport_libraries-extras.cmake
[9.447s] -- Installing: /home/eagle/ws/install/eagle_msgs/share/eagle_msgs/cmake/rosidl_cmake_aggregate_target-extras.cmake
[9.447s] -- Installing: /home/eagle/ws/install/eagle_msgs/share/eagle_msgs/cmake/eagle_msgsConfig.cmake
[9.447s] -- Installing: /home/eagle/ws/install/eagle_msgs/share/eagle_msgs/cmake/eagle_msgsConfig-version.cmake
[9.448s] -- Installing: /home/eagle/ws/install/eagle_msgs/share/eagle_msgs/package.xml
[9.455s] Invoked command in '/home/eagle/ws/build/eagle_msgs' returned '0': CMAKE_PREFIX_PATH=/opt/ros/humble /usr/bin/cmake --install /home/eagle/ws/build/eagle_msgs
