[0.128s] DEBUG:colcon:Command line arguments: ['/usr/bin/colcon', 'build', '--packages-select', 'ctrl']
[0.128s] DEBUG:colcon:Parsed command line arguments: Namespace(log_base=None, log_level=None, verb_name='build', build_base='build', install_base='install', merge_install=False, symlink_install=False, test_result_base=None, continue_on_error=False, executor='parallel', parallel_workers=4, event_handlers=None, ignore_user_meta=False, metas=['./colcon.meta'], base_paths=['.'], packages_ignore=None, packages_ignore_regex=None, paths=None, packages_up_to=None, packages_up_to_regex=None, packages_above=None, packages_above_and_dependencies=None, packages_above_depth=None, packages_select_by_dep=None, packages_skip_by_dep=None, packages_skip_up_to=None, packages_select_build_failed=False, packages_skip_build_finished=False, packages_select_test_failures=False, packages_skip_test_passed=False, packages_select=['ctrl'], packages_skip=None, packages_select_regex=None, packages_skip_regex=None, packages_start=None, packages_end=None, cmake_args=None, cmake_target=None, cmake_target_skip_unavailable=False, cmake_clean_cache=False, cmake_clean_first=False, cmake_force_configure=False, ament_cmake_args=None, catkin_cmake_args=None, catkin_skip_building_tests=False, mixin_files=None, mixin=None, verb_parser=<colcon_mixin.mixin.mixin_argument.MixinArgumentDecorator object at 0x7fb7943800a0>, verb_extension=<colcon_core.verb.build.BuildVerb object at 0x7fb794469810>, main=<bound method BuildVerb.main of <colcon_core.verb.build.BuildVerb object at 0x7fb794469810>>, mixin_verb=('build',))
[0.306s] Level 1:colcon.colcon_core.package_discovery:discover_packages(colcon_meta) check parameters
[0.306s] Level 1:colcon.colcon_core.package_discovery:discover_packages(recursive) check parameters
[0.306s] Level 1:colcon.colcon_core.package_discovery:discover_packages(ignore) check parameters
[0.306s] Level 1:colcon.colcon_core.package_discovery:discover_packages(path) check parameters
[0.306s] Level 1:colcon.colcon_core.package_discovery:discover_packages(colcon_meta) discover
[0.307s] Level 1:colcon.colcon_core.package_discovery:discover_packages(recursive) discover
[0.307s] INFO:colcon.colcon_core.package_discovery:Crawling recursively for packages in '/home/eagle/ws'
[0.307s] Level 1:colcon.colcon_core.package_identification:_identify(.) by extensions ['ignore', 'ignore_ament_install']
[0.307s] Level 1:colcon.colcon_core.package_identification:_identify(.) by extension 'ignore'
[0.307s] Level 1:colcon.colcon_core.package_identification:_identify(.) by extension 'ignore_ament_install'
[0.307s] Level 1:colcon.colcon_core.package_identification:_identify(.) by extensions ['colcon_pkg']
[0.307s] Level 1:colcon.colcon_core.package_identification:_identify(.) by extension 'colcon_pkg'
[0.307s] Level 1:colcon.colcon_core.package_identification:_identify(.) by extensions ['colcon_meta']
[0.308s] Level 1:colcon.colcon_core.package_identification:_identify(.) by extension 'colcon_meta'
[0.308s] Level 1:colcon.colcon_core.package_identification:_identify(.) by extensions ['ros']
[0.308s] Level 1:colcon.colcon_core.package_identification:_identify(.) by extension 'ros'
[0.322s] Level 1:colcon.colcon_core.package_identification:_identify(.) by extensions ['cmake', 'python']
[0.322s] Level 1:colcon.colcon_core.package_identification:_identify(.) by extension 'cmake'
[0.322s] Level 1:colcon.colcon_core.package_identification:_identify(.) by extension 'python'
[0.322s] Level 1:colcon.colcon_core.package_identification:_identify(.) by extensions ['python_setup_py']
[0.323s] Level 1:colcon.colcon_core.package_identification:_identify(.) by extension 'python_setup_py'
[0.323s] Level 1:colcon.colcon_core.package_identification:_identify(build) by extensions ['ignore', 'ignore_ament_install']
[0.323s] Level 1:colcon.colcon_core.package_identification:_identify(build) by extension 'ignore'
[0.323s] Level 1:colcon.colcon_core.package_identification:_identify(build) ignored
[0.323s] Level 1:colcon.colcon_core.package_identification:_identify(can) by extensions ['ignore', 'ignore_ament_install']
[0.324s] Level 1:colcon.colcon_core.package_identification:_identify(can) by extension 'ignore'
[0.324s] Level 1:colcon.colcon_core.package_identification:_identify(can) by extension 'ignore_ament_install'
[0.324s] Level 1:colcon.colcon_core.package_identification:_identify(can) by extensions ['colcon_pkg']
[0.324s] Level 1:colcon.colcon_core.package_identification:_identify(can) by extension 'colcon_pkg'
[0.324s] Level 1:colcon.colcon_core.package_identification:_identify(can) by extensions ['colcon_meta']
[0.324s] Level 1:colcon.colcon_core.package_identification:_identify(can) by extension 'colcon_meta'
[0.324s] Level 1:colcon.colcon_core.package_identification:_identify(can) by extensions ['ros']
[0.324s] Level 1:colcon.colcon_core.package_identification:_identify(can) by extension 'ros'
[0.324s] Level 1:colcon.colcon_core.package_identification:_identify(can) by extensions ['cmake', 'python']
[0.324s] Level 1:colcon.colcon_core.package_identification:_identify(can) by extension 'cmake'
[0.324s] Level 1:colcon.colcon_core.package_identification:_identify(can) by extension 'python'
[0.325s] Level 1:colcon.colcon_core.package_identification:_identify(can) by extensions ['python_setup_py']
[0.325s] Level 1:colcon.colcon_core.package_identification:_identify(can) by extension 'python_setup_py'
[0.325s] Level 1:colcon.colcon_core.package_identification:_identify(docker) by extensions ['ignore', 'ignore_ament_install']
[0.325s] Level 1:colcon.colcon_core.package_identification:_identify(docker) by extension 'ignore'
[0.325s] Level 1:colcon.colcon_core.package_identification:_identify(docker) by extension 'ignore_ament_install'
[0.325s] Level 1:colcon.colcon_core.package_identification:_identify(docker) by extensions ['colcon_pkg']
[0.325s] Level 1:colcon.colcon_core.package_identification:_identify(docker) by extension 'colcon_pkg'
[0.325s] Level 1:colcon.colcon_core.package_identification:_identify(docker) by extensions ['colcon_meta']
[0.325s] Level 1:colcon.colcon_core.package_identification:_identify(docker) by extension 'colcon_meta'
[0.325s] Level 1:colcon.colcon_core.package_identification:_identify(docker) by extensions ['ros']
[0.326s] Level 1:colcon.colcon_core.package_identification:_identify(docker) by extension 'ros'
[0.326s] Level 1:colcon.colcon_core.package_identification:_identify(docker) by extensions ['cmake', 'python']
[0.326s] Level 1:colcon.colcon_core.package_identification:_identify(docker) by extension 'cmake'
[0.326s] Level 1:colcon.colcon_core.package_identification:_identify(docker) by extension 'python'
[0.326s] Level 1:colcon.colcon_core.package_identification:_identify(docker) by extensions ['python_setup_py']
[0.326s] Level 1:colcon.colcon_core.package_identification:_identify(docker) by extension 'python_setup_py'
[0.326s] Level 1:colcon.colcon_core.package_identification:_identify(install) by extensions ['ignore', 'ignore_ament_install']
[0.326s] Level 1:colcon.colcon_core.package_identification:_identify(install) by extension 'ignore'
[0.327s] Level 1:colcon.colcon_core.package_identification:_identify(install) ignored
[0.327s] Level 1:colcon.colcon_core.package_identification:_identify(log) by extensions ['ignore', 'ignore_ament_install']
[0.327s] Level 1:colcon.colcon_core.package_identification:_identify(log) by extension 'ignore'
[0.327s] Level 1:colcon.colcon_core.package_identification:_identify(log) ignored
[0.327s] Level 1:colcon.colcon_core.package_identification:_identify(src) by extensions ['ignore', 'ignore_ament_install']
[0.327s] Level 1:colcon.colcon_core.package_identification:_identify(src) by extension 'ignore'
[0.327s] Level 1:colcon.colcon_core.package_identification:_identify(src) by extension 'ignore_ament_install'
[0.328s] Level 1:colcon.colcon_core.package_identification:_identify(src) by extensions ['colcon_pkg']
[0.328s] Level 1:colcon.colcon_core.package_identification:_identify(src) by extension 'colcon_pkg'
[0.328s] Level 1:colcon.colcon_core.package_identification:_identify(src) by extensions ['colcon_meta']
[0.328s] Level 1:colcon.colcon_core.package_identification:_identify(src) by extension 'colcon_meta'
[0.328s] Level 1:colcon.colcon_core.package_identification:_identify(src) by extensions ['ros']
[0.328s] Level 1:colcon.colcon_core.package_identification:_identify(src) by extension 'ros'
[0.328s] Level 1:colcon.colcon_core.package_identification:_identify(src) by extensions ['cmake', 'python']
[0.328s] Level 1:colcon.colcon_core.package_identification:_identify(src) by extension 'cmake'
[0.328s] Level 1:colcon.colcon_core.package_identification:_identify(src) by extension 'python'
[0.328s] Level 1:colcon.colcon_core.package_identification:_identify(src) by extensions ['python_setup_py']
[0.329s] Level 1:colcon.colcon_core.package_identification:_identify(src) by extension 'python_setup_py'
[0.329s] Level 1:colcon.colcon_core.package_identification:_identify(src/ctrl) by extensions ['ignore', 'ignore_ament_install']
[0.329s] Level 1:colcon.colcon_core.package_identification:_identify(src/ctrl) by extension 'ignore'
[0.329s] Level 1:colcon.colcon_core.package_identification:_identify(src/ctrl) by extension 'ignore_ament_install'
[0.329s] Level 1:colcon.colcon_core.package_identification:_identify(src/ctrl) by extensions ['colcon_pkg']
[0.329s] Level 1:colcon.colcon_core.package_identification:_identify(src/ctrl) by extension 'colcon_pkg'
[0.329s] Level 1:colcon.colcon_core.package_identification:_identify(src/ctrl) by extensions ['colcon_meta']
[0.329s] Level 1:colcon.colcon_core.package_identification:_identify(src/ctrl) by extension 'colcon_meta'
[0.330s] Level 1:colcon.colcon_core.package_identification:_identify(src/ctrl) by extensions ['ros']
[0.330s] Level 1:colcon.colcon_core.package_identification:_identify(src/ctrl) by extension 'ros'
[0.334s] DEBUG:colcon.colcon_core.package_identification:Package 'src/ctrl' with type 'ros.ament_cmake' and name 'ctrl'
[0.335s] Level 1:colcon.colcon_core.package_identification:_identify(src/eagle_msgs) by extensions ['ignore', 'ignore_ament_install']
[0.335s] Level 1:colcon.colcon_core.package_identification:_identify(src/eagle_msgs) by extension 'ignore'
[0.335s] Level 1:colcon.colcon_core.package_identification:_identify(src/eagle_msgs) by extension 'ignore_ament_install'
[0.335s] Level 1:colcon.colcon_core.package_identification:_identify(src/eagle_msgs) by extensions ['colcon_pkg']
[0.335s] Level 1:colcon.colcon_core.package_identification:_identify(src/eagle_msgs) by extension 'colcon_pkg'
[0.335s] Level 1:colcon.colcon_core.package_identification:_identify(src/eagle_msgs) by extensions ['colcon_meta']
[0.335s] Level 1:colcon.colcon_core.package_identification:_identify(src/eagle_msgs) by extension 'colcon_meta'
[0.336s] Level 1:colcon.colcon_core.package_identification:_identify(src/eagle_msgs) by extensions ['ros']
[0.336s] Level 1:colcon.colcon_core.package_identification:_identify(src/eagle_msgs) by extension 'ros'
[0.337s] DEBUG:colcon.colcon_core.package_identification:Package 'src/eagle_msgs' with type 'ros.ament_cmake' and name 'eagle_msgs'
[0.337s] Level 1:colcon.colcon_core.package_identification:_identify(src/eagle_sim) by extensions ['ignore', 'ignore_ament_install']
[0.338s] Level 1:colcon.colcon_core.package_identification:_identify(src/eagle_sim) by extension 'ignore'
[0.338s] Level 1:colcon.colcon_core.package_identification:_identify(src/eagle_sim) by extension 'ignore_ament_install'
[0.338s] Level 1:colcon.colcon_core.package_identification:_identify(src/eagle_sim) by extensions ['colcon_pkg']
[0.338s] Level 1:colcon.colcon_core.package_identification:_identify(src/eagle_sim) by extension 'colcon_pkg'
[0.338s] Level 1:colcon.colcon_core.package_identification:_identify(src/eagle_sim) by extensions ['colcon_meta']
[0.338s] Level 1:colcon.colcon_core.package_identification:_identify(src/eagle_sim) by extension 'colcon_meta'
[0.338s] Level 1:colcon.colcon_core.package_identification:_identify(src/eagle_sim) by extensions ['ros']
[0.338s] Level 1:colcon.colcon_core.package_identification:_identify(src/eagle_sim) by extension 'ros'
[0.340s] DEBUG:colcon.colcon_core.package_identification:Package 'src/eagle_sim' with type 'ros.ament_python' and name 'eagle_sim'
[0.340s] Level 1:colcon.colcon_core.package_discovery:discover_packages(recursive) using defaults
[0.340s] Level 1:colcon.colcon_core.package_discovery:discover_packages(ignore) discover
[0.340s] Level 1:colcon.colcon_core.package_discovery:discover_packages(ignore) using defaults
[0.340s] Level 1:colcon.colcon_core.package_discovery:discover_packages(path) discover
[0.340s] Level 1:colcon.colcon_core.package_discovery:discover_packages(path) using defaults
[0.367s] INFO:colcon.colcon_core.package_selection:Skipping not selected package 'eagle_msgs' in 'src/eagle_msgs'
[0.367s] INFO:colcon.colcon_core.package_selection:Skipping not selected package 'eagle_sim' in 'src/eagle_sim'
[0.367s] Level 5:colcon.colcon_core.verb:set package 'ctrl' build argument 'cmake_args' from command line to 'None'
[0.367s] Level 5:colcon.colcon_core.verb:set package 'ctrl' build argument 'cmake_target' from command line to 'None'
[0.367s] Level 5:colcon.colcon_core.verb:set package 'ctrl' build argument 'cmake_target_skip_unavailable' from command line to 'False'
[0.368s] Level 5:colcon.colcon_core.verb:set package 'ctrl' build argument 'cmake_clean_cache' from command line to 'False'
[0.368s] Level 5:colcon.colcon_core.verb:set package 'ctrl' build argument 'cmake_clean_first' from command line to 'False'
[0.368s] Level 5:colcon.colcon_core.verb:set package 'ctrl' build argument 'cmake_force_configure' from command line to 'False'
[0.368s] Level 5:colcon.colcon_core.verb:set package 'ctrl' build argument 'ament_cmake_args' from command line to 'None'
[0.368s] Level 5:colcon.colcon_core.verb:set package 'ctrl' build argument 'catkin_cmake_args' from command line to 'None'
[0.368s] Level 5:colcon.colcon_core.verb:set package 'ctrl' build argument 'catkin_skip_building_tests' from command line to 'False'
[0.368s] DEBUG:colcon.colcon_core.verb:Building package 'ctrl' with the following arguments: {'ament_cmake_args': None, 'build_base': '/home/eagle/ws/build/ctrl', 'catkin_cmake_args': None, 'catkin_skip_building_tests': False, 'cmake_args': None, 'cmake_clean_cache': False, 'cmake_clean_first': False, 'cmake_force_configure': False, 'cmake_target': None, 'cmake_target_skip_unavailable': False, 'install_base': '/home/eagle/ws/install/ctrl', 'merge_install': False, 'path': '/home/eagle/ws/src/ctrl', 'symlink_install': False, 'test_result_base': None}
[0.368s] INFO:colcon.colcon_core.executor:Executing jobs using 'parallel' executor
[0.371s] DEBUG:colcon.colcon_parallel_executor.executor.parallel:run_until_complete
[0.371s] INFO:colcon.colcon_ros.task.ament_cmake.build:Building ROS package in '/home/eagle/ws/src/ctrl' with build type 'ament_cmake'
[0.371s] INFO:colcon.colcon_cmake.task.cmake.build:Building CMake package in '/home/eagle/ws/src/ctrl'
[0.376s] INFO:colcon.colcon_core.plugin_system:Skipping extension 'colcon_core.shell.bat': Not used on non-Windows systems
[0.376s] INFO:colcon.colcon_core.shell:Skip shell extension 'powershell' for command environment: Not usable outside of PowerShell
[0.376s] DEBUG:colcon.colcon_core.shell:Skip shell extension 'dsv' for command environment
[0.380s] ERROR:colcon.colcon_cmake.task.cmake.build:Failed to find the following files:
- /home/eagle/ws/install/eagle_msgs/share/eagle_msgs/package.sh
Check that the following packages have been built:
- eagle_msgs
[0.381s] Level 1:colcon.colcon_core.environment:create_environment_scripts_only(ctrl)
[0.385s] Level 1:colcon.colcon_core.environment:checking '/home/eagle/ws/install/ctrl' for CMake module files
[0.385s] Level 1:colcon.colcon_core.environment:checking '/home/eagle/ws/install/ctrl' for CMake config files
[0.386s] Level 1:colcon.colcon_core.environment:checking '/home/eagle/ws/install/ctrl/bin'
[0.386s] Level 1:colcon.colcon_core.environment:checking '/home/eagle/ws/install/ctrl/lib/pkgconfig/ctrl.pc'
[0.389s] Level 1:colcon.colcon_core.environment:checking '/home/eagle/ws/install/ctrl/lib/python3.10/site-packages'
[0.390s] Level 1:colcon.colcon_core.environment:checking '/home/eagle/ws/install/ctrl/bin'
[0.390s] INFO:colcon.colcon_core.shell:Creating package script '/home/eagle/ws/install/ctrl/share/ctrl/package.ps1'
[0.393s] INFO:colcon.colcon_core.shell:Creating package descriptor '/home/eagle/ws/install/ctrl/share/ctrl/package.dsv'
[0.394s] INFO:colcon.colcon_core.shell:Creating package script '/home/eagle/ws/install/ctrl/share/ctrl/package.sh'
[0.396s] INFO:colcon.colcon_core.shell:Creating package script '/home/eagle/ws/install/ctrl/share/ctrl/package.bash'
[0.398s] INFO:colcon.colcon_core.shell:Creating package script '/home/eagle/ws/install/ctrl/share/ctrl/package.zsh'
[0.400s] Level 1:colcon.colcon_core.environment:create_file_with_runtime_dependencies(/home/eagle/ws/install/ctrl/share/colcon-core/packages/ctrl)
[0.410s] DEBUG:colcon.colcon_parallel_executor.executor.parallel:closing loop
[0.410s] DEBUG:colcon.colcon_parallel_executor.executor.parallel:loop closed
[0.411s] DEBUG:colcon.colcon_parallel_executor.executor.parallel:run_until_complete finished with '1'
[0.411s] DEBUG:colcon.colcon_core.event_reactor:joining thread
[0.418s] INFO:colcon.colcon_core.plugin_system:Skipping extension 'colcon_notification.desktop_notification.notify_send': Could not find 'notify-send'
[0.418s] INFO:colcon.colcon_core.plugin_system:Skipping extension 'colcon_notification.desktop_notification.terminal_notifier': Not used on non-Darwin systems
[0.419s] INFO:colcon.colcon_core.plugin_system:Skipping extension 'colcon_notification.desktop_notification.win32': Not used on non-Windows systems
[0.419s] INFO:colcon.colcon_notification.desktop_notification:Sending desktop notification using 'notify2'
[0.421s] DEBUG:colcon.colcon_notification.desktop_notification.notify2:Failed to initialize notify2: org.freedesktop.DBus.Error.Spawn.ExecFailed: /usr/bin/dbus-launch terminated abnormally without any error message
[0.422s] DEBUG:colcon.colcon_core.event_reactor:joined thread
[0.423s] INFO:colcon.colcon_core.shell:Creating prefix script '/home/eagle/ws/install/local_setup.ps1'
[0.426s] INFO:colcon.colcon_core.shell:Creating prefix util module '/home/eagle/ws/install/_local_setup_util_ps1.py'
[0.431s] INFO:colcon.colcon_core.shell:Creating prefix chain script '/home/eagle/ws/install/setup.ps1'
[0.433s] INFO:colcon.colcon_core.shell:Creating prefix script '/home/eagle/ws/install/local_setup.sh'
[0.436s] INFO:colcon.colcon_core.shell:Creating prefix util module '/home/eagle/ws/install/_local_setup_util_sh.py'
[0.437s] INFO:colcon.colcon_core.shell:Creating prefix chain script '/home/eagle/ws/install/setup.sh'
[0.440s] INFO:colcon.colcon_core.shell:Creating prefix script '/home/eagle/ws/install/local_setup.bash'
[0.441s] INFO:colcon.colcon_core.shell:Creating prefix chain script '/home/eagle/ws/install/setup.bash'
[0.444s] INFO:colcon.colcon_core.shell:Creating prefix script '/home/eagle/ws/install/local_setup.zsh'
[0.445s] INFO:colcon.colcon_core.shell:Creating prefix chain script '/home/eagle/ws/install/setup.zsh'
