[0.141s] DEBUG:colcon:Command line arguments: ['/usr/bin/colcon', 'build', '--packages-up-to', 'ctrl']
[0.141s] DEBUG:colcon:Parsed command line arguments: Namespace(log_base=None, log_level=None, verb_name='build', build_base='build', install_base='install', merge_install=False, symlink_install=False, test_result_base=None, continue_on_error=False, executor='parallel', parallel_workers=4, event_handlers=None, ignore_user_meta=False, metas=['./colcon.meta'], base_paths=['.'], packages_ignore=None, packages_ignore_regex=None, paths=None, packages_up_to=['ctrl'], packages_up_to_regex=None, packages_above=None, packages_above_and_dependencies=None, packages_above_depth=None, packages_select_by_dep=None, packages_skip_by_dep=None, packages_skip_up_to=None, packages_select_build_failed=False, packages_skip_build_finished=False, packages_select_test_failures=False, packages_skip_test_passed=False, packages_select=None, packages_skip=None, packages_select_regex=None, packages_skip_regex=None, packages_start=None, packages_end=None, cmake_args=None, cmake_target=None, cmake_target_skip_unavailable=False, cmake_clean_cache=False, cmake_clean_first=False, cmake_force_configure=False, ament_cmake_args=None, catkin_cmake_args=None, catkin_skip_building_tests=False, mixin_files=None, mixin=None, verb_parser=<colcon_mixin.mixin.mixin_argument.MixinArgumentDecorator object at 0x7f24babe80a0>, verb_extension=<colcon_core.verb.build.BuildVerb object at 0x7f24bacd5810>, main=<bound method BuildVerb.main of <colcon_core.verb.build.BuildVerb object at 0x7f24bacd5810>>, mixin_verb=('build',))
[0.314s] Level 1:colcon.colcon_core.package_discovery:discover_packages(colcon_meta) check parameters
[0.314s] Level 1:colcon.colcon_core.package_discovery:discover_packages(recursive) check parameters
[0.314s] Level 1:colcon.colcon_core.package_discovery:discover_packages(ignore) check parameters
[0.315s] Level 1:colcon.colcon_core.package_discovery:discover_packages(path) check parameters
[0.315s] Level 1:colcon.colcon_core.package_discovery:discover_packages(colcon_meta) discover
[0.315s] Level 1:colcon.colcon_core.package_discovery:discover_packages(recursive) discover
[0.315s] INFO:colcon.colcon_core.package_discovery:Crawling recursively for packages in '/home/eagle/ws'
[0.315s] Level 1:colcon.colcon_core.package_identification:_identify(.) by extensions ['ignore', 'ignore_ament_install']
[0.315s] Level 1:colcon.colcon_core.package_identification:_identify(.) by extension 'ignore'
[0.315s] Level 1:colcon.colcon_core.package_identification:_identify(.) by extension 'ignore_ament_install'
[0.316s] Level 1:colcon.colcon_core.package_identification:_identify(.) by extensions ['colcon_pkg']
[0.316s] Level 1:colcon.colcon_core.package_identification:_identify(.) by extension 'colcon_pkg'
[0.316s] Level 1:colcon.colcon_core.package_identification:_identify(.) by extensions ['colcon_meta']
[0.316s] Level 1:colcon.colcon_core.package_identification:_identify(.) by extension 'colcon_meta'
[0.316s] Level 1:colcon.colcon_core.package_identification:_identify(.) by extensions ['ros']
[0.316s] Level 1:colcon.colcon_core.package_identification:_identify(.) by extension 'ros'
[0.330s] Level 1:colcon.colcon_core.package_identification:_identify(.) by extensions ['cmake', 'python']
[0.330s] Level 1:colcon.colcon_core.package_identification:_identify(.) by extension 'cmake'
[0.330s] Level 1:colcon.colcon_core.package_identification:_identify(.) by extension 'python'
[0.330s] Level 1:colcon.colcon_core.package_identification:_identify(.) by extensions ['python_setup_py']
[0.330s] Level 1:colcon.colcon_core.package_identification:_identify(.) by extension 'python_setup_py'
[0.331s] Level 1:colcon.colcon_core.package_identification:_identify(build) by extensions ['ignore', 'ignore_ament_install']
[0.331s] Level 1:colcon.colcon_core.package_identification:_identify(build) by extension 'ignore'
[0.331s] Level 1:colcon.colcon_core.package_identification:_identify(build) ignored
[0.331s] Level 1:colcon.colcon_core.package_identification:_identify(can) by extensions ['ignore', 'ignore_ament_install']
[0.332s] Level 1:colcon.colcon_core.package_identification:_identify(can) by extension 'ignore'
[0.332s] Level 1:colcon.colcon_core.package_identification:_identify(can) by extension 'ignore_ament_install'
[0.332s] Level 1:colcon.colcon_core.package_identification:_identify(can) by extensions ['colcon_pkg']
[0.332s] Level 1:colcon.colcon_core.package_identification:_identify(can) by extension 'colcon_pkg'
[0.332s] Level 1:colcon.colcon_core.package_identification:_identify(can) by extensions ['colcon_meta']
[0.332s] Level 1:colcon.colcon_core.package_identification:_identify(can) by extension 'colcon_meta'
[0.332s] Level 1:colcon.colcon_core.package_identification:_identify(can) by extensions ['ros']
[0.332s] Level 1:colcon.colcon_core.package_identification:_identify(can) by extension 'ros'
[0.333s] Level 1:colcon.colcon_core.package_identification:_identify(can) by extensions ['cmake', 'python']
[0.333s] Level 1:colcon.colcon_core.package_identification:_identify(can) by extension 'cmake'
[0.333s] Level 1:colcon.colcon_core.package_identification:_identify(can) by extension 'python'
[0.333s] Level 1:colcon.colcon_core.package_identification:_identify(can) by extensions ['python_setup_py']
[0.333s] Level 1:colcon.colcon_core.package_identification:_identify(can) by extension 'python_setup_py'
[0.333s] Level 1:colcon.colcon_core.package_identification:_identify(docker) by extensions ['ignore', 'ignore_ament_install']
[0.333s] Level 1:colcon.colcon_core.package_identification:_identify(docker) by extension 'ignore'
[0.334s] Level 1:colcon.colcon_core.package_identification:_identify(docker) by extension 'ignore_ament_install'
[0.334s] Level 1:colcon.colcon_core.package_identification:_identify(docker) by extensions ['colcon_pkg']
[0.334s] Level 1:colcon.colcon_core.package_identification:_identify(docker) by extension 'colcon_pkg'
[0.334s] Level 1:colcon.colcon_core.package_identification:_identify(docker) by extensions ['colcon_meta']
[0.334s] Level 1:colcon.colcon_core.package_identification:_identify(docker) by extension 'colcon_meta'
[0.334s] Level 1:colcon.colcon_core.package_identification:_identify(docker) by extensions ['ros']
[0.334s] Level 1:colcon.colcon_core.package_identification:_identify(docker) by extension 'ros'
[0.334s] Level 1:colcon.colcon_core.package_identification:_identify(docker) by extensions ['cmake', 'python']
[0.334s] Level 1:colcon.colcon_core.package_identification:_identify(docker) by extension 'cmake'
[0.334s] Level 1:colcon.colcon_core.package_identification:_identify(docker) by extension 'python'
[0.335s] Level 1:colcon.colcon_core.package_identification:_identify(docker) by extensions ['python_setup_py']
[0.335s] Level 1:colcon.colcon_core.package_identification:_identify(docker) by extension 'python_setup_py'
[0.335s] Level 1:colcon.colcon_core.package_identification:_identify(install) by extensions ['ignore', 'ignore_ament_install']
[0.335s] Level 1:colcon.colcon_core.package_identification:_identify(install) by extension 'ignore'
[0.335s] Level 1:colcon.colcon_core.package_identification:_identify(install) ignored
[0.335s] Level 1:colcon.colcon_core.package_identification:_identify(log) by extensions ['ignore', 'ignore_ament_install']
[0.336s] Level 1:colcon.colcon_core.package_identification:_identify(log) by extension 'ignore'
[0.336s] Level 1:colcon.colcon_core.package_identification:_identify(log) ignored
[0.336s] Level 1:colcon.colcon_core.package_identification:_identify(src) by extensions ['ignore', 'ignore_ament_install']
[0.336s] Level 1:colcon.colcon_core.package_identification:_identify(src) by extension 'ignore'
[0.336s] Level 1:colcon.colcon_core.package_identification:_identify(src) by extension 'ignore_ament_install'
[0.336s] Level 1:colcon.colcon_core.package_identification:_identify(src) by extensions ['colcon_pkg']
[0.337s] Level 1:colcon.colcon_core.package_identification:_identify(src) by extension 'colcon_pkg'
[0.337s] Level 1:colcon.colcon_core.package_identification:_identify(src) by extensions ['colcon_meta']
[0.337s] Level 1:colcon.colcon_core.package_identification:_identify(src) by extension 'colcon_meta'
[0.337s] Level 1:colcon.colcon_core.package_identification:_identify(src) by extensions ['ros']
[0.337s] Level 1:colcon.colcon_core.package_identification:_identify(src) by extension 'ros'
[0.337s] Level 1:colcon.colcon_core.package_identification:_identify(src) by extensions ['cmake', 'python']
[0.337s] Level 1:colcon.colcon_core.package_identification:_identify(src) by extension 'cmake'
[0.337s] Level 1:colcon.colcon_core.package_identification:_identify(src) by extension 'python'
[0.337s] Level 1:colcon.colcon_core.package_identification:_identify(src) by extensions ['python_setup_py']
[0.337s] Level 1:colcon.colcon_core.package_identification:_identify(src) by extension 'python_setup_py'
[0.338s] Level 1:colcon.colcon_core.package_identification:_identify(src/ctrl) by extensions ['ignore', 'ignore_ament_install']
[0.338s] Level 1:colcon.colcon_core.package_identification:_identify(src/ctrl) by extension 'ignore'
[0.338s] Level 1:colcon.colcon_core.package_identification:_identify(src/ctrl) by extension 'ignore_ament_install'
[0.338s] Level 1:colcon.colcon_core.package_identification:_identify(src/ctrl) by extensions ['colcon_pkg']
[0.338s] Level 1:colcon.colcon_core.package_identification:_identify(src/ctrl) by extension 'colcon_pkg'
[0.338s] Level 1:colcon.colcon_core.package_identification:_identify(src/ctrl) by extensions ['colcon_meta']
[0.338s] Level 1:colcon.colcon_core.package_identification:_identify(src/ctrl) by extension 'colcon_meta'
[0.339s] Level 1:colcon.colcon_core.package_identification:_identify(src/ctrl) by extensions ['ros']
[0.339s] Level 1:colcon.colcon_core.package_identification:_identify(src/ctrl) by extension 'ros'
[0.343s] DEBUG:colcon.colcon_core.package_identification:Package 'src/ctrl' with type 'ros.ament_cmake' and name 'ctrl'
[0.343s] Level 1:colcon.colcon_core.package_identification:_identify(src/eagle_msgs) by extensions ['ignore', 'ignore_ament_install']
[0.343s] Level 1:colcon.colcon_core.package_identification:_identify(src/eagle_msgs) by extension 'ignore'
[0.344s] Level 1:colcon.colcon_core.package_identification:_identify(src/eagle_msgs) by extension 'ignore_ament_install'
[0.344s] Level 1:colcon.colcon_core.package_identification:_identify(src/eagle_msgs) by extensions ['colcon_pkg']
[0.344s] Level 1:colcon.colcon_core.package_identification:_identify(src/eagle_msgs) by extension 'colcon_pkg'
[0.344s] Level 1:colcon.colcon_core.package_identification:_identify(src/eagle_msgs) by extensions ['colcon_meta']
[0.344s] Level 1:colcon.colcon_core.package_identification:_identify(src/eagle_msgs) by extension 'colcon_meta'
[0.344s] Level 1:colcon.colcon_core.package_identification:_identify(src/eagle_msgs) by extensions ['ros']
[0.344s] Level 1:colcon.colcon_core.package_identification:_identify(src/eagle_msgs) by extension 'ros'
[0.346s] DEBUG:colcon.colcon_core.package_identification:Package 'src/eagle_msgs' with type 'ros.ament_cmake' and name 'eagle_msgs'
[0.346s] Level 1:colcon.colcon_core.package_identification:_identify(src/eagle_sim) by extensions ['ignore', 'ignore_ament_install']
[0.346s] Level 1:colcon.colcon_core.package_identification:_identify(src/eagle_sim) by extension 'ignore'
[0.346s] Level 1:colcon.colcon_core.package_identification:_identify(src/eagle_sim) by extension 'ignore_ament_install'
[0.346s] Level 1:colcon.colcon_core.package_identification:_identify(src/eagle_sim) by extensions ['colcon_pkg']
[0.346s] Level 1:colcon.colcon_core.package_identification:_identify(src/eagle_sim) by extension 'colcon_pkg'
[0.347s] Level 1:colcon.colcon_core.package_identification:_identify(src/eagle_sim) by extensions ['colcon_meta']
[0.347s] Level 1:colcon.colcon_core.package_identification:_identify(src/eagle_sim) by extension 'colcon_meta'
[0.347s] Level 1:colcon.colcon_core.package_identification:_identify(src/eagle_sim) by extensions ['ros']
[0.347s] Level 1:colcon.colcon_core.package_identification:_identify(src/eagle_sim) by extension 'ros'
[0.348s] DEBUG:colcon.colcon_core.package_identification:Package 'src/eagle_sim' with type 'ros.ament_python' and name 'eagle_sim'
[0.348s] Level 1:colcon.colcon_core.package_discovery:discover_packages(recursive) using defaults
[0.349s] Level 1:colcon.colcon_core.package_discovery:discover_packages(ignore) discover
[0.349s] Level 1:colcon.colcon_core.package_discovery:discover_packages(ignore) using defaults
[0.349s] Level 1:colcon.colcon_core.package_discovery:discover_packages(path) discover
[0.349s] Level 1:colcon.colcon_core.package_discovery:discover_packages(path) using defaults
[0.375s] INFO:colcon.colcon_core.package_selection:Skipping package 'eagle_sim' in 'src/eagle_sim'
[0.375s] Level 5:colcon.colcon_core.verb:set package 'eagle_msgs' build argument 'cmake_args' from command line to 'None'
[0.375s] Level 5:colcon.colcon_core.verb:set package 'eagle_msgs' build argument 'cmake_target' from command line to 'None'
[0.375s] Level 5:colcon.colcon_core.verb:set package 'eagle_msgs' build argument 'cmake_target_skip_unavailable' from command line to 'False'
[0.375s] Level 5:colcon.colcon_core.verb:set package 'eagle_msgs' build argument 'cmake_clean_cache' from command line to 'False'
[0.376s] Level 5:colcon.colcon_core.verb:set package 'eagle_msgs' build argument 'cmake_clean_first' from command line to 'False'
[0.376s] Level 5:colcon.colcon_core.verb:set package 'eagle_msgs' build argument 'cmake_force_configure' from command line to 'False'
[0.376s] Level 5:colcon.colcon_core.verb:set package 'eagle_msgs' build argument 'ament_cmake_args' from command line to 'None'
[0.376s] Level 5:colcon.colcon_core.verb:set package 'eagle_msgs' build argument 'catkin_cmake_args' from command line to 'None'
[0.376s] Level 5:colcon.colcon_core.verb:set package 'eagle_msgs' build argument 'catkin_skip_building_tests' from command line to 'False'
[0.376s] DEBUG:colcon.colcon_core.verb:Building package 'eagle_msgs' with the following arguments: {'ament_cmake_args': None, 'build_base': '/home/eagle/ws/build/eagle_msgs', 'catkin_cmake_args': None, 'catkin_skip_building_tests': False, 'cmake_args': None, 'cmake_clean_cache': False, 'cmake_clean_first': False, 'cmake_force_configure': False, 'cmake_target': None, 'cmake_target_skip_unavailable': False, 'install_base': '/home/eagle/ws/install/eagle_msgs', 'merge_install': False, 'path': '/home/eagle/ws/src/eagle_msgs', 'symlink_install': False, 'test_result_base': None}
[0.377s] Level 5:colcon.colcon_core.verb:set package 'ctrl' build argument 'cmake_args' from command line to 'None'
[0.377s] Level 5:colcon.colcon_core.verb:set package 'ctrl' build argument 'cmake_target' from command line to 'None'
[0.377s] Level 5:colcon.colcon_core.verb:set package 'ctrl' build argument 'cmake_target_skip_unavailable' from command line to 'False'
[0.377s] Level 5:colcon.colcon_core.verb:set package 'ctrl' build argument 'cmake_clean_cache' from command line to 'False'
[0.377s] Level 5:colcon.colcon_core.verb:set package 'ctrl' build argument 'cmake_clean_first' from command line to 'False'
[0.377s] Level 5:colcon.colcon_core.verb:set package 'ctrl' build argument 'cmake_force_configure' from command line to 'False'
[0.377s] Level 5:colcon.colcon_core.verb:set package 'ctrl' build argument 'ament_cmake_args' from command line to 'None'
[0.377s] Level 5:colcon.colcon_core.verb:set package 'ctrl' build argument 'catkin_cmake_args' from command line to 'None'
[0.377s] Level 5:colcon.colcon_core.verb:set package 'ctrl' build argument 'catkin_skip_building_tests' from command line to 'False'
[0.377s] DEBUG:colcon.colcon_core.verb:Building package 'ctrl' with the following arguments: {'ament_cmake_args': None, 'build_base': '/home/eagle/ws/build/ctrl', 'catkin_cmake_args': None, 'catkin_skip_building_tests': False, 'cmake_args': None, 'cmake_clean_cache': False, 'cmake_clean_first': False, 'cmake_force_configure': False, 'cmake_target': None, 'cmake_target_skip_unavailable': False, 'install_base': '/home/eagle/ws/install/ctrl', 'merge_install': False, 'path': '/home/eagle/ws/src/ctrl', 'symlink_install': False, 'test_result_base': None}
[0.378s] INFO:colcon.colcon_core.executor:Executing jobs using 'parallel' executor
[0.380s] DEBUG:colcon.colcon_parallel_executor.executor.parallel:run_until_complete
[0.380s] INFO:colcon.colcon_ros.task.ament_cmake.build:Building ROS package in '/home/eagle/ws/src/eagle_msgs' with build type 'ament_cmake'
[0.380s] INFO:colcon.colcon_cmake.task.cmake.build:Building CMake package in '/home/eagle/ws/src/eagle_msgs'
[0.385s] INFO:colcon.colcon_core.plugin_system:Skipping extension 'colcon_core.shell.bat': Not used on non-Windows systems
[0.385s] INFO:colcon.colcon_core.shell:Skip shell extension 'powershell' for command environment: Not usable outside of PowerShell
[0.385s] DEBUG:colcon.colcon_core.shell:Skip shell extension 'dsv' for command environment
[0.400s] DEBUG:colcon.colcon_core.event_handler.log_command:Invoking command in '/home/eagle/ws/build/eagle_msgs': CMAKE_PREFIX_PATH=/opt/ros/humble /usr/bin/cmake /home/eagle/ws/src/eagle_msgs -DCMAKE_INSTALL_PREFIX=/home/eagle/ws/install/eagle_msgs
[3.253s] DEBUG:colcon.colcon_core.event_handler.log_command:Invoked command in '/home/eagle/ws/build/eagle_msgs' returned '0': CMAKE_PREFIX_PATH=/opt/ros/humble /usr/bin/cmake /home/eagle/ws/src/eagle_msgs -DCMAKE_INSTALL_PREFIX=/home/eagle/ws/install/eagle_msgs
[3.258s] DEBUG:colcon.colcon_core.event_handler.log_command:Invoking command in '/home/eagle/ws/build/eagle_msgs': CMAKE_PREFIX_PATH=/opt/ros/humble /usr/bin/cmake --build /home/eagle/ws/build/eagle_msgs -- -j4 -l4
[9.895s] DEBUG:colcon.colcon_core.event_handler.log_command:Invoked command in '/home/eagle/ws/build/eagle_msgs' returned '0': CMAKE_PREFIX_PATH=/opt/ros/humble /usr/bin/cmake --build /home/eagle/ws/build/eagle_msgs -- -j4 -l4
[9.911s] DEBUG:colcon.colcon_core.event_handler.log_command:Invoking command in '/home/eagle/ws/build/eagle_msgs': CMAKE_PREFIX_PATH=/opt/ros/humble /usr/bin/cmake --install /home/eagle/ws/build/eagle_msgs
[10.082s] Level 1:colcon.colcon_core.environment:create_environment_scripts_only(eagle_msgs)
[10.082s] DEBUG:colcon.colcon_core.event_handler.log_command:Invoked command in '/home/eagle/ws/build/eagle_msgs' returned '0': CMAKE_PREFIX_PATH=/opt/ros/humble /usr/bin/cmake --install /home/eagle/ws/build/eagle_msgs
[10.089s] Level 1:colcon.colcon_core.environment:checking '/home/eagle/ws/install/eagle_msgs' for CMake module files
[10.091s] Level 1:colcon.colcon_core.environment:checking '/home/eagle/ws/install/eagle_msgs' for CMake config files
[10.092s] Level 1:colcon.colcon_core.shell:create_environment_hook('eagle_msgs', 'cmake_prefix_path')
[10.093s] INFO:colcon.colcon_core.shell:Creating environment hook '/home/eagle/ws/install/eagle_msgs/share/eagle_msgs/hook/cmake_prefix_path.ps1'
[10.094s] INFO:colcon.colcon_core.shell:Creating environment descriptor '/home/eagle/ws/install/eagle_msgs/share/eagle_msgs/hook/cmake_prefix_path.dsv'
[10.096s] INFO:colcon.colcon_core.shell:Creating environment hook '/home/eagle/ws/install/eagle_msgs/share/eagle_msgs/hook/cmake_prefix_path.sh'
[10.099s] Level 1:colcon.colcon_core.environment:checking '/home/eagle/ws/install/eagle_msgs/lib'
[10.099s] Level 1:colcon.colcon_core.shell:create_environment_hook('eagle_msgs', 'ld_library_path_lib')
[10.100s] INFO:colcon.colcon_core.shell:Creating environment hook '/home/eagle/ws/install/eagle_msgs/share/eagle_msgs/hook/ld_library_path_lib.ps1'
[10.101s] INFO:colcon.colcon_core.shell:Creating environment descriptor '/home/eagle/ws/install/eagle_msgs/share/eagle_msgs/hook/ld_library_path_lib.dsv'
[10.102s] INFO:colcon.colcon_core.shell:Creating environment hook '/home/eagle/ws/install/eagle_msgs/share/eagle_msgs/hook/ld_library_path_lib.sh'
[10.103s] Level 1:colcon.colcon_core.environment:checking '/home/eagle/ws/install/eagle_msgs/bin'
[10.103s] Level 1:colcon.colcon_core.environment:checking '/home/eagle/ws/install/eagle_msgs/lib/pkgconfig/eagle_msgs.pc'
[10.107s] Level 1:colcon.colcon_core.environment:checking '/home/eagle/ws/install/eagle_msgs/lib/python3.10/site-packages'
[10.108s] Level 1:colcon.colcon_core.environment:checking '/home/eagle/ws/install/eagle_msgs/bin'
[10.109s] INFO:colcon.colcon_core.shell:Creating package script '/home/eagle/ws/install/eagle_msgs/share/eagle_msgs/package.ps1'
[10.112s] INFO:colcon.colcon_core.shell:Creating package descriptor '/home/eagle/ws/install/eagle_msgs/share/eagle_msgs/package.dsv'
[10.114s] INFO:colcon.colcon_core.shell:Creating package script '/home/eagle/ws/install/eagle_msgs/share/eagle_msgs/package.sh'
[10.117s] INFO:colcon.colcon_core.shell:Creating package script '/home/eagle/ws/install/eagle_msgs/share/eagle_msgs/package.bash'
[10.119s] INFO:colcon.colcon_core.shell:Creating package script '/home/eagle/ws/install/eagle_msgs/share/eagle_msgs/package.zsh'
[10.121s] Level 1:colcon.colcon_core.environment:create_file_with_runtime_dependencies(/home/eagle/ws/install/eagle_msgs/share/colcon-core/packages/eagle_msgs)
[10.122s] Level 1:colcon.colcon_core.environment:create_environment_scripts_only(eagle_msgs)
[10.123s] Level 1:colcon.colcon_core.environment:checking '/home/eagle/ws/install/eagle_msgs' for CMake module files
[10.124s] Level 1:colcon.colcon_core.environment:checking '/home/eagle/ws/install/eagle_msgs' for CMake config files
[10.125s] Level 1:colcon.colcon_core.shell:create_environment_hook('eagle_msgs', 'cmake_prefix_path')
[10.126s] INFO:colcon.colcon_core.shell:Creating environment hook '/home/eagle/ws/install/eagle_msgs/share/eagle_msgs/hook/cmake_prefix_path.ps1'
[10.127s] INFO:colcon.colcon_core.shell:Creating environment descriptor '/home/eagle/ws/install/eagle_msgs/share/eagle_msgs/hook/cmake_prefix_path.dsv'
[10.128s] INFO:colcon.colcon_core.shell:Creating environment hook '/home/eagle/ws/install/eagle_msgs/share/eagle_msgs/hook/cmake_prefix_path.sh'
[10.129s] Level 1:colcon.colcon_core.environment:checking '/home/eagle/ws/install/eagle_msgs/lib'
[10.129s] Level 1:colcon.colcon_core.shell:create_environment_hook('eagle_msgs', 'ld_library_path_lib')
[10.130s] INFO:colcon.colcon_core.shell:Creating environment hook '/home/eagle/ws/install/eagle_msgs/share/eagle_msgs/hook/ld_library_path_lib.ps1'
[10.131s] INFO:colcon.colcon_core.shell:Creating environment descriptor '/home/eagle/ws/install/eagle_msgs/share/eagle_msgs/hook/ld_library_path_lib.dsv'
[10.131s] INFO:colcon.colcon_core.shell:Creating environment hook '/home/eagle/ws/install/eagle_msgs/share/eagle_msgs/hook/ld_library_path_lib.sh'
[10.133s] Level 1:colcon.colcon_core.environment:checking '/home/eagle/ws/install/eagle_msgs/bin'
[10.133s] Level 1:colcon.colcon_core.environment:checking '/home/eagle/ws/install/eagle_msgs/lib/pkgconfig/eagle_msgs.pc'
[10.134s] Level 1:colcon.colcon_core.environment:checking '/home/eagle/ws/install/eagle_msgs/lib/python3.10/site-packages'
[10.135s] Level 1:colcon.colcon_core.environment:checking '/home/eagle/ws/install/eagle_msgs/bin'
[10.136s] INFO:colcon.colcon_core.shell:Creating package script '/home/eagle/ws/install/eagle_msgs/share/eagle_msgs/package.ps1'
[10.138s] INFO:colcon.colcon_core.shell:Creating package descriptor '/home/eagle/ws/install/eagle_msgs/share/eagle_msgs/package.dsv'
[10.140s] INFO:colcon.colcon_core.shell:Creating package script '/home/eagle/ws/install/eagle_msgs/share/eagle_msgs/package.sh'
[10.141s] INFO:colcon.colcon_core.shell:Creating package script '/home/eagle/ws/install/eagle_msgs/share/eagle_msgs/package.bash'
[10.142s] INFO:colcon.colcon_core.shell:Creating package script '/home/eagle/ws/install/eagle_msgs/share/eagle_msgs/package.zsh'
[10.143s] Level 1:colcon.colcon_core.environment:create_file_with_runtime_dependencies(/home/eagle/ws/install/eagle_msgs/share/colcon-core/packages/eagle_msgs)
[10.144s] INFO:colcon.colcon_ros.task.ament_cmake.build:Building ROS package in '/home/eagle/ws/src/ctrl' with build type 'ament_cmake'
[10.145s] INFO:colcon.colcon_cmake.task.cmake.build:Building CMake package in '/home/eagle/ws/src/ctrl'
[10.146s] INFO:colcon.colcon_core.shell:Skip shell extension 'powershell' for command environment: Not usable outside of PowerShell
[10.146s] DEBUG:colcon.colcon_core.shell:Skip shell extension 'dsv' for command environment
[10.168s] DEBUG:colcon.colcon_core.event_handler.log_command:Invoking command in '/home/eagle/ws/build/ctrl': AMENT_PREFIX_PATH=/home/eagle/ws/install/eagle_msgs:${AMENT_PREFIX_PATH} CMAKE_PREFIX_PATH=/home/eagle/ws/install/eagle_msgs:/opt/ros/humble LD_LIBRARY_PATH=/home/eagle/ws/install/eagle_msgs/lib:${LD_LIBRARY_PATH} PYTHONPATH=/home/eagle/ws/install/eagle_msgs/local/lib/python3.10/dist-packages:${PYTHONPATH} /usr/bin/cmake /home/eagle/ws/src/ctrl -DCMAKE_INSTALL_PREFIX=/home/eagle/ws/install/ctrl
[13.261s] DEBUG:colcon.colcon_core.event_handler.log_command:Invoked command in '/home/eagle/ws/build/ctrl' returned '0': AMENT_PREFIX_PATH=/home/eagle/ws/install/eagle_msgs:${AMENT_PREFIX_PATH} CMAKE_PREFIX_PATH=/home/eagle/ws/install/eagle_msgs:/opt/ros/humble LD_LIBRARY_PATH=/home/eagle/ws/install/eagle_msgs/lib:${LD_LIBRARY_PATH} PYTHONPATH=/home/eagle/ws/install/eagle_msgs/local/lib/python3.10/dist-packages:${PYTHONPATH} /usr/bin/cmake /home/eagle/ws/src/ctrl -DCMAKE_INSTALL_PREFIX=/home/eagle/ws/install/ctrl
[13.265s] DEBUG:colcon.colcon_core.event_handler.log_command:Invoking command in '/home/eagle/ws/build/ctrl': AMENT_PREFIX_PATH=/home/eagle/ws/install/eagle_msgs:${AMENT_PREFIX_PATH} CMAKE_PREFIX_PATH=/home/eagle/ws/install/eagle_msgs:/opt/ros/humble LD_LIBRARY_PATH=/home/eagle/ws/install/eagle_msgs/lib:${LD_LIBRARY_PATH} PYTHONPATH=/home/eagle/ws/install/eagle_msgs/local/lib/python3.10/dist-packages:${PYTHONPATH} /usr/bin/cmake --build /home/eagle/ws/build/ctrl -- -j4 -l4
[17.752s] DEBUG:colcon.colcon_core.event_handler.log_command:Invoked command in '/home/eagle/ws/build/ctrl' returned '0': AMENT_PREFIX_PATH=/home/eagle/ws/install/eagle_msgs:${AMENT_PREFIX_PATH} CMAKE_PREFIX_PATH=/home/eagle/ws/install/eagle_msgs:/opt/ros/humble LD_LIBRARY_PATH=/home/eagle/ws/install/eagle_msgs/lib:${LD_LIBRARY_PATH} PYTHONPATH=/home/eagle/ws/install/eagle_msgs/local/lib/python3.10/dist-packages:${PYTHONPATH} /usr/bin/cmake --build /home/eagle/ws/build/ctrl -- -j4 -l4
[17.755s] DEBUG:colcon.colcon_core.event_handler.log_command:Invoking command in '/home/eagle/ws/build/ctrl': AMENT_PREFIX_PATH=/home/eagle/ws/install/eagle_msgs:${AMENT_PREFIX_PATH} CMAKE_PREFIX_PATH=/home/eagle/ws/install/eagle_msgs:/opt/ros/humble LD_LIBRARY_PATH=/home/eagle/ws/install/eagle_msgs/lib:${LD_LIBRARY_PATH} PYTHONPATH=/home/eagle/ws/install/eagle_msgs/local/lib/python3.10/dist-packages:${PYTHONPATH} /usr/bin/cmake --install /home/eagle/ws/build/ctrl
[17.782s] Level 1:colcon.colcon_core.environment:create_environment_scripts_only(ctrl)
[17.783s] Level 1:colcon.colcon_core.environment:checking '/home/eagle/ws/install/ctrl' for CMake module files
[17.784s] DEBUG:colcon.colcon_core.event_handler.log_command:Invoked command in '/home/eagle/ws/build/ctrl' returned '0': AMENT_PREFIX_PATH=/home/eagle/ws/install/eagle_msgs:${AMENT_PREFIX_PATH} CMAKE_PREFIX_PATH=/home/eagle/ws/install/eagle_msgs:/opt/ros/humble LD_LIBRARY_PATH=/home/eagle/ws/install/eagle_msgs/lib:${LD_LIBRARY_PATH} PYTHONPATH=/home/eagle/ws/install/eagle_msgs/local/lib/python3.10/dist-packages:${PYTHONPATH} /usr/bin/cmake --install /home/eagle/ws/build/ctrl
[17.784s] Level 1:colcon.colcon_core.environment:checking '/home/eagle/ws/install/ctrl' for CMake config files
[17.785s] Level 1:colcon.colcon_core.shell:create_environment_hook('ctrl', 'cmake_prefix_path')
[17.786s] INFO:colcon.colcon_core.shell:Creating environment hook '/home/eagle/ws/install/ctrl/share/ctrl/hook/cmake_prefix_path.ps1'
[17.787s] INFO:colcon.colcon_core.shell:Creating environment descriptor '/home/eagle/ws/install/ctrl/share/ctrl/hook/cmake_prefix_path.dsv'
[17.788s] INFO:colcon.colcon_core.shell:Creating environment hook '/home/eagle/ws/install/ctrl/share/ctrl/hook/cmake_prefix_path.sh'
[17.789s] Level 1:colcon.colcon_core.environment:checking '/home/eagle/ws/install/ctrl/lib'
[17.789s] Level 1:colcon.colcon_core.environment:checking '/home/eagle/ws/install/ctrl/bin'
[17.789s] Level 1:colcon.colcon_core.environment:checking '/home/eagle/ws/install/ctrl/lib/pkgconfig/ctrl.pc'
[17.790s] Level 1:colcon.colcon_core.environment:checking '/home/eagle/ws/install/ctrl/lib/python3.10/site-packages'
[17.791s] Level 1:colcon.colcon_core.environment:checking '/home/eagle/ws/install/ctrl/bin'
[17.792s] INFO:colcon.colcon_core.shell:Creating package script '/home/eagle/ws/install/ctrl/share/ctrl/package.ps1'
[17.793s] INFO:colcon.colcon_core.shell:Creating package descriptor '/home/eagle/ws/install/ctrl/share/ctrl/package.dsv'
[17.794s] INFO:colcon.colcon_core.shell:Creating package script '/home/eagle/ws/install/ctrl/share/ctrl/package.sh'
[17.795s] INFO:colcon.colcon_core.shell:Creating package script '/home/eagle/ws/install/ctrl/share/ctrl/package.bash'
[17.797s] INFO:colcon.colcon_core.shell:Creating package script '/home/eagle/ws/install/ctrl/share/ctrl/package.zsh'
[17.798s] Level 1:colcon.colcon_core.environment:create_file_with_runtime_dependencies(/home/eagle/ws/install/ctrl/share/colcon-core/packages/ctrl)
[17.800s] Level 1:colcon.colcon_core.environment:create_environment_scripts_only(ctrl)
[17.800s] Level 1:colcon.colcon_core.environment:checking '/home/eagle/ws/install/ctrl' for CMake module files
[17.801s] Level 1:colcon.colcon_core.environment:checking '/home/eagle/ws/install/ctrl' for CMake config files
[17.802s] Level 1:colcon.colcon_core.shell:create_environment_hook('ctrl', 'cmake_prefix_path')
[17.802s] INFO:colcon.colcon_core.shell:Creating environment hook '/home/eagle/ws/install/ctrl/share/ctrl/hook/cmake_prefix_path.ps1'
[17.803s] INFO:colcon.colcon_core.shell:Creating environment descriptor '/home/eagle/ws/install/ctrl/share/ctrl/hook/cmake_prefix_path.dsv'
[17.804s] INFO:colcon.colcon_core.shell:Creating environment hook '/home/eagle/ws/install/ctrl/share/ctrl/hook/cmake_prefix_path.sh'
[17.806s] Level 1:colcon.colcon_core.environment:checking '/home/eagle/ws/install/ctrl/lib'
[17.806s] Level 1:colcon.colcon_core.environment:checking '/home/eagle/ws/install/ctrl/bin'
[17.806s] Level 1:colcon.colcon_core.environment:checking '/home/eagle/ws/install/ctrl/lib/pkgconfig/ctrl.pc'
[17.807s] Level 1:colcon.colcon_core.environment:checking '/home/eagle/ws/install/ctrl/lib/python3.10/site-packages'
[17.807s] Level 1:colcon.colcon_core.environment:checking '/home/eagle/ws/install/ctrl/bin'
[17.809s] INFO:colcon.colcon_core.shell:Creating package script '/home/eagle/ws/install/ctrl/share/ctrl/package.ps1'
[17.811s] INFO:colcon.colcon_core.shell:Creating package descriptor '/home/eagle/ws/install/ctrl/share/ctrl/package.dsv'
[17.812s] INFO:colcon.colcon_core.shell:Creating package script '/home/eagle/ws/install/ctrl/share/ctrl/package.sh'
[17.815s] INFO:colcon.colcon_core.shell:Creating package script '/home/eagle/ws/install/ctrl/share/ctrl/package.bash'
[17.815s] INFO:colcon.colcon_core.shell:Creating package script '/home/eagle/ws/install/ctrl/share/ctrl/package.zsh'
[17.816s] Level 1:colcon.colcon_core.environment:create_file_with_runtime_dependencies(/home/eagle/ws/install/ctrl/share/colcon-core/packages/ctrl)
[17.817s] DEBUG:colcon.colcon_parallel_executor.executor.parallel:closing loop
[17.817s] DEBUG:colcon.colcon_parallel_executor.executor.parallel:loop closed
[17.817s] DEBUG:colcon.colcon_parallel_executor.executor.parallel:run_until_complete finished with '0'
[17.818s] DEBUG:colcon.colcon_core.event_reactor:joining thread
[17.853s] INFO:colcon.colcon_core.plugin_system:Skipping extension 'colcon_notification.desktop_notification.notify_send': Could not find 'notify-send'
[17.854s] INFO:colcon.colcon_core.plugin_system:Skipping extension 'colcon_notification.desktop_notification.terminal_notifier': Not used on non-Darwin systems
[17.854s] INFO:colcon.colcon_core.plugin_system:Skipping extension 'colcon_notification.desktop_notification.win32': Not used on non-Windows systems
[17.854s] INFO:colcon.colcon_notification.desktop_notification:Sending desktop notification using 'notify2'
[17.858s] DEBUG:colcon.colcon_notification.desktop_notification.notify2:Failed to initialize notify2: org.freedesktop.DBus.Error.Spawn.ExecFailed: /usr/bin/dbus-launch terminated abnormally without any error message
[17.859s] DEBUG:colcon.colcon_core.event_reactor:joined thread
[17.861s] INFO:colcon.colcon_core.shell:Creating prefix script '/home/eagle/ws/install/local_setup.ps1'
[17.865s] INFO:colcon.colcon_core.shell:Creating prefix util module '/home/eagle/ws/install/_local_setup_util_ps1.py'
[17.869s] INFO:colcon.colcon_core.shell:Creating prefix chain script '/home/eagle/ws/install/setup.ps1'
[17.872s] INFO:colcon.colcon_core.shell:Creating prefix script '/home/eagle/ws/install/local_setup.sh'
[17.874s] INFO:colcon.colcon_core.shell:Creating prefix util module '/home/eagle/ws/install/_local_setup_util_sh.py'
[17.875s] INFO:colcon.colcon_core.shell:Creating prefix chain script '/home/eagle/ws/install/setup.sh'
[17.879s] INFO:colcon.colcon_core.shell:Creating prefix script '/home/eagle/ws/install/local_setup.bash'
[17.880s] INFO:colcon.colcon_core.shell:Creating prefix chain script '/home/eagle/ws/install/setup.bash'
[17.883s] INFO:colcon.colcon_core.shell:Creating prefix script '/home/eagle/ws/install/local_setup.zsh'
[17.884s] INFO:colcon.colcon_core.shell:Creating prefix chain script '/home/eagle/ws/install/setup.zsh'
