[35m[1mConsolidate compiler generated dependencies of target ctrl[0m
[ 50%] [32mBuilding CXX object CMakeFiles/ctrl.dir/src/ctrl.cpp.o[0m
[100%] [32m[1mLinking CXX executable ctrl[0m
[100%] Built target ctrl
-- Install configuration: ""
-- Installing: /home/eagle/ws/install/ctrl/lib/ctrl
-- Set runtime path of "/home/eagle/ws/install/ctrl/lib/ctrl" to ""
-- Installing: /home/eagle/ws/install/ctrl/share/ament_index/resource_index/package_run_dependencies/ctrl
-- Installing: /home/eagle/ws/install/ctrl/share/ament_index/resource_index/parent_prefix_path/ctrl
-- Installing: /home/eagle/ws/install/ctrl/share/ctrl/environment/ament_prefix_path.sh
-- Installing: /home/eagle/ws/install/ctrl/share/ctrl/environment/ament_prefix_path.dsv
-- Installing: /home/eagle/ws/install/ctrl/share/ctrl/environment/path.sh
-- Installing: /home/eagle/ws/install/ctrl/share/ctrl/environment/path.dsv
-- Installing: /home/eagle/ws/install/ctrl/share/ctrl/local_setup.bash
-- Installing: /home/eagle/ws/install/ctrl/share/ctrl/local_setup.sh
-- Installing: /home/eagle/ws/install/ctrl/share/ctrl/local_setup.zsh
-- Installing: /home/eagle/ws/install/ctrl/share/ctrl/local_setup.dsv
-- Up-to-date: /home/eagle/ws/install/ctrl/share/ctrl/package.dsv
-- Installing: /home/eagle/ws/install/ctrl/share/ament_index/resource_index/packages/ctrl
-- Installing: /home/eagle/ws/install/ctrl/share/ctrl/cmake/ctrlConfig.cmake
-- Installing: /home/eagle/ws/install/ctrl/share/ctrl/cmake/ctrlConfig-version.cmake
-- Installing: /home/eagle/ws/install/ctrl/share/ctrl/package.xml
