[0.018s] Invoking command in '/home/eagle/ws/build/ctrl': AMENT_PREFIX_PATH=/home/eagle/ws/install/eagle_msgs:${AMENT_PREFIX_PATH} CMAKE_PREFIX_PATH=/home/eagle/ws/install/eagle_msgs:/opt/ros/humble LD_LIBRARY_PATH=/home/eagle/ws/install/eagle_msgs/lib:${LD_LIBRARY_PATH} PYTHONPATH=/home/eagle/ws/install/eagle_msgs/local/lib/python3.10/dist-packages:${PYTHONPATH} /usr/bin/cmake --build /home/eagle/ws/build/ctrl -- -j4 -l4
[0.079s] [35m[1mConsolidate compiler generated dependencies of target ctrl[0m
[0.094s] [ 50%] [32mBuilding CXX object CMakeFiles/ctrl.dir/src/ctrl.cpp.o[0m
[3.968s] [100%] [32m[1mLinking CXX executable ctrl[0m
[4.165s] [100%] Built target ctrl
[4.181s] Invoked command in '/home/eagle/ws/build/ctrl' returned '0': AMENT_PREFIX_PATH=/home/eagle/ws/install/eagle_msgs:${AMENT_PREFIX_PATH} CMAKE_PREFIX_PATH=/home/eagle/ws/install/eagle_msgs:/opt/ros/humble LD_LIBRARY_PATH=/home/eagle/ws/install/eagle_msgs/lib:${LD_LIBRARY_PATH} PYTHONPATH=/home/eagle/ws/install/eagle_msgs/local/lib/python3.10/dist-packages:${PYTHONPATH} /usr/bin/cmake --build /home/eagle/ws/build/ctrl -- -j4 -l4
[4.185s] Invoking command in '/home/eagle/ws/build/ctrl': AMENT_PREFIX_PATH=/home/eagle/ws/install/eagle_msgs:${AMENT_PREFIX_PATH} CMAKE_PREFIX_PATH=/home/eagle/ws/install/eagle_msgs:/opt/ros/humble LD_LIBRARY_PATH=/home/eagle/ws/install/eagle_msgs/lib:${LD_LIBRARY_PATH} PYTHONPATH=/home/eagle/ws/install/eagle_msgs/local/lib/python3.10/dist-packages:${PYTHONPATH} /usr/bin/cmake --install /home/eagle/ws/build/ctrl
[4.199s] -- Install configuration: ""
[4.200s] -- Installing: /home/eagle/ws/install/ctrl/lib/ctrl
[4.201s] -- Set runtime path of "/home/eagle/ws/install/ctrl/lib/ctrl" to ""
[4.201s] -- Installing: /home/eagle/ws/install/ctrl/share/ament_index/resource_index/package_run_dependencies/ctrl
[4.202s] -- Installing: /home/eagle/ws/install/ctrl/share/ament_index/resource_index/parent_prefix_path/ctrl
[4.204s] -- Installing: /home/eagle/ws/install/ctrl/share/ctrl/environment/ament_prefix_path.sh
[4.204s] -- Installing: /home/eagle/ws/install/ctrl/share/ctrl/environment/ament_prefix_path.dsv
[4.204s] -- Installing: /home/eagle/ws/install/ctrl/share/ctrl/environment/path.sh
[4.205s] -- Installing: /home/eagle/ws/install/ctrl/share/ctrl/environment/path.dsv
[4.207s] -- Installing: /home/eagle/ws/install/ctrl/share/ctrl/local_setup.bash
[4.207s] -- Installing: /home/eagle/ws/install/ctrl/share/ctrl/local_setup.sh
[4.207s] -- Installing: /home/eagle/ws/install/ctrl/share/ctrl/local_setup.zsh
[4.208s] -- Installing: /home/eagle/ws/install/ctrl/share/ctrl/local_setup.dsv
[4.209s] -- Up-to-date: /home/eagle/ws/install/ctrl/share/ctrl/package.dsv
[4.209s] -- Installing: /home/eagle/ws/install/ctrl/share/ament_index/resource_index/packages/ctrl
[4.210s] -- Installing: /home/eagle/ws/install/ctrl/share/ctrl/cmake/ctrlConfig.cmake
[4.210s] -- Installing: /home/eagle/ws/install/ctrl/share/ctrl/cmake/ctrlConfig-version.cmake
[4.210s] -- Installing: /home/eagle/ws/install/ctrl/share/ctrl/package.xml
[4.213s] Invoked command in '/home/eagle/ws/build/ctrl' returned '0': AMENT_PREFIX_PATH=/home/eagle/ws/install/eagle_msgs:${AMENT_PREFIX_PATH} CMAKE_PREFIX_PATH=/home/eagle/ws/install/eagle_msgs:/opt/ros/humble LD_LIBRARY_PATH=/home/eagle/ws/install/eagle_msgs/lib:${LD_LIBRARY_PATH} PYTHONPATH=/home/eagle/ws/install/eagle_msgs/local/lib/python3.10/dist-packages:${PYTHONPATH} /usr/bin/cmake --install /home/eagle/ws/build/ctrl
