[0.050s] Invoking command in '/home/eagle/ws/build/ctrl': CMAKE_PREFIX_PATH=/home/eagle/ws/install/eagle_msgs:/home/eagle/ws/install/ctrl:/home/eagle/ws/install/eagle_sim:/opt/ros/humble /usr/bin/cmake --build /home/eagle/ws/build/ctrl -- -j4 -l4
[0.185s] [100%] Built target ctrl
[0.593s] Invoked command in '/home/eagle/ws/build/ctrl' returned '0': CMAKE_PREFIX_PATH=/home/eagle/ws/install/eagle_msgs:/home/eagle/ws/install/ctrl:/home/eagle/ws/install/eagle_sim:/opt/ros/humble /usr/bin/cmake --build /home/eagle/ws/build/ctrl -- -j4 -l4
[0.618s] Invoking command in '/home/eagle/ws/build/ctrl': CMAKE_PREFIX_PATH=/home/eagle/ws/install/eagle_msgs:/home/eagle/ws/install/ctrl:/home/eagle/ws/install/eagle_sim:/opt/ros/humble /usr/bin/cmake --install /home/eagle/ws/build/ctrl
[0.635s] -- Install configuration: ""
[0.635s] -- Up-to-date: /home/eagle/ws/install/ctrl/lib/ctrl/ctrl
[0.636s] -- Up-to-date: /home/eagle/ws/install/ctrl/share/ament_index/resource_index/package_run_dependencies/ctrl
[0.638s] -- Up-to-date: /home/eagle/ws/install/ctrl/share/ament_index/resource_index/parent_prefix_path/ctrl
[0.638s] -- Up-to-date: /home/eagle/ws/install/ctrl/share/ctrl/environment/ament_prefix_path.sh
[0.638s] -- Up-to-date: /home/eagle/ws/install/ctrl/share/ctrl/environment/ament_prefix_path.dsv
[0.639s] -- Up-to-date: /home/eagle/ws/install/ctrl/share/ctrl/environment/path.sh
[0.639s] -- Up-to-date: /home/eagle/ws/install/ctrl/share/ctrl/environment/path.dsv
[0.640s] -- Up-to-date: /home/eagle/ws/install/ctrl/share/ctrl/local_setup.bash
[0.640s] -- Up-to-date: /home/eagle/ws/install/ctrl/share/ctrl/local_setup.sh
[0.640s] -- Up-to-date: /home/eagle/ws/install/ctrl/share/ctrl/local_setup.zsh
[0.641s] -- Up-to-date: /home/eagle/ws/install/ctrl/share/ctrl/local_setup.dsv
[0.641s] -- Installing: /home/eagle/ws/install/ctrl/share/ctrl/package.dsv
[0.641s] -- Up-to-date: /home/eagle/ws/install/ctrl/share/ament_index/resource_index/packages/ctrl
[0.641s] -- Up-to-date: /home/eagle/ws/install/ctrl/share/ctrl/cmake/ctrlConfig.cmake
[0.642s] -- Up-to-date: /home/eagle/ws/install/ctrl/share/ctrl/cmake/ctrlConfig-version.cmake
[0.642s] -- Up-to-date: /home/eagle/ws/install/ctrl/share/ctrl/package.xml
[0.645s] Invoked command in '/home/eagle/ws/build/ctrl' returned '0': CMAKE_PREFIX_PATH=/home/eagle/ws/install/eagle_msgs:/home/eagle/ws/install/ctrl:/home/eagle/ws/install/eagle_sim:/opt/ros/humble /usr/bin/cmake --install /home/eagle/ws/build/ctrl
