[0.243s] DEBUG:colcon:Command line arguments: ['/usr/bin/colcon', 'build', '--packages-up-to', 'eagle_sim']
[0.243s] DEBUG:colcon:Parsed command line arguments: Namespace(log_base=None, log_level=None, verb_name='build', build_base='build', install_base='install', merge_install=False, symlink_install=False, test_result_base=None, continue_on_error=False, executor='parallel', parallel_workers=4, event_handlers=None, ignore_user_meta=False, metas=['./colcon.meta'], base_paths=['.'], packages_ignore=None, packages_ignore_regex=None, paths=None, packages_up_to=['eagle_sim'], packages_up_to_regex=None, packages_above=None, packages_above_and_dependencies=None, packages_above_depth=None, packages_select_by_dep=None, packages_skip_by_dep=None, packages_skip_up_to=None, packages_select_build_failed=False, packages_skip_build_finished=False, packages_select_test_failures=False, packages_skip_test_passed=False, packages_select=None, packages_skip=None, packages_select_regex=None, packages_skip_regex=None, packages_start=None, packages_end=None, cmake_args=None, cmake_target=None, cmake_target_skip_unavailable=False, cmake_clean_cache=False, cmake_clean_first=False, cmake_force_configure=False, ament_cmake_args=None, catkin_cmake_args=None, catkin_skip_building_tests=False, mixin_files=None, mixin=None, verb_parser=<colcon_mixin.mixin.mixin_argument.MixinArgumentDecorator object at 0x7fa5abbb02e0>, verb_extension=<colcon_core.verb.build.BuildVerb object at 0x7fa5abcb9150>, main=<bound method BuildVerb.main of <colcon_core.verb.build.BuildVerb object at 0x7fa5abcb9150>>, mixin_verb=('build',))
[0.465s] Level 1:colcon.colcon_core.package_discovery:discover_packages(colcon_meta) check parameters
[0.466s] Level 1:colcon.colcon_core.package_discovery:discover_packages(recursive) check parameters
[0.466s] Level 1:colcon.colcon_core.package_discovery:discover_packages(ignore) check parameters
[0.466s] Level 1:colcon.colcon_core.package_discovery:discover_packages(path) check parameters
[0.466s] Level 1:colcon.colcon_core.package_discovery:discover_packages(colcon_meta) discover
[0.466s] Level 1:colcon.colcon_core.package_discovery:discover_packages(recursive) discover
[0.466s] INFO:colcon.colcon_core.package_discovery:Crawling recursively for packages in '/home/eagle/ws'
[0.466s] Level 1:colcon.colcon_core.package_identification:_identify(.) by extensions ['ignore', 'ignore_ament_install']
[0.467s] Level 1:colcon.colcon_core.package_identification:_identify(.) by extension 'ignore'
[0.467s] Level 1:colcon.colcon_core.package_identification:_identify(.) by extension 'ignore_ament_install'
[0.467s] Level 1:colcon.colcon_core.package_identification:_identify(.) by extensions ['colcon_pkg']
[0.467s] Level 1:colcon.colcon_core.package_identification:_identify(.) by extension 'colcon_pkg'
[0.467s] Level 1:colcon.colcon_core.package_identification:_identify(.) by extensions ['colcon_meta']
[0.467s] Level 1:colcon.colcon_core.package_identification:_identify(.) by extension 'colcon_meta'
[0.467s] Level 1:colcon.colcon_core.package_identification:_identify(.) by extensions ['ros']
[0.467s] Level 1:colcon.colcon_core.package_identification:_identify(.) by extension 'ros'
[0.484s] Level 1:colcon.colcon_core.package_identification:_identify(.) by extensions ['cmake', 'python']
[0.484s] Level 1:colcon.colcon_core.package_identification:_identify(.) by extension 'cmake'
[0.484s] Level 1:colcon.colcon_core.package_identification:_identify(.) by extension 'python'
[0.484s] Level 1:colcon.colcon_core.package_identification:_identify(.) by extensions ['python_setup_py']
[0.484s] Level 1:colcon.colcon_core.package_identification:_identify(.) by extension 'python_setup_py'
[0.485s] Level 1:colcon.colcon_core.package_identification:_identify(build) by extensions ['ignore', 'ignore_ament_install']
[0.485s] Level 1:colcon.colcon_core.package_identification:_identify(build) by extension 'ignore'
[0.485s] Level 1:colcon.colcon_core.package_identification:_identify(build) ignored
[0.486s] Level 1:colcon.colcon_core.package_identification:_identify(can) by extensions ['ignore', 'ignore_ament_install']
[0.486s] Level 1:colcon.colcon_core.package_identification:_identify(can) by extension 'ignore'
[0.486s] Level 1:colcon.colcon_core.package_identification:_identify(can) by extension 'ignore_ament_install'
[0.486s] Level 1:colcon.colcon_core.package_identification:_identify(can) by extensions ['colcon_pkg']
[0.486s] Level 1:colcon.colcon_core.package_identification:_identify(can) by extension 'colcon_pkg'
[0.486s] Level 1:colcon.colcon_core.package_identification:_identify(can) by extensions ['colcon_meta']
[0.487s] Level 1:colcon.colcon_core.package_identification:_identify(can) by extension 'colcon_meta'
[0.487s] Level 1:colcon.colcon_core.package_identification:_identify(can) by extensions ['ros']
[0.487s] Level 1:colcon.colcon_core.package_identification:_identify(can) by extension 'ros'
[0.487s] Level 1:colcon.colcon_core.package_identification:_identify(can) by extensions ['cmake', 'python']
[0.487s] Level 1:colcon.colcon_core.package_identification:_identify(can) by extension 'cmake'
[0.487s] Level 1:colcon.colcon_core.package_identification:_identify(can) by extension 'python'
[0.487s] Level 1:colcon.colcon_core.package_identification:_identify(can) by extensions ['python_setup_py']
[0.487s] Level 1:colcon.colcon_core.package_identification:_identify(can) by extension 'python_setup_py'
[0.488s] Level 1:colcon.colcon_core.package_identification:_identify(docker) by extensions ['ignore', 'ignore_ament_install']
[0.488s] Level 1:colcon.colcon_core.package_identification:_identify(docker) by extension 'ignore'
[0.488s] Level 1:colcon.colcon_core.package_identification:_identify(docker) by extension 'ignore_ament_install'
[0.488s] Level 1:colcon.colcon_core.package_identification:_identify(docker) by extensions ['colcon_pkg']
[0.488s] Level 1:colcon.colcon_core.package_identification:_identify(docker) by extension 'colcon_pkg'
[0.488s] Level 1:colcon.colcon_core.package_identification:_identify(docker) by extensions ['colcon_meta']
[0.488s] Level 1:colcon.colcon_core.package_identification:_identify(docker) by extension 'colcon_meta'
[0.489s] Level 1:colcon.colcon_core.package_identification:_identify(docker) by extensions ['ros']
[0.489s] Level 1:colcon.colcon_core.package_identification:_identify(docker) by extension 'ros'
[0.489s] Level 1:colcon.colcon_core.package_identification:_identify(docker) by extensions ['cmake', 'python']
[0.489s] Level 1:colcon.colcon_core.package_identification:_identify(docker) by extension 'cmake'
[0.489s] Level 1:colcon.colcon_core.package_identification:_identify(docker) by extension 'python'
[0.489s] Level 1:colcon.colcon_core.package_identification:_identify(docker) by extensions ['python_setup_py']
[0.489s] Level 1:colcon.colcon_core.package_identification:_identify(docker) by extension 'python_setup_py'
[0.490s] Level 1:colcon.colcon_core.package_identification:_identify(install) by extensions ['ignore', 'ignore_ament_install']
[0.490s] Level 1:colcon.colcon_core.package_identification:_identify(install) by extension 'ignore'
[0.490s] Level 1:colcon.colcon_core.package_identification:_identify(install) ignored
[0.490s] Level 1:colcon.colcon_core.package_identification:_identify(log) by extensions ['ignore', 'ignore_ament_install']
[0.490s] Level 1:colcon.colcon_core.package_identification:_identify(log) by extension 'ignore'
[0.491s] Level 1:colcon.colcon_core.package_identification:_identify(log) ignored
[0.491s] Level 1:colcon.colcon_core.package_identification:_identify(src) by extensions ['ignore', 'ignore_ament_install']
[0.491s] Level 1:colcon.colcon_core.package_identification:_identify(src) by extension 'ignore'
[0.491s] Level 1:colcon.colcon_core.package_identification:_identify(src) by extension 'ignore_ament_install'
[0.491s] Level 1:colcon.colcon_core.package_identification:_identify(src) by extensions ['colcon_pkg']
[0.491s] Level 1:colcon.colcon_core.package_identification:_identify(src) by extension 'colcon_pkg'
[0.491s] Level 1:colcon.colcon_core.package_identification:_identify(src) by extensions ['colcon_meta']
[0.492s] Level 1:colcon.colcon_core.package_identification:_identify(src) by extension 'colcon_meta'
[0.492s] Level 1:colcon.colcon_core.package_identification:_identify(src) by extensions ['ros']
[0.492s] Level 1:colcon.colcon_core.package_identification:_identify(src) by extension 'ros'
[0.492s] Level 1:colcon.colcon_core.package_identification:_identify(src) by extensions ['cmake', 'python']
[0.492s] Level 1:colcon.colcon_core.package_identification:_identify(src) by extension 'cmake'
[0.492s] Level 1:colcon.colcon_core.package_identification:_identify(src) by extension 'python'
[0.492s] Level 1:colcon.colcon_core.package_identification:_identify(src) by extensions ['python_setup_py']
[0.492s] Level 1:colcon.colcon_core.package_identification:_identify(src) by extension 'python_setup_py'
[0.493s] Level 1:colcon.colcon_core.package_identification:_identify(src/ctrl) by extensions ['ignore', 'ignore_ament_install']
[0.493s] Level 1:colcon.colcon_core.package_identification:_identify(src/ctrl) by extension 'ignore'
[0.493s] Level 1:colcon.colcon_core.package_identification:_identify(src/ctrl) by extension 'ignore_ament_install'
[0.493s] Level 1:colcon.colcon_core.package_identification:_identify(src/ctrl) by extensions ['colcon_pkg']
[0.493s] Level 1:colcon.colcon_core.package_identification:_identify(src/ctrl) by extension 'colcon_pkg'
[0.493s] Level 1:colcon.colcon_core.package_identification:_identify(src/ctrl) by extensions ['colcon_meta']
[0.493s] Level 1:colcon.colcon_core.package_identification:_identify(src/ctrl) by extension 'colcon_meta'
[0.494s] Level 1:colcon.colcon_core.package_identification:_identify(src/ctrl) by extensions ['ros']
[0.494s] Level 1:colcon.colcon_core.package_identification:_identify(src/ctrl) by extension 'ros'
[0.499s] DEBUG:colcon.colcon_core.package_identification:Package 'src/ctrl' with type 'ros.ament_cmake' and name 'ctrl'
[0.500s] Level 1:colcon.colcon_core.package_identification:_identify(src/eagle_msgs) by extensions ['ignore', 'ignore_ament_install']
[0.500s] Level 1:colcon.colcon_core.package_identification:_identify(src/eagle_msgs) by extension 'ignore'
[0.500s] Level 1:colcon.colcon_core.package_identification:_identify(src/eagle_msgs) by extension 'ignore_ament_install'
[0.500s] Level 1:colcon.colcon_core.package_identification:_identify(src/eagle_msgs) by extensions ['colcon_pkg']
[0.500s] Level 1:colcon.colcon_core.package_identification:_identify(src/eagle_msgs) by extension 'colcon_pkg'
[0.500s] Level 1:colcon.colcon_core.package_identification:_identify(src/eagle_msgs) by extensions ['colcon_meta']
[0.500s] Level 1:colcon.colcon_core.package_identification:_identify(src/eagle_msgs) by extension 'colcon_meta'
[0.501s] Level 1:colcon.colcon_core.package_identification:_identify(src/eagle_msgs) by extensions ['ros']
[0.501s] Level 1:colcon.colcon_core.package_identification:_identify(src/eagle_msgs) by extension 'ros'
[0.502s] DEBUG:colcon.colcon_core.package_identification:Package 'src/eagle_msgs' with type 'ros.ament_cmake' and name 'eagle_msgs'
[0.503s] Level 1:colcon.colcon_core.package_identification:_identify(src/eagle_sim) by extensions ['ignore', 'ignore_ament_install']
[0.503s] Level 1:colcon.colcon_core.package_identification:_identify(src/eagle_sim) by extension 'ignore'
[0.503s] Level 1:colcon.colcon_core.package_identification:_identify(src/eagle_sim) by extension 'ignore_ament_install'
[0.503s] Level 1:colcon.colcon_core.package_identification:_identify(src/eagle_sim) by extensions ['colcon_pkg']
[0.503s] Level 1:colcon.colcon_core.package_identification:_identify(src/eagle_sim) by extension 'colcon_pkg'
[0.503s] Level 1:colcon.colcon_core.package_identification:_identify(src/eagle_sim) by extensions ['colcon_meta']
[0.503s] Level 1:colcon.colcon_core.package_identification:_identify(src/eagle_sim) by extension 'colcon_meta'
[0.504s] Level 1:colcon.colcon_core.package_identification:_identify(src/eagle_sim) by extensions ['ros']
[0.504s] Level 1:colcon.colcon_core.package_identification:_identify(src/eagle_sim) by extension 'ros'
[0.505s] DEBUG:colcon.colcon_core.package_identification:Package 'src/eagle_sim' with type 'ros.ament_python' and name 'eagle_sim'
[0.506s] Level 1:colcon.colcon_core.package_discovery:discover_packages(recursive) using defaults
[0.506s] Level 1:colcon.colcon_core.package_discovery:discover_packages(ignore) discover
[0.506s] Level 1:colcon.colcon_core.package_discovery:discover_packages(ignore) using defaults
[0.506s] Level 1:colcon.colcon_core.package_discovery:discover_packages(path) discover
[0.506s] Level 1:colcon.colcon_core.package_discovery:discover_packages(path) using defaults
[0.544s] INFO:colcon.colcon_core.package_selection:Skipping package 'ctrl' in 'src/ctrl'
[0.544s] Level 5:colcon.colcon_core.verb:set package 'eagle_msgs' build argument 'cmake_args' from command line to 'None'
[0.545s] Level 5:colcon.colcon_core.verb:set package 'eagle_msgs' build argument 'cmake_target' from command line to 'None'
[0.545s] Level 5:colcon.colcon_core.verb:set package 'eagle_msgs' build argument 'cmake_target_skip_unavailable' from command line to 'False'
[0.545s] Level 5:colcon.colcon_core.verb:set package 'eagle_msgs' build argument 'cmake_clean_cache' from command line to 'False'
[0.545s] Level 5:colcon.colcon_core.verb:set package 'eagle_msgs' build argument 'cmake_clean_first' from command line to 'False'
[0.545s] Level 5:colcon.colcon_core.verb:set package 'eagle_msgs' build argument 'cmake_force_configure' from command line to 'False'
[0.545s] Level 5:colcon.colcon_core.verb:set package 'eagle_msgs' build argument 'ament_cmake_args' from command line to 'None'
[0.545s] Level 5:colcon.colcon_core.verb:set package 'eagle_msgs' build argument 'catkin_cmake_args' from command line to 'None'
[0.545s] Level 5:colcon.colcon_core.verb:set package 'eagle_msgs' build argument 'catkin_skip_building_tests' from command line to 'False'
[0.545s] DEBUG:colcon.colcon_core.verb:Building package 'eagle_msgs' with the following arguments: {'ament_cmake_args': None, 'build_base': '/home/eagle/ws/build/eagle_msgs', 'catkin_cmake_args': None, 'catkin_skip_building_tests': False, 'cmake_args': None, 'cmake_clean_cache': False, 'cmake_clean_first': False, 'cmake_force_configure': False, 'cmake_target': None, 'cmake_target_skip_unavailable': False, 'install_base': '/home/eagle/ws/install/eagle_msgs', 'merge_install': False, 'path': '/home/eagle/ws/src/eagle_msgs', 'symlink_install': False, 'test_result_base': None}
[0.546s] Level 5:colcon.colcon_core.verb:set package 'eagle_sim' build argument 'cmake_args' from command line to 'None'
[0.546s] Level 5:colcon.colcon_core.verb:set package 'eagle_sim' build argument 'cmake_target' from command line to 'None'
[0.546s] Level 5:colcon.colcon_core.verb:set package 'eagle_sim' build argument 'cmake_target_skip_unavailable' from command line to 'False'
[0.546s] Level 5:colcon.colcon_core.verb:set package 'eagle_sim' build argument 'cmake_clean_cache' from command line to 'False'
[0.547s] Level 5:colcon.colcon_core.verb:set package 'eagle_sim' build argument 'cmake_clean_first' from command line to 'False'
[0.547s] Level 5:colcon.colcon_core.verb:set package 'eagle_sim' build argument 'cmake_force_configure' from command line to 'False'
[0.547s] Level 5:colcon.colcon_core.verb:set package 'eagle_sim' build argument 'ament_cmake_args' from command line to 'None'
[0.547s] Level 5:colcon.colcon_core.verb:set package 'eagle_sim' build argument 'catkin_cmake_args' from command line to 'None'
[0.547s] Level 5:colcon.colcon_core.verb:set package 'eagle_sim' build argument 'catkin_skip_building_tests' from command line to 'False'
[0.547s] DEBUG:colcon.colcon_core.verb:Building package 'eagle_sim' with the following arguments: {'ament_cmake_args': None, 'build_base': '/home/eagle/ws/build/eagle_sim', 'catkin_cmake_args': None, 'catkin_skip_building_tests': False, 'cmake_args': None, 'cmake_clean_cache': False, 'cmake_clean_first': False, 'cmake_force_configure': False, 'cmake_target': None, 'cmake_target_skip_unavailable': False, 'install_base': '/home/eagle/ws/install/eagle_sim', 'merge_install': False, 'path': '/home/eagle/ws/src/eagle_sim', 'symlink_install': False, 'test_result_base': None}
[0.547s] INFO:colcon.colcon_core.executor:Executing jobs using 'parallel' executor
[0.549s] DEBUG:colcon.colcon_parallel_executor.executor.parallel:run_until_complete
[0.550s] INFO:colcon.colcon_ros.task.ament_cmake.build:Building ROS package in '/home/eagle/ws/src/eagle_msgs' with build type 'ament_cmake'
[0.550s] INFO:colcon.colcon_cmake.task.cmake.build:Building CMake package in '/home/eagle/ws/src/eagle_msgs'
[0.557s] INFO:colcon.colcon_core.plugin_system:Skipping extension 'colcon_core.shell.bat': Not used on non-Windows systems
[0.557s] INFO:colcon.colcon_core.shell:Skip shell extension 'powershell' for command environment: Not usable outside of PowerShell
[0.557s] DEBUG:colcon.colcon_core.shell:Skip shell extension 'dsv' for command environment
[0.574s] DEBUG:colcon.colcon_core.event_handler.log_command:Invoking command in '/home/eagle/ws/build/eagle_msgs': CMAKE_PREFIX_PATH=${CMAKE_PREFIX_PATH}:/opt/ros/humble /usr/bin/cmake --build /home/eagle/ws/build/eagle_msgs -- -j4 -l4
[1.200s] DEBUG:colcon.colcon_core.event_handler.log_command:Invoked command in '/home/eagle/ws/build/eagle_msgs' returned '0': CMAKE_PREFIX_PATH=${CMAKE_PREFIX_PATH}:/opt/ros/humble /usr/bin/cmake --build /home/eagle/ws/build/eagle_msgs -- -j4 -l4
[1.217s] DEBUG:colcon.colcon_core.event_handler.log_command:Invoking command in '/home/eagle/ws/build/eagle_msgs': CMAKE_PREFIX_PATH=${CMAKE_PREFIX_PATH}:/opt/ros/humble /usr/bin/cmake --install /home/eagle/ws/build/eagle_msgs
[1.337s] Level 1:colcon.colcon_core.environment:create_environment_scripts_only(eagle_msgs)
[1.341s] DEBUG:colcon.colcon_core.event_handler.log_command:Invoked command in '/home/eagle/ws/build/eagle_msgs' returned '0': CMAKE_PREFIX_PATH=${CMAKE_PREFIX_PATH}:/opt/ros/humble /usr/bin/cmake --install /home/eagle/ws/build/eagle_msgs
[1.346s] Level 1:colcon.colcon_core.environment:checking '/home/eagle/ws/install/eagle_msgs' for CMake module files
[1.347s] Level 1:colcon.colcon_core.environment:checking '/home/eagle/ws/install/eagle_msgs' for CMake config files
[1.348s] Level 1:colcon.colcon_core.shell:create_environment_hook('eagle_msgs', 'cmake_prefix_path')
[1.349s] INFO:colcon.colcon_core.shell:Creating environment hook '/home/eagle/ws/install/eagle_msgs/share/eagle_msgs/hook/cmake_prefix_path.ps1'
[1.351s] INFO:colcon.colcon_core.shell:Creating environment descriptor '/home/eagle/ws/install/eagle_msgs/share/eagle_msgs/hook/cmake_prefix_path.dsv'
[1.352s] INFO:colcon.colcon_core.shell:Creating environment hook '/home/eagle/ws/install/eagle_msgs/share/eagle_msgs/hook/cmake_prefix_path.sh'
[1.354s] Level 1:colcon.colcon_core.environment:checking '/home/eagle/ws/install/eagle_msgs/lib'
[1.355s] Level 1:colcon.colcon_core.shell:create_environment_hook('eagle_msgs', 'ld_library_path_lib')
[1.355s] INFO:colcon.colcon_core.shell:Creating environment hook '/home/eagle/ws/install/eagle_msgs/share/eagle_msgs/hook/ld_library_path_lib.ps1'
[1.356s] INFO:colcon.colcon_core.shell:Creating environment descriptor '/home/eagle/ws/install/eagle_msgs/share/eagle_msgs/hook/ld_library_path_lib.dsv'
[1.357s] INFO:colcon.colcon_core.shell:Creating environment hook '/home/eagle/ws/install/eagle_msgs/share/eagle_msgs/hook/ld_library_path_lib.sh'
[1.358s] Level 1:colcon.colcon_core.environment:checking '/home/eagle/ws/install/eagle_msgs/bin'
[1.358s] Level 1:colcon.colcon_core.environment:checking '/home/eagle/ws/install/eagle_msgs/lib/pkgconfig/eagle_msgs.pc'
[1.362s] Level 1:colcon.colcon_core.environment:checking '/home/eagle/ws/install/eagle_msgs/lib/python3.10/site-packages'
[1.363s] Level 1:colcon.colcon_core.environment:checking '/home/eagle/ws/install/eagle_msgs/bin'
[1.363s] INFO:colcon.colcon_core.shell:Creating package script '/home/eagle/ws/install/eagle_msgs/share/eagle_msgs/package.ps1'
[1.366s] INFO:colcon.colcon_core.shell:Creating package descriptor '/home/eagle/ws/install/eagle_msgs/share/eagle_msgs/package.dsv'
[1.368s] INFO:colcon.colcon_core.shell:Creating package script '/home/eagle/ws/install/eagle_msgs/share/eagle_msgs/package.sh'
[1.370s] INFO:colcon.colcon_core.shell:Creating package script '/home/eagle/ws/install/eagle_msgs/share/eagle_msgs/package.bash'
[1.372s] INFO:colcon.colcon_core.shell:Creating package script '/home/eagle/ws/install/eagle_msgs/share/eagle_msgs/package.zsh'
[1.374s] Level 1:colcon.colcon_core.environment:create_file_with_runtime_dependencies(/home/eagle/ws/install/eagle_msgs/share/colcon-core/packages/eagle_msgs)
[1.375s] Level 1:colcon.colcon_core.environment:create_environment_scripts_only(eagle_msgs)
[1.376s] Level 1:colcon.colcon_core.environment:checking '/home/eagle/ws/install/eagle_msgs' for CMake module files
[1.377s] Level 1:colcon.colcon_core.environment:checking '/home/eagle/ws/install/eagle_msgs' for CMake config files
[1.378s] Level 1:colcon.colcon_core.shell:create_environment_hook('eagle_msgs', 'cmake_prefix_path')
[1.379s] INFO:colcon.colcon_core.shell:Creating environment hook '/home/eagle/ws/install/eagle_msgs/share/eagle_msgs/hook/cmake_prefix_path.ps1'
[1.380s] INFO:colcon.colcon_core.shell:Creating environment descriptor '/home/eagle/ws/install/eagle_msgs/share/eagle_msgs/hook/cmake_prefix_path.dsv'
[1.380s] INFO:colcon.colcon_core.shell:Creating environment hook '/home/eagle/ws/install/eagle_msgs/share/eagle_msgs/hook/cmake_prefix_path.sh'
[1.382s] Level 1:colcon.colcon_core.environment:checking '/home/eagle/ws/install/eagle_msgs/lib'
[1.382s] Level 1:colcon.colcon_core.shell:create_environment_hook('eagle_msgs', 'ld_library_path_lib')
[1.382s] INFO:colcon.colcon_core.shell:Creating environment hook '/home/eagle/ws/install/eagle_msgs/share/eagle_msgs/hook/ld_library_path_lib.ps1'
[1.383s] INFO:colcon.colcon_core.shell:Creating environment descriptor '/home/eagle/ws/install/eagle_msgs/share/eagle_msgs/hook/ld_library_path_lib.dsv'
[1.384s] INFO:colcon.colcon_core.shell:Creating environment hook '/home/eagle/ws/install/eagle_msgs/share/eagle_msgs/hook/ld_library_path_lib.sh'
[1.385s] Level 1:colcon.colcon_core.environment:checking '/home/eagle/ws/install/eagle_msgs/bin'
[1.385s] Level 1:colcon.colcon_core.environment:checking '/home/eagle/ws/install/eagle_msgs/lib/pkgconfig/eagle_msgs.pc'
[1.386s] Level 1:colcon.colcon_core.environment:checking '/home/eagle/ws/install/eagle_msgs/lib/python3.10/site-packages'
[1.387s] Level 1:colcon.colcon_core.environment:checking '/home/eagle/ws/install/eagle_msgs/bin'
[1.387s] INFO:colcon.colcon_core.shell:Creating package script '/home/eagle/ws/install/eagle_msgs/share/eagle_msgs/package.ps1'
[1.389s] INFO:colcon.colcon_core.shell:Creating package descriptor '/home/eagle/ws/install/eagle_msgs/share/eagle_msgs/package.dsv'
[1.390s] INFO:colcon.colcon_core.shell:Creating package script '/home/eagle/ws/install/eagle_msgs/share/eagle_msgs/package.sh'
[1.391s] INFO:colcon.colcon_core.shell:Creating package script '/home/eagle/ws/install/eagle_msgs/share/eagle_msgs/package.bash'
[1.392s] INFO:colcon.colcon_core.shell:Creating package script '/home/eagle/ws/install/eagle_msgs/share/eagle_msgs/package.zsh'
[1.393s] Level 1:colcon.colcon_core.environment:create_file_with_runtime_dependencies(/home/eagle/ws/install/eagle_msgs/share/colcon-core/packages/eagle_msgs)
[1.394s] INFO:colcon.colcon_ros.task.ament_python.build:Building ROS package in '/home/eagle/ws/src/eagle_sim' with build type 'ament_python'
[1.394s] Level 1:colcon.colcon_core.shell:create_environment_hook('eagle_sim', 'ament_prefix_path')
[1.395s] INFO:colcon.colcon_core.shell:Creating environment hook '/home/eagle/ws/install/eagle_sim/share/eagle_sim/hook/ament_prefix_path.ps1'
[1.397s] INFO:colcon.colcon_core.shell:Creating environment descriptor '/home/eagle/ws/install/eagle_sim/share/eagle_sim/hook/ament_prefix_path.dsv'
[1.398s] INFO:colcon.colcon_core.shell:Creating environment hook '/home/eagle/ws/install/eagle_sim/share/eagle_sim/hook/ament_prefix_path.sh'
[1.399s] INFO:colcon.colcon_core.shell:Skip shell extension 'powershell' for command environment: Not usable outside of PowerShell
[1.399s] DEBUG:colcon.colcon_core.shell:Skip shell extension 'dsv' for command environment
[1.726s] INFO:colcon.colcon_core.task.python.build:Building Python package in '/home/eagle/ws/src/eagle_sim'
[1.727s] INFO:colcon.colcon_core.shell:Skip shell extension 'powershell' for command environment: Not usable outside of PowerShell
[1.727s] DEBUG:colcon.colcon_core.shell:Skip shell extension 'dsv' for command environment
[2.213s] DEBUG:colcon.colcon_core.task.python.build:Available setuptools commands: build_clib, register, upload, bdist_dumb, install, install_egg_info, build_scripts, egg_info, install_data, symlink_data, alias, easy_install, develop, install_scripts, check, bdist_egg, saveopts, bdist_rpm, bdist_wheel, clean, sdist, upload_docs, test, build_py, rotate, install_lib, build, dist_info, bdist, build_ext, install_headers, setopt
[2.221s] DEBUG:colcon.colcon_core.event_handler.log_command:Invoking command in '/home/eagle/ws/src/eagle_sim': CMAKE_PREFIX_PATH=/home/eagle/ws/install/eagle_msgs:/home/eagle/ws/install/ctrl PYTHONPATH=/home/eagle/ws/build/eagle_sim/prefix_override:/usr/lib/python3/dist-packages/colcon_core/task/python/colcon_distutils_commands:/home/eagle/ws/install/eagle_sim/lib/python3.10/site-packages:${PYTHONPATH} /usr/bin/python3 -W ignore:setup.py install is deprecated -W ignore:easy_install command is deprecated setup.py egg_info --egg-base ../../build/eagle_sim build --build-base /home/eagle/ws/build/eagle_sim/build install --record /home/eagle/ws/build/eagle_sim/install.log --install-scripts $base/lib/eagle_sim --single-version-externally-managed install_data
[2.946s] Level 1:colcon.colcon_core.environment:checking '/home/eagle/ws/install/eagle_sim' for CMake module files
[2.947s] DEBUG:colcon.colcon_core.event_handler.log_command:Invoked command in '/home/eagle/ws/src/eagle_sim' returned '0': CMAKE_PREFIX_PATH=/home/eagle/ws/install/eagle_msgs:/home/eagle/ws/install/ctrl PYTHONPATH=/home/eagle/ws/build/eagle_sim/prefix_override:/usr/lib/python3/dist-packages/colcon_core/task/python/colcon_distutils_commands:/home/eagle/ws/install/eagle_sim/lib/python3.10/site-packages:${PYTHONPATH} /usr/bin/python3 -W ignore:setup.py install is deprecated -W ignore:easy_install command is deprecated setup.py egg_info --egg-base ../../build/eagle_sim build --build-base /home/eagle/ws/build/eagle_sim/build install --record /home/eagle/ws/build/eagle_sim/install.log --install-scripts $base/lib/eagle_sim --single-version-externally-managed install_data
[2.950s] Level 1:colcon.colcon_core.environment:checking '/home/eagle/ws/install/eagle_sim' for CMake config files
[2.951s] Level 1:colcon.colcon_core.environment:checking '/home/eagle/ws/install/eagle_sim/lib'
[2.951s] Level 1:colcon.colcon_core.environment:checking '/home/eagle/ws/install/eagle_sim/bin'
[2.952s] Level 1:colcon.colcon_core.environment:checking '/home/eagle/ws/install/eagle_sim/lib/pkgconfig/eagle_sim.pc'
[2.954s] Level 1:colcon.colcon_core.environment:checking '/home/eagle/ws/install/eagle_sim/lib/python3.10/site-packages'
[2.954s] Level 1:colcon.colcon_core.shell:create_environment_hook('eagle_sim', 'pythonpath')
[2.954s] INFO:colcon.colcon_core.shell:Creating environment hook '/home/eagle/ws/install/eagle_sim/share/eagle_sim/hook/pythonpath.ps1'
[2.956s] INFO:colcon.colcon_core.shell:Creating environment descriptor '/home/eagle/ws/install/eagle_sim/share/eagle_sim/hook/pythonpath.dsv'
[2.957s] INFO:colcon.colcon_core.shell:Creating environment hook '/home/eagle/ws/install/eagle_sim/share/eagle_sim/hook/pythonpath.sh'
[2.960s] Level 1:colcon.colcon_core.environment:checking '/home/eagle/ws/install/eagle_sim/bin'
[2.960s] Level 1:colcon.colcon_core.environment:create_environment_scripts_only(eagle_sim)
[2.961s] INFO:colcon.colcon_core.shell:Creating package script '/home/eagle/ws/install/eagle_sim/share/eagle_sim/package.ps1'
[2.965s] INFO:colcon.colcon_core.shell:Creating package descriptor '/home/eagle/ws/install/eagle_sim/share/eagle_sim/package.dsv'
[2.967s] INFO:colcon.colcon_core.shell:Creating package script '/home/eagle/ws/install/eagle_sim/share/eagle_sim/package.sh'
[2.969s] INFO:colcon.colcon_core.shell:Creating package script '/home/eagle/ws/install/eagle_sim/share/eagle_sim/package.bash'
[2.970s] INFO:colcon.colcon_core.shell:Creating package script '/home/eagle/ws/install/eagle_sim/share/eagle_sim/package.zsh'
[2.971s] Level 1:colcon.colcon_core.environment:create_file_with_runtime_dependencies(/home/eagle/ws/install/eagle_sim/share/colcon-core/packages/eagle_sim)
[2.973s] DEBUG:colcon.colcon_parallel_executor.executor.parallel:closing loop
[2.974s] DEBUG:colcon.colcon_parallel_executor.executor.parallel:loop closed
[2.974s] DEBUG:colcon.colcon_parallel_executor.executor.parallel:run_until_complete finished with '0'
[2.974s] DEBUG:colcon.colcon_core.event_reactor:joining thread
[3.038s] INFO:colcon.colcon_core.plugin_system:Skipping extension 'colcon_notification.desktop_notification.notify_send': Could not find 'notify-send'
[3.038s] INFO:colcon.colcon_core.plugin_system:Skipping extension 'colcon_notification.desktop_notification.terminal_notifier': Not used on non-Darwin systems
[3.039s] INFO:colcon.colcon_core.plugin_system:Skipping extension 'colcon_notification.desktop_notification.win32': Not used on non-Windows systems
[3.039s] INFO:colcon.colcon_notification.desktop_notification:Sending desktop notification using 'notify2'
[3.049s] DEBUG:colcon.colcon_notification.desktop_notification.notify2:Failed to initialize notify2: org.freedesktop.DBus.Error.Spawn.ExecFailed: /usr/bin/dbus-launch terminated abnormally without any error message
[3.049s] DEBUG:colcon.colcon_core.event_reactor:joined thread
[3.052s] INFO:colcon.colcon_core.shell:Creating prefix script '/home/eagle/ws/install/local_setup.ps1'
[3.057s] INFO:colcon.colcon_core.shell:Creating prefix util module '/home/eagle/ws/install/_local_setup_util_ps1.py'
[3.062s] INFO:colcon.colcon_core.shell:Creating prefix chain script '/home/eagle/ws/install/setup.ps1'
[3.065s] INFO:colcon.colcon_core.shell:Creating prefix script '/home/eagle/ws/install/local_setup.sh'
[3.068s] INFO:colcon.colcon_core.shell:Creating prefix util module '/home/eagle/ws/install/_local_setup_util_sh.py'
[3.070s] INFO:colcon.colcon_core.shell:Creating prefix chain script '/home/eagle/ws/install/setup.sh'
[3.074s] INFO:colcon.colcon_core.shell:Creating prefix script '/home/eagle/ws/install/local_setup.bash'
[3.076s] INFO:colcon.colcon_core.shell:Creating prefix chain script '/home/eagle/ws/install/setup.bash'
[3.079s] INFO:colcon.colcon_core.shell:Creating prefix script '/home/eagle/ws/install/local_setup.zsh'
[3.082s] INFO:colcon.colcon_core.shell:Creating prefix chain script '/home/eagle/ws/install/setup.zsh'
