running egg_info
writing ../../build/eagle_sim/eagle_sim.egg-info/PKG-INFO
writing dependency_links to ../../build/eagle_sim/eagle_sim.egg-info/dependency_links.txt
writing entry points to ../../build/eagle_sim/eagle_sim.egg-info/entry_points.txt
writing requirements to ../../build/eagle_sim/eagle_sim.egg-info/requires.txt
writing top-level names to ../../build/eagle_sim/eagle_sim.egg-info/top_level.txt
reading manifest file '../../build/eagle_sim/eagle_sim.egg-info/SOURCES.txt'
writing manifest file '../../build/eagle_sim/eagle_sim.egg-info/SOURCES.txt'
running build
running build_py
running install
running install_lib
running install_data
running install_egg_info
removing '/home/eagle/ws/install/eagle_sim/lib/python3.10/site-packages/eagle_sim-0.1.0-py3.10.egg-info' (and everything under it)
Copying ../../build/eagle_sim/eagle_sim.egg-info to /home/eagle/ws/install/eagle_sim/lib/python3.10/site-packages/eagle_sim-0.1.0-py3.10.egg-info
running install_scripts
Installing can_gateway script to /home/eagle/ws/install/eagle_sim/lib/eagle_sim
Installing fake_perception script to /home/eagle/ws/install/eagle_sim/lib/eagle_sim
Installing lateral_controller script to /home/eagle/ws/install/eagle_sim/lib/eagle_sim
Installing track_publisher script to /home/eagle/ws/install/eagle_sim/lib/eagle_sim
Installing vehicle_sim script to /home/eagle/ws/install/eagle_sim/lib/eagle_sim
writing list of installed files to '/home/eagle/ws/build/eagle_sim/install.log'
