[35m[1mConsolidate compiler generated dependencies of target eagle_msgs__rosidl_generator_c[0m
[  2%] Built target eagle_msgs__rs
[  5%] Built target eagle_msgs__cpp
[ 15%] Built target eagle_msgs__rosidl_generator_c
[ 15%] Built target ament_cmake_python_copy_eagle_msgs
[35m[1mConsolidate compiler generated dependencies of target eagle_msgs__rosidl_typesupport_introspection_c[0m
[35m[1mConsolidate compiler generated dependencies of target eagle_msgs__rosidl_typesupport_fastrtps_c[0m
[35m[1mConsolidate compiler generated dependencies of target eagle_msgs__rosidl_typesupport_c[0m
[35m[1mConsolidate compiler generated dependencies of target eagle_msgs__rosidl_typesupport_fastrtps_cpp[0m
[ 25%] Built target eagle_msgs__rosidl_typesupport_introspection_c
[ 35%] Built target eagle_msgs__rosidl_typesupport_fastrtps_c
[ 45%] Built target eagle_msgs__rosidl_typesupport_c
[35m[1mConsolidate compiler generated dependencies of target eagle_msgs__rosidl_typesupport_introspection_cpp[0m
[35m[1mConsolidate compiler generated dependencies of target eagle_msgs__rosidl_typesupport_cpp[0m
[ 55%] Built target eagle_msgs__rosidl_typesupport_fastrtps_cpp
[ 65%] Built target eagle_msgs__rosidl_typesupport_introspection_cpp
[ 75%] Built target eagle_msgs__rosidl_typesupport_cpp
[ 75%] Built target eagle_msgs
[ 77%] Built target eagle_msgs__py
[35m[1mConsolidate compiler generated dependencies of target eagle_msgs__rosidl_generator_py[0m
[ 85%] Built target eagle_msgs__rosidl_generator_py
[35m[1mConsolidate compiler generated dependencies of target eagle_msgs__rosidl_typesupport_c__pyext[0m
[35m[1mConsolidate compiler generated dependencies of target eagle_msgs__rosidl_typesupport_fastrtps_c__pyext[0m
[35m[1mConsolidate compiler generated dependencies of target eagle_msgs__rosidl_typesupport_introspection_c__pyext[0m
[ 90%] Built target eagle_msgs__rosidl_typesupport_c__pyext
[ 95%] Built target eagle_msgs__rosidl_typesupport_fastrtps_c__pyext
[100%] Built target eagle_msgs__rosidl_typesupport_introspection_c__pyext
running egg_info
writing eagle_msgs.egg-info/PKG-INFO
writing dependency_links to eagle_msgs.egg-info/dependency_links.txt
writing top-level names to eagle_msgs.egg-info/top_level.txt
reading manifest file 'eagle_msgs.egg-info/SOURCES.txt'
writing manifest file 'eagle_msgs.egg-info/SOURCES.txt'
[100%] Built target ament_cmake_python_build_eagle_msgs_egg
-- Install configuration: ""
-- Up-to-date: /home/eagle/ws/install/eagle_msgs/share/ament_index/resource_index/rosidl_interfaces/eagle_msgs
-- Up-to-date: /home/eagle/ws/install/eagle_msgs/include/eagle_msgs/eagle_msgs
-- Up-to-date: /home/eagle/ws/install/eagle_msgs/include/eagle_msgs/eagle_msgs/msg
-- Up-to-date: /home/eagle/ws/install/eagle_msgs/include/eagle_msgs/eagle_msgs/msg/rosidl_generator_c__visibility_control.h
-- Up-to-date: /home/eagle/ws/install/eagle_msgs/include/eagle_msgs/eagle_msgs/msg/cone.h
-- Up-to-date: /home/eagle/ws/install/eagle_msgs/include/eagle_msgs/eagle_msgs/msg/detail
-- Up-to-date: /home/eagle/ws/install/eagle_msgs/include/eagle_msgs/eagle_msgs/msg/detail/cone_array__type_support.h
-- Up-to-date: /home/eagle/ws/install/eagle_msgs/include/eagle_msgs/eagle_msgs/msg/detail/cone__functions.c
-- Up-to-date: /home/eagle/ws/install/eagle_msgs/include/eagle_msgs/eagle_msgs/msg/detail/cone_array__functions.c
-- Up-to-date: /home/eagle/ws/install/eagle_msgs/include/eagle_msgs/eagle_msgs/msg/detail/cone_array__functions.h
-- Up-to-date: /home/eagle/ws/install/eagle_msgs/include/eagle_msgs/eagle_msgs/msg/detail/cone__type_support.h
-- Up-to-date: /home/eagle/ws/install/eagle_msgs/include/eagle_msgs/eagle_msgs/msg/detail/cone__functions.h
-- Up-to-date: /home/eagle/ws/install/eagle_msgs/include/eagle_msgs/eagle_msgs/msg/detail/cone_array__struct.h
-- Up-to-date: /home/eagle/ws/install/eagle_msgs/include/eagle_msgs/eagle_msgs/msg/detail/cone__struct.h
-- Up-to-date: /home/eagle/ws/install/eagle_msgs/include/eagle_msgs/eagle_msgs/msg/cone_array.h
-- Up-to-date: /home/eagle/ws/install/eagle_msgs/share/eagle_msgs/environment/library_path.sh
-- Up-to-date: /home/eagle/ws/install/eagle_msgs/share/eagle_msgs/environment/library_path.dsv
-- Up-to-date: /home/eagle/ws/install/eagle_msgs/lib/libeagle_msgs__rosidl_generator_c.so
-- Up-to-date: /home/eagle/ws/install/eagle_msgs/include/eagle_msgs/eagle_msgs
-- Up-to-date: /home/eagle/ws/install/eagle_msgs/include/eagle_msgs/eagle_msgs/msg
-- Up-to-date: /home/eagle/ws/install/eagle_msgs/include/eagle_msgs/eagle_msgs/msg/rosidl_typesupport_fastrtps_c__visibility_control.h
-- Up-to-date: /home/eagle/ws/install/eagle_msgs/include/eagle_msgs/eagle_msgs/msg/detail
-- Up-to-date: /home/eagle/ws/install/eagle_msgs/include/eagle_msgs/eagle_msgs/msg/detail/cone_array__rosidl_typesupport_fastrtps_c.h
-- Up-to-date: /home/eagle/ws/install/eagle_msgs/include/eagle_msgs/eagle_msgs/msg/detail/cone__rosidl_typesupport_fastrtps_c.h
-- Up-to-date: /home/eagle/ws/install/eagle_msgs/lib/libeagle_msgs__rosidl_typesupport_fastrtps_c.so
-- Up-to-date: /home/eagle/ws/install/eagle_msgs/include/eagle_msgs/eagle_msgs
-- Up-to-date: /home/eagle/ws/install/eagle_msgs/include/eagle_msgs/eagle_msgs/msg
-- Up-to-date: /home/eagle/ws/install/eagle_msgs/include/eagle_msgs/eagle_msgs/msg/rosidl_typesupport_introspection_c__visibility_control.h
-- Up-to-date: /home/eagle/ws/install/eagle_msgs/include/eagle_msgs/eagle_msgs/msg/detail
-- Up-to-date: /home/eagle/ws/install/eagle_msgs/include/eagle_msgs/eagle_msgs/msg/detail/cone_array__type_support.c
-- Up-to-date: /home/eagle/ws/install/eagle_msgs/include/eagle_msgs/eagle_msgs/msg/detail/cone__rosidl_typesupport_introspection_c.h
-- Up-to-date: /home/eagle/ws/install/eagle_msgs/include/eagle_msgs/eagle_msgs/msg/detail/cone_array__rosidl_typesupport_introspection_c.h
-- Up-to-date: /home/eagle/ws/install/eagle_msgs/include/eagle_msgs/eagle_msgs/msg/detail/cone__type_support.c
-- Up-to-date: /home/eagle/ws/install/eagle_msgs/lib/libeagle_msgs__rosidl_typesupport_introspection_c.so
-- Up-to-date: /home/eagle/ws/install/eagle_msgs/lib/libeagle_msgs__rosidl_typesupport_c.so
-- Up-to-date: /home/eagle/ws/install/eagle_msgs/include/eagle_msgs/eagle_msgs
-- Up-to-date: /home/eagle/ws/install/eagle_msgs/include/eagle_msgs/eagle_msgs/msg
-- Up-to-date: /home/eagle/ws/install/eagle_msgs/include/eagle_msgs/eagle_msgs/msg/cone_array.hpp
-- Up-to-date: /home/eagle/ws/install/eagle_msgs/include/eagle_msgs/eagle_msgs/msg/rosidl_generator_cpp__visibility_control.hpp
-- Up-to-date: /home/eagle/ws/install/eagle_msgs/include/eagle_msgs/eagle_msgs/msg/cone.hpp
-- Up-to-date: /home/eagle/ws/install/eagle_msgs/include/eagle_msgs/eagle_msgs/msg/detail
-- Up-to-date: /home/eagle/ws/install/eagle_msgs/include/eagle_msgs/eagle_msgs/msg/detail/cone_array__builder.hpp
-- Up-to-date: /home/eagle/ws/install/eagle_msgs/include/eagle_msgs/eagle_msgs/msg/detail/cone__builder.hpp
-- Up-to-date: /home/eagle/ws/install/eagle_msgs/include/eagle_msgs/eagle_msgs/msg/detail/cone__type_support.hpp
-- Up-to-date: /home/eagle/ws/install/eagle_msgs/include/eagle_msgs/eagle_msgs/msg/detail/cone__traits.hpp
-- Up-to-date: /home/eagle/ws/install/eagle_msgs/include/eagle_msgs/eagle_msgs/msg/detail/cone__struct.hpp
-- Up-to-date: /home/eagle/ws/install/eagle_msgs/include/eagle_msgs/eagle_msgs/msg/detail/cone_array__traits.hpp
-- Up-to-date: /home/eagle/ws/install/eagle_msgs/include/eagle_msgs/eagle_msgs/msg/detail/cone_array__type_support.hpp
-- Up-to-date: /home/eagle/ws/install/eagle_msgs/include/eagle_msgs/eagle_msgs/msg/detail/cone_array__struct.hpp
-- Up-to-date: /home/eagle/ws/install/eagle_msgs/include/eagle_msgs/eagle_msgs
-- Up-to-date: /home/eagle/ws/install/eagle_msgs/include/eagle_msgs/eagle_msgs/msg
-- Up-to-date: /home/eagle/ws/install/eagle_msgs/include/eagle_msgs/eagle_msgs/msg/rosidl_typesupport_fastrtps_cpp__visibility_control.h
-- Up-to-date: /home/eagle/ws/install/eagle_msgs/include/eagle_msgs/eagle_msgs/msg/detail
-- Up-to-date: /home/eagle/ws/install/eagle_msgs/include/eagle_msgs/eagle_msgs/msg/detail/cone_array__rosidl_typesupport_fastrtps_cpp.hpp
-- Up-to-date: /home/eagle/ws/install/eagle_msgs/include/eagle_msgs/eagle_msgs/msg/detail/cone__rosidl_typesupport_fastrtps_cpp.hpp
-- Up-to-date: /home/eagle/ws/install/eagle_msgs/include/eagle_msgs/eagle_msgs/msg/detail/dds_fastrtps
-- Up-to-date: /home/eagle/ws/install/eagle_msgs/lib/libeagle_msgs__rosidl_typesupport_fastrtps_cpp.so
-- Up-to-date: /home/eagle/ws/install/eagle_msgs/include/eagle_msgs/eagle_msgs
-- Up-to-date: /home/eagle/ws/install/eagle_msgs/include/eagle_msgs/eagle_msgs/msg
-- Up-to-date: /home/eagle/ws/install/eagle_msgs/include/eagle_msgs/eagle_msgs/msg/detail
-- Up-to-date: /home/eagle/ws/install/eagle_msgs/include/eagle_msgs/eagle_msgs/msg/detail/cone__type_support.cpp
-- Up-to-date: /home/eagle/ws/install/eagle_msgs/include/eagle_msgs/eagle_msgs/msg/detail/cone_array__rosidl_typesupport_introspection_cpp.hpp
-- Up-to-date: /home/eagle/ws/install/eagle_msgs/include/eagle_msgs/eagle_msgs/msg/detail/cone_array__type_support.cpp
-- Up-to-date: /home/eagle/ws/install/eagle_msgs/include/eagle_msgs/eagle_msgs/msg/detail/cone__rosidl_typesupport_introspection_cpp.hpp
-- Up-to-date: /home/eagle/ws/install/eagle_msgs/lib/libeagle_msgs__rosidl_typesupport_introspection_cpp.so
-- Up-to-date: /home/eagle/ws/install/eagle_msgs/lib/libeagle_msgs__rosidl_typesupport_cpp.so
-- Up-to-date: /home/eagle/ws/install/eagle_msgs/share/eagle_msgs/environment/pythonpath.sh
-- Up-to-date: /home/eagle/ws/install/eagle_msgs/share/eagle_msgs/environment/pythonpath.dsv
-- Up-to-date: /home/eagle/ws/install/eagle_msgs/local/lib/python3.10/dist-packages/eagle_msgs-0.1.0-py3.10.egg-info
-- Installing: /home/eagle/ws/install/eagle_msgs/local/lib/python3.10/dist-packages/eagle_msgs-0.1.0-py3.10.egg-info/top_level.txt
-- Installing: /home/eagle/ws/install/eagle_msgs/local/lib/python3.10/dist-packages/eagle_msgs-0.1.0-py3.10.egg-info/SOURCES.txt
-- Installing: /home/eagle/ws/install/eagle_msgs/local/lib/python3.10/dist-packages/eagle_msgs-0.1.0-py3.10.egg-info/dependency_links.txt
-- Installing: /home/eagle/ws/install/eagle_msgs/local/lib/python3.10/dist-packages/eagle_msgs-0.1.0-py3.10.egg-info/PKG-INFO
-- Up-to-date: /home/eagle/ws/install/eagle_msgs/local/lib/python3.10/dist-packages/eagle_msgs
-- Up-to-date: /home/eagle/ws/install/eagle_msgs/local/lib/python3.10/dist-packages/eagle_msgs/__init__.py
-- Up-to-date: /home/eagle/ws/install/eagle_msgs/local/lib/python3.10/dist-packages/eagle_msgs/_eagle_msgs_s.ep.rosidl_typesupport_introspection_c.c
-- Up-to-date: /home/eagle/ws/install/eagle_msgs/local/lib/python3.10/dist-packages/eagle_msgs/msg
-- Up-to-date: /home/eagle/ws/install/eagle_msgs/local/lib/python3.10/dist-packages/eagle_msgs/msg/__init__.py
-- Up-to-date: /home/eagle/ws/install/eagle_msgs/local/lib/python3.10/dist-packages/eagle_msgs/msg/_cone_array.py
-- Up-to-date: /home/eagle/ws/install/eagle_msgs/local/lib/python3.10/dist-packages/eagle_msgs/msg/_cone_s.c
-- Up-to-date: /home/eagle/ws/install/eagle_msgs/local/lib/python3.10/dist-packages/eagle_msgs/msg/_cone.py
-- Up-to-date: /home/eagle/ws/install/eagle_msgs/local/lib/python3.10/dist-packages/eagle_msgs/msg/_cone_array_s.c
-- Up-to-date: /home/eagle/ws/install/eagle_msgs/local/lib/python3.10/dist-packages/eagle_msgs/_eagle_msgs_s.ep.rosidl_typesupport_fastrtps_c.c
-- Up-to-date: /home/eagle/ws/install/eagle_msgs/local/lib/python3.10/dist-packages/eagle_msgs/eagle_msgs_s__rosidl_typesupport_fastrtps_c.cpython-310-x86_64-linux-gnu.so
-- Up-to-date: /home/eagle/ws/install/eagle_msgs/local/lib/python3.10/dist-packages/eagle_msgs/_eagle_msgs_s.ep.rosidl_typesupport_c.c
-- Up-to-date: /home/eagle/ws/install/eagle_msgs/local/lib/python3.10/dist-packages/eagle_msgs/eagle_msgs_s__rosidl_typesupport_introspection_c.cpython-310-x86_64-linux-gnu.so
-- Up-to-date: /home/eagle/ws/install/eagle_msgs/local/lib/python3.10/dist-packages/eagle_msgs/libeagle_msgs__rosidl_generator_py.so
-- Up-to-date: /home/eagle/ws/install/eagle_msgs/local/lib/python3.10/dist-packages/eagle_msgs/eagle_msgs_s__rosidl_typesupport_c.cpython-310-x86_64-linux-gnu.so
Listing '/home/eagle/ws/install/eagle_msgs/local/lib/python3.10/dist-packages/eagle_msgs'...
Listing '/home/eagle/ws/install/eagle_msgs/local/lib/python3.10/dist-packages/eagle_msgs/msg'...
-- Up-to-date: /home/eagle/ws/install/eagle_msgs/local/lib/python3.10/dist-packages/eagle_msgs/eagle_msgs_s__rosidl_typesupport_fastrtps_c.cpython-310-x86_64-linux-gnu.so
-- Up-to-date: /home/eagle/ws/install/eagle_msgs/local/lib/python3.10/dist-packages/eagle_msgs/eagle_msgs_s__rosidl_typesupport_introspection_c.cpython-310-x86_64-linux-gnu.so
-- Up-to-date: /home/eagle/ws/install/eagle_msgs/local/lib/python3.10/dist-packages/eagle_msgs/eagle_msgs_s__rosidl_typesupport_c.cpython-310-x86_64-linux-gnu.so
-- Up-to-date: /home/eagle/ws/install/eagle_msgs/lib/libeagle_msgs__rosidl_generator_py.so
-- Up-to-date: /home/eagle/ws/install/eagle_msgs/share/ament_index/resource_index/rust_packages/eagle_msgs
-- Up-to-date: /home/eagle/ws/install/eagle_msgs/share/eagle_msgs/rust
-- Up-to-date: /home/eagle/ws/install/eagle_msgs/share/eagle_msgs/rust/src
-- Up-to-date: /home/eagle/ws/install/eagle_msgs/share/eagle_msgs/rust/src/lib.rs
-- Up-to-date: /home/eagle/ws/install/eagle_msgs/share/eagle_msgs/rust/src/msg
-- Up-to-date: /home/eagle/ws/install/eagle_msgs/share/eagle_msgs/rust/src/msg/rmw.rs
-- Up-to-date: /home/eagle/ws/install/eagle_msgs/share/eagle_msgs/rust/src/msg.rs
-- Up-to-date: /home/eagle/ws/install/eagle_msgs/share/eagle_msgs/rust/build.rs
-- Up-to-date: /home/eagle/ws/install/eagle_msgs/share/eagle_msgs/rust/Cargo.toml
-- Up-to-date: /home/eagle/ws/install/eagle_msgs/share/eagle_msgs/msg/Cone.idl
-- Up-to-date: /home/eagle/ws/install/eagle_msgs/share/eagle_msgs/msg/ConeArray.idl
-- Up-to-date: /home/eagle/ws/install/eagle_msgs/share/eagle_msgs/msg/Cone.msg
-- Up-to-date: /home/eagle/ws/install/eagle_msgs/share/eagle_msgs/msg/ConeArray.msg
-- Up-to-date: /home/eagle/ws/install/eagle_msgs/share/ament_index/resource_index/package_run_dependencies/eagle_msgs
-- Up-to-date: /home/eagle/ws/install/eagle_msgs/share/ament_index/resource_index/parent_prefix_path/eagle_msgs
-- Up-to-date: /home/eagle/ws/install/eagle_msgs/share/eagle_msgs/environment/ament_prefix_path.sh
-- Up-to-date: /home/eagle/ws/install/eagle_msgs/share/eagle_msgs/environment/ament_prefix_path.dsv
-- Up-to-date: /home/eagle/ws/install/eagle_msgs/share/eagle_msgs/environment/path.sh
-- Up-to-date: /home/eagle/ws/install/eagle_msgs/share/eagle_msgs/environment/path.dsv
-- Up-to-date: /home/eagle/ws/install/eagle_msgs/share/eagle_msgs/local_setup.bash
-- Up-to-date: /home/eagle/ws/install/eagle_msgs/share/eagle_msgs/local_setup.sh
-- Up-to-date: /home/eagle/ws/install/eagle_msgs/share/eagle_msgs/local_setup.zsh
-- Up-to-date: /home/eagle/ws/install/eagle_msgs/share/eagle_msgs/local_setup.dsv
-- Installing: /home/eagle/ws/install/eagle_msgs/share/eagle_msgs/package.dsv
-- Up-to-date: /home/eagle/ws/install/eagle_msgs/share/ament_index/resource_index/packages/eagle_msgs
-- Up-to-date: /home/eagle/ws/install/eagle_msgs/share/eagle_msgs/cmake/export_eagle_msgs__rosidl_generator_cExport.cmake
-- Up-to-date: /home/eagle/ws/install/eagle_msgs/share/eagle_msgs/cmake/export_eagle_msgs__rosidl_generator_cExport-noconfig.cmake
-- Up-to-date: /home/eagle/ws/install/eagle_msgs/share/eagle_msgs/cmake/export_eagle_msgs__rosidl_typesupport_fastrtps_cExport.cmake
-- Up-to-date: /home/eagle/ws/install/eagle_msgs/share/eagle_msgs/cmake/export_eagle_msgs__rosidl_typesupport_fastrtps_cExport-noconfig.cmake
-- Up-to-date: /home/eagle/ws/install/eagle_msgs/share/eagle_msgs/cmake/eagle_msgs__rosidl_typesupport_introspection_cExport.cmake
-- Up-to-date: /home/eagle/ws/install/eagle_msgs/share/eagle_msgs/cmake/eagle_msgs__rosidl_typesupport_introspection_cExport-noconfig.cmake
-- Up-to-date: /home/eagle/ws/install/eagle_msgs/share/eagle_msgs/cmake/eagle_msgs__rosidl_typesupport_cExport.cmake
-- Up-to-date: /home/eagle/ws/install/eagle_msgs/share/eagle_msgs/cmake/eagle_msgs__rosidl_typesupport_cExport-noconfig.cmake
-- Up-to-date: /home/eagle/ws/install/eagle_msgs/share/eagle_msgs/cmake/export_eagle_msgs__rosidl_generator_cppExport.cmake
-- Up-to-date: /home/eagle/ws/install/eagle_msgs/share/eagle_msgs/cmake/export_eagle_msgs__rosidl_typesupport_fastrtps_cppExport.cmake
-- Up-to-date: /home/eagle/ws/install/eagle_msgs/share/eagle_msgs/cmake/export_eagle_msgs__rosidl_typesupport_fastrtps_cppExport-noconfig.cmake
-- Up-to-date: /home/eagle/ws/install/eagle_msgs/share/eagle_msgs/cmake/eagle_msgs__rosidl_typesupport_introspection_cppExport.cmake
-- Up-to-date: /home/eagle/ws/install/eagle_msgs/share/eagle_msgs/cmake/eagle_msgs__rosidl_typesupport_introspection_cppExport-noconfig.cmake
-- Up-to-date: /home/eagle/ws/install/eagle_msgs/share/eagle_msgs/cmake/eagle_msgs__rosidl_typesupport_cppExport.cmake
-- Up-to-date: /home/eagle/ws/install/eagle_msgs/share/eagle_msgs/cmake/eagle_msgs__rosidl_typesupport_cppExport-noconfig.cmake
-- Up-to-date: /home/eagle/ws/install/eagle_msgs/share/eagle_msgs/cmake/export_eagle_msgs__rosidl_generator_pyExport.cmake
-- Up-to-date: /home/eagle/ws/install/eagle_msgs/share/eagle_msgs/cmake/export_eagle_msgs__rosidl_generator_pyExport-noconfig.cmake
-- Up-to-date: /home/eagle/ws/install/eagle_msgs/share/eagle_msgs/cmake/rosidl_cmake-extras.cmake
-- Up-to-date: /home/eagle/ws/install/eagle_msgs/share/eagle_msgs/cmake/ament_cmake_export_dependencies-extras.cmake
-- Up-to-date: /home/eagle/ws/install/eagle_msgs/share/eagle_msgs/cmake/ament_cmake_export_include_directories-extras.cmake
-- Up-to-date: /home/eagle/ws/install/eagle_msgs/share/eagle_msgs/cmake/ament_cmake_export_libraries-extras.cmake
-- Up-to-date: /home/eagle/ws/install/eagle_msgs/share/eagle_msgs/cmake/ament_cmake_export_targets-extras.cmake
-- Up-to-date: /home/eagle/ws/install/eagle_msgs/share/eagle_msgs/cmake/rosidl_cmake_export_typesupport_targets-extras.cmake
-- Up-to-date: /home/eagle/ws/install/eagle_msgs/share/eagle_msgs/cmake/rosidl_cmake_export_typesupport_libraries-extras.cmake
-- Up-to-date: /home/eagle/ws/install/eagle_msgs/share/eagle_msgs/cmake/rosidl_cmake_aggregate_target-extras.cmake
-- Up-to-date: /home/eagle/ws/install/eagle_msgs/share/eagle_msgs/cmake/eagle_msgsConfig.cmake
-- Up-to-date: /home/eagle/ws/install/eagle_msgs/share/eagle_msgs/cmake/eagle_msgsConfig-version.cmake
-- Up-to-date: /home/eagle/ws/install/eagle_msgs/share/eagle_msgs/package.xml
