[0.023s] Invoking command in '/home/eagle/ws/build/eagle_msgs': CMAKE_PREFIX_PATH=${CMAKE_PREFIX_PATH}:/opt/ros/humble /usr/bin/cmake --build /home/eagle/ws/build/eagle_msgs -- -j4 -l4
[0.086s] [35m[1mConsolidate compiler generated dependencies of target eagle_msgs__rosidl_generator_c[0m
[0.107s] [  2%] Built target eagle_msgs__rs
[0.114s] [  5%] Built target eagle_msgs__cpp
[0.114s] [ 15%] Built target eagle_msgs__rosidl_generator_c
[0.127s] [ 15%] Built target ament_cmake_python_copy_eagle_msgs
[0.140s] [35m[1mConsolidate compiler generated dependencies of target eagle_msgs__rosidl_typesupport_introspection_c[0m
[0.140s] [35m[1mConsolidate compiler generated dependencies of target eagle_msgs__rosidl_typesupport_fastrtps_c[0m
[0.154s] [35m[1mConsolidate compiler generated dependencies of target eagle_msgs__rosidl_typesupport_c[0m
[0.161s] [35m[1mConsolidate compiler generated dependencies of target eagle_msgs__rosidl_typesupport_fastrtps_cpp[0m
[0.174s] [ 25%] Built target eagle_msgs__rosidl_typesupport_introspection_c
[0.183s] [ 35%] Built target eagle_msgs__rosidl_typesupport_fastrtps_c
[0.198s] [ 45%] Built target eagle_msgs__rosidl_typesupport_c
[0.205s] [35m[1mConsolidate compiler generated dependencies of target eagle_msgs__rosidl_typesupport_introspection_cpp[0m
[0.215s] [35m[1mConsolidate compiler generated dependencies of target eagle_msgs__rosidl_typesupport_cpp[0m
[0.216s] [ 55%] Built target eagle_msgs__rosidl_typesupport_fastrtps_cpp
[0.240s] [ 65%] Built target eagle_msgs__rosidl_typesupport_introspection_cpp
[0.246s] [ 75%] Built target eagle_msgs__rosidl_typesupport_cpp
[0.273s] [ 75%] Built target eagle_msgs
[0.304s] [ 77%] Built target eagle_msgs__py
[0.322s] [35m[1mConsolidate compiler generated dependencies of target eagle_msgs__rosidl_generator_py[0m
[0.345s] [ 85%] Built target eagle_msgs__rosidl_generator_py
[0.375s] [35m[1mConsolidate compiler generated dependencies of target eagle_msgs__rosidl_typesupport_c__pyext[0m
[0.375s] [35m[1mConsolidate compiler generated dependencies of target eagle_msgs__rosidl_typesupport_fastrtps_c__pyext[0m
[0.390s] [35m[1mConsolidate compiler generated dependencies of target eagle_msgs__rosidl_typesupport_introspection_c__pyext[0m
[0.412s] [ 90%] Built target eagle_msgs__rosidl_typesupport_c__pyext
[0.416s] [ 95%] Built target eagle_msgs__rosidl_typesupport_fastrtps_c__pyext
[0.431s] [100%] Built target eagle_msgs__rosidl_typesupport_introspection_c__pyext
[0.576s] running egg_info
[0.578s] writing eagle_msgs.egg-info/PKG-INFO
[0.579s] writing dependency_links to eagle_msgs.egg-info/dependency_links.txt
[0.579s] writing top-level names to eagle_msgs.egg-info/top_level.txt
[0.584s] reading manifest file 'eagle_msgs.egg-info/SOURCES.txt'
[0.586s] writing manifest file 'eagle_msgs.egg-info/SOURCES.txt'
[0.629s] [100%] Built target ament_cmake_python_build_eagle_msgs_egg
[0.649s] Invoked command in '/home/eagle/ws/build/eagle_msgs' returned '0': CMAKE_PREFIX_PATH=${CMAKE_PREFIX_PATH}:/opt/ros/humble /usr/bin/cmake --build /home/eagle/ws/build/eagle_msgs -- -j4 -l4
[0.666s] Invoking command in '/home/eagle/ws/build/eagle_msgs': CMAKE_PREFIX_PATH=${CMAKE_PREFIX_PATH}:/opt/ros/humble /usr/bin/cmake --install /home/eagle/ws/build/eagle_msgs
[0.680s] -- Install configuration: ""
[0.681s] -- Up-to-date: /home/eagle/ws/install/eagle_msgs/share/ament_index/resource_index/rosidl_interfaces/eagle_msgs
[0.682s] -- Up-to-date: /home/eagle/ws/install/eagle_msgs/include/eagle_msgs/eagle_msgs
[0.682s] -- Up-to-date: /home/eagle/ws/install/eagle_msgs/include/eagle_msgs/eagle_msgs/msg
[0.682s] -- Up-to-date: /home/eagle/ws/install/eagle_msgs/include/eagle_msgs/eagle_msgs/msg/rosidl_generator_c__visibility_control.h
[0.682s] -- Up-to-date: /home/eagle/ws/install/eagle_msgs/include/eagle_msgs/eagle_msgs/msg/cone.h
[0.683s] -- Up-to-date: /home/eagle/ws/install/eagle_msgs/include/eagle_msgs/eagle_msgs/msg/detail
[0.685s] -- Up-to-date: /home/eagle/ws/install/eagle_msgs/include/eagle_msgs/eagle_msgs/msg/detail/cone_array__type_support.h
[0.685s] -- Up-to-date: /home/eagle/ws/install/eagle_msgs/include/eagle_msgs/eagle_msgs/msg/detail/cone__functions.c
[0.686s] -- Up-to-date: /home/eagle/ws/install/eagle_msgs/include/eagle_msgs/eagle_msgs/msg/detail/cone_array__functions.c
[0.687s] -- Up-to-date: /home/eagle/ws/install/eagle_msgs/include/eagle_msgs/eagle_msgs/msg/detail/cone_array__functions.h
[0.688s] -- Up-to-date: /home/eagle/ws/install/eagle_msgs/include/eagle_msgs/eagle_msgs/msg/detail/cone__type_support.h
[0.688s] -- Up-to-date: /home/eagle/ws/install/eagle_msgs/include/eagle_msgs/eagle_msgs/msg/detail/cone__functions.h
[0.689s] -- Up-to-date: /home/eagle/ws/install/eagle_msgs/include/eagle_msgs/eagle_msgs/msg/detail/cone_array__struct.h
[0.690s] -- Up-to-date: /home/eagle/ws/install/eagle_msgs/include/eagle_msgs/eagle_msgs/msg/detail/cone__struct.h
[0.690s] -- Up-to-date: /home/eagle/ws/install/eagle_msgs/include/eagle_msgs/eagle_msgs/msg/cone_array.h
[0.690s] -- Up-to-date: /home/eagle/ws/install/eagle_msgs/share/eagle_msgs/environment/library_path.sh
[0.691s] -- Up-to-date: /home/eagle/ws/install/eagle_msgs/share/eagle_msgs/environment/library_path.dsv
[0.691s] -- Up-to-date: /home/eagle/ws/install/eagle_msgs/lib/libeagle_msgs__rosidl_generator_c.so
[0.694s] -- Up-to-date: /home/eagle/ws/install/eagle_msgs/include/eagle_msgs/eagle_msgs
[0.694s] -- Up-to-date: /home/eagle/ws/install/eagle_msgs/include/eagle_msgs/eagle_msgs/msg
[0.695s] -- Up-to-date: /home/eagle/ws/install/eagle_msgs/include/eagle_msgs/eagle_msgs/msg/rosidl_typesupport_fastrtps_c__visibility_control.h
[0.695s] -- Up-to-date: /home/eagle/ws/install/eagle_msgs/include/eagle_msgs/eagle_msgs/msg/detail
[0.695s] -- Up-to-date: /home/eagle/ws/install/eagle_msgs/include/eagle_msgs/eagle_msgs/msg/detail/cone_array__rosidl_typesupport_fastrtps_c.h
[0.695s] -- Up-to-date: /home/eagle/ws/install/eagle_msgs/include/eagle_msgs/eagle_msgs/msg/detail/cone__rosidl_typesupport_fastrtps_c.h
[0.696s] -- Up-to-date: /home/eagle/ws/install/eagle_msgs/lib/libeagle_msgs__rosidl_typesupport_fastrtps_c.so
[0.696s] -- Up-to-date: /home/eagle/ws/install/eagle_msgs/include/eagle_msgs/eagle_msgs
[0.696s] -- Up-to-date: /home/eagle/ws/install/eagle_msgs/include/eagle_msgs/eagle_msgs/msg
[0.697s] -- Up-to-date: /home/eagle/ws/install/eagle_msgs/include/eagle_msgs/eagle_msgs/msg/rosidl_typesupport_introspection_c__visibility_control.h
[0.697s] -- Up-to-date: /home/eagle/ws/install/eagle_msgs/include/eagle_msgs/eagle_msgs/msg/detail
[0.697s] -- Up-to-date: /home/eagle/ws/install/eagle_msgs/include/eagle_msgs/eagle_msgs/msg/detail/cone_array__type_support.c
[0.699s] -- Up-to-date: /home/eagle/ws/install/eagle_msgs/include/eagle_msgs/eagle_msgs/msg/detail/cone__rosidl_typesupport_introspection_c.h
[0.699s] -- Up-to-date: /home/eagle/ws/install/eagle_msgs/include/eagle_msgs/eagle_msgs/msg/detail/cone_array__rosidl_typesupport_introspection_c.h
[0.699s] -- Up-to-date: /home/eagle/ws/install/eagle_msgs/include/eagle_msgs/eagle_msgs/msg/detail/cone__type_support.c
[0.700s] -- Up-to-date: /home/eagle/ws/install/eagle_msgs/lib/libeagle_msgs__rosidl_typesupport_introspection_c.so
[0.700s] -- Up-to-date: /home/eagle/ws/install/eagle_msgs/lib/libeagle_msgs__rosidl_typesupport_c.so
[0.700s] -- Up-to-date: /home/eagle/ws/install/eagle_msgs/include/eagle_msgs/eagle_msgs
[0.701s] -- Up-to-date: /home/eagle/ws/install/eagle_msgs/include/eagle_msgs/eagle_msgs/msg
[0.701s] -- Up-to-date: /home/eagle/ws/install/eagle_msgs/include/eagle_msgs/eagle_msgs/msg/cone_array.hpp
[0.701s] -- Up-to-date: /home/eagle/ws/install/eagle_msgs/include/eagle_msgs/eagle_msgs/msg/rosidl_generator_cpp__visibility_control.hpp
[0.701s] -- Up-to-date: /home/eagle/ws/install/eagle_msgs/include/eagle_msgs/eagle_msgs/msg/cone.hpp
[0.702s] -- Up-to-date: /home/eagle/ws/install/eagle_msgs/include/eagle_msgs/eagle_msgs/msg/detail
[0.702s] -- Up-to-date: /home/eagle/ws/install/eagle_msgs/include/eagle_msgs/eagle_msgs/msg/detail/cone_array__builder.hpp
[0.703s] -- Up-to-date: /home/eagle/ws/install/eagle_msgs/include/eagle_msgs/eagle_msgs/msg/detail/cone__builder.hpp
[0.703s] -- Up-to-date: /home/eagle/ws/install/eagle_msgs/include/eagle_msgs/eagle_msgs/msg/detail/cone__type_support.hpp
[0.703s] -- Up-to-date: /home/eagle/ws/install/eagle_msgs/include/eagle_msgs/eagle_msgs/msg/detail/cone__traits.hpp
[0.703s] -- Up-to-date: /home/eagle/ws/install/eagle_msgs/include/eagle_msgs/eagle_msgs/msg/detail/cone__struct.hpp
[0.703s] -- Up-to-date: /home/eagle/ws/install/eagle_msgs/include/eagle_msgs/eagle_msgs/msg/detail/cone_array__traits.hpp
[0.704s] -- Up-to-date: /home/eagle/ws/install/eagle_msgs/include/eagle_msgs/eagle_msgs/msg/detail/cone_array__type_support.hpp
[0.704s] -- Up-to-date: /home/eagle/ws/install/eagle_msgs/include/eagle_msgs/eagle_msgs/msg/detail/cone_array__struct.hpp
[0.705s] -- Up-to-date: /home/eagle/ws/install/eagle_msgs/include/eagle_msgs/eagle_msgs
[0.705s] -- Up-to-date: /home/eagle/ws/install/eagle_msgs/include/eagle_msgs/eagle_msgs/msg
[0.705s] -- Up-to-date: /home/eagle/ws/install/eagle_msgs/include/eagle_msgs/eagle_msgs/msg/rosidl_typesupport_fastrtps_cpp__visibility_control.h
[0.705s] -- Up-to-date: /home/eagle/ws/install/eagle_msgs/include/eagle_msgs/eagle_msgs/msg/detail
[0.705s] -- Up-to-date: /home/eagle/ws/install/eagle_msgs/include/eagle_msgs/eagle_msgs/msg/detail/cone_array__rosidl_typesupport_fastrtps_cpp.hpp
[0.706s] -- Up-to-date: /home/eagle/ws/install/eagle_msgs/include/eagle_msgs/eagle_msgs/msg/detail/cone__rosidl_typesupport_fastrtps_cpp.hpp
[0.706s] -- Up-to-date: /home/eagle/ws/install/eagle_msgs/include/eagle_msgs/eagle_msgs/msg/detail/dds_fastrtps
[0.706s] -- Up-to-date: /home/eagle/ws/install/eagle_msgs/lib/libeagle_msgs__rosidl_typesupport_fastrtps_cpp.so
[0.706s] -- Up-to-date: /home/eagle/ws/install/eagle_msgs/include/eagle_msgs/eagle_msgs
[0.706s] -- Up-to-date: /home/eagle/ws/install/eagle_msgs/include/eagle_msgs/eagle_msgs/msg
[0.707s] -- Up-to-date: /home/eagle/ws/install/eagle_msgs/include/eagle_msgs/eagle_msgs/msg/detail
[0.707s] -- Up-to-date: /home/eagle/ws/install/eagle_msgs/include/eagle_msgs/eagle_msgs/msg/detail/cone__type_support.cpp
[0.707s] -- Up-to-date: /home/eagle/ws/install/eagle_msgs/include/eagle_msgs/eagle_msgs/msg/detail/cone_array__rosidl_typesupport_introspection_cpp.hpp
[0.707s] -- Up-to-date: /home/eagle/ws/install/eagle_msgs/include/eagle_msgs/eagle_msgs/msg/detail/cone_array__type_support.cpp
[0.708s] -- Up-to-date: /home/eagle/ws/install/eagle_msgs/include/eagle_msgs/eagle_msgs/msg/detail/cone__rosidl_typesupport_introspection_cpp.hpp
[0.708s] -- Up-to-date: /home/eagle/ws/install/eagle_msgs/lib/libeagle_msgs__rosidl_typesupport_introspection_cpp.so
[0.708s] -- Up-to-date: /home/eagle/ws/install/eagle_msgs/lib/libeagle_msgs__rosidl_typesupport_cpp.so
[0.709s] -- Up-to-date: /home/eagle/ws/install/eagle_msgs/share/eagle_msgs/environment/pythonpath.sh
[0.709s] -- Up-to-date: /home/eagle/ws/install/eagle_msgs/share/eagle_msgs/environment/pythonpath.dsv
[0.709s] -- Up-to-date: /home/eagle/ws/install/eagle_msgs/local/lib/python3.10/dist-packages/eagle_msgs-0.1.0-py3.10.egg-info
[0.710s] -- Installing: /home/eagle/ws/install/eagle_msgs/local/lib/python3.10/dist-packages/eagle_msgs-0.1.0-py3.10.egg-info/top_level.txt
[0.710s] -- Installing: /home/eagle/ws/install/eagle_msgs/local/lib/python3.10/dist-packages/eagle_msgs-0.1.0-py3.10.egg-info/SOURCES.txt
[0.710s] -- Installing: /home/eagle/ws/install/eagle_msgs/local/lib/python3.10/dist-packages/eagle_msgs-0.1.0-py3.10.egg-info/dependency_links.txt
[0.710s] -- Installing: /home/eagle/ws/install/eagle_msgs/local/lib/python3.10/dist-packages/eagle_msgs-0.1.0-py3.10.egg-info/PKG-INFO
[0.710s] -- Up-to-date: /home/eagle/ws/install/eagle_msgs/local/lib/python3.10/dist-packages/eagle_msgs
[0.710s] -- Up-to-date: /home/eagle/ws/install/eagle_msgs/local/lib/python3.10/dist-packages/eagle_msgs/__init__.py
[0.711s] -- Up-to-date: /home/eagle/ws/install/eagle_msgs/local/lib/python3.10/dist-packages/eagle_msgs/_eagle_msgs_s.ep.rosidl_typesupport_introspection_c.c
[0.711s] -- Up-to-date: /home/eagle/ws/install/eagle_msgs/local/lib/python3.10/dist-packages/eagle_msgs/msg
[0.711s] -- Up-to-date: /home/eagle/ws/install/eagle_msgs/local/lib/python3.10/dist-packages/eagle_msgs/msg/__init__.py
[0.711s] -- Up-to-date: /home/eagle/ws/install/eagle_msgs/local/lib/python3.10/dist-packages/eagle_msgs/msg/_cone_array.py
[0.712s] -- Up-to-date: /home/eagle/ws/install/eagle_msgs/local/lib/python3.10/dist-packages/eagle_msgs/msg/_cone_s.c
[0.712s] -- Up-to-date: /home/eagle/ws/install/eagle_msgs/local/lib/python3.10/dist-packages/eagle_msgs/msg/_cone.py
[0.712s] -- Up-to-date: /home/eagle/ws/install/eagle_msgs/local/lib/python3.10/dist-packages/eagle_msgs/msg/_cone_array_s.c
[0.712s] -- Up-to-date: /home/eagle/ws/install/eagle_msgs/local/lib/python3.10/dist-packages/eagle_msgs/_eagle_msgs_s.ep.rosidl_typesupport_fastrtps_c.c
[0.712s] -- Up-to-date: /home/eagle/ws/install/eagle_msgs/local/lib/python3.10/dist-packages/eagle_msgs/eagle_msgs_s__rosidl_typesupport_fastrtps_c.cpython-310-x86_64-linux-gnu.so
[0.712s] -- Up-to-date: /home/eagle/ws/install/eagle_msgs/local/lib/python3.10/dist-packages/eagle_msgs/_eagle_msgs_s.ep.rosidl_typesupport_c.c
[0.713s] -- Up-to-date: /home/eagle/ws/install/eagle_msgs/local/lib/python3.10/dist-packages/eagle_msgs/eagle_msgs_s__rosidl_typesupport_introspection_c.cpython-310-x86_64-linux-gnu.so
[0.713s] -- Up-to-date: /home/eagle/ws/install/eagle_msgs/local/lib/python3.10/dist-packages/eagle_msgs/libeagle_msgs__rosidl_generator_py.so
[0.713s] -- Up-to-date: /home/eagle/ws/install/eagle_msgs/local/lib/python3.10/dist-packages/eagle_msgs/eagle_msgs_s__rosidl_typesupport_c.cpython-310-x86_64-linux-gnu.so
[0.763s] Listing '/home/eagle/ws/install/eagle_msgs/local/lib/python3.10/dist-packages/eagle_msgs'...
[0.763s] Listing '/home/eagle/ws/install/eagle_msgs/local/lib/python3.10/dist-packages/eagle_msgs/msg'...
[0.771s] -- Up-to-date: /home/eagle/ws/install/eagle_msgs/local/lib/python3.10/dist-packages/eagle_msgs/eagle_msgs_s__rosidl_typesupport_fastrtps_c.cpython-310-x86_64-linux-gnu.so
[0.772s] -- Up-to-date: /home/eagle/ws/install/eagle_msgs/local/lib/python3.10/dist-packages/eagle_msgs/eagle_msgs_s__rosidl_typesupport_introspection_c.cpython-310-x86_64-linux-gnu.so
[0.773s] -- Up-to-date: /home/eagle/ws/install/eagle_msgs/local/lib/python3.10/dist-packages/eagle_msgs/eagle_msgs_s__rosidl_typesupport_c.cpython-310-x86_64-linux-gnu.so
[0.774s] -- Up-to-date: /home/eagle/ws/install/eagle_msgs/lib/libeagle_msgs__rosidl_generator_py.so
[0.775s] -- Up-to-date: /home/eagle/ws/install/eagle_msgs/share/ament_index/resource_index/rust_packages/eagle_msgs
[0.775s] -- Up-to-date: /home/eagle/ws/install/eagle_msgs/share/eagle_msgs/rust
[0.775s] -- Up-to-date: /home/eagle/ws/install/eagle_msgs/share/eagle_msgs/rust/src
[0.776s] -- Up-to-date: /home/eagle/ws/install/eagle_msgs/share/eagle_msgs/rust/src/lib.rs
[0.776s] -- Up-to-date: /home/eagle/ws/install/eagle_msgs/share/eagle_msgs/rust/src/msg
[0.776s] -- Up-to-date: /home/eagle/ws/install/eagle_msgs/share/eagle_msgs/rust/src/msg/rmw.rs
[0.776s] -- Up-to-date: /home/eagle/ws/install/eagle_msgs/share/eagle_msgs/rust/src/msg.rs
[0.776s] -- Up-to-date: /home/eagle/ws/install/eagle_msgs/share/eagle_msgs/rust/build.rs
[0.777s] -- Up-to-date: /home/eagle/ws/install/eagle_msgs/share/eagle_msgs/rust/Cargo.toml
[0.777s] -- Up-to-date: /home/eagle/ws/install/eagle_msgs/share/eagle_msgs/msg/Cone.idl
[0.777s] -- Up-to-date: /home/eagle/ws/install/eagle_msgs/share/eagle_msgs/msg/ConeArray.idl
[0.778s] -- Up-to-date: /home/eagle/ws/install/eagle_msgs/share/eagle_msgs/msg/Cone.msg
[0.778s] -- Up-to-date: /home/eagle/ws/install/eagle_msgs/share/eagle_msgs/msg/ConeArray.msg
[0.778s] -- Up-to-date: /home/eagle/ws/install/eagle_msgs/share/ament_index/resource_index/package_run_dependencies/eagle_msgs
[0.779s] -- Up-to-date: /home/eagle/ws/install/eagle_msgs/share/ament_index/resource_index/parent_prefix_path/eagle_msgs
[0.780s] -- Up-to-date: /home/eagle/ws/install/eagle_msgs/share/eagle_msgs/environment/ament_prefix_path.sh
[0.780s] -- Up-to-date: /home/eagle/ws/install/eagle_msgs/share/eagle_msgs/environment/ament_prefix_path.dsv
[0.780s] -- Up-to-date: /home/eagle/ws/install/eagle_msgs/share/eagle_msgs/environment/path.sh
[0.780s] -- Up-to-date: /home/eagle/ws/install/eagle_msgs/share/eagle_msgs/environment/path.dsv
[0.781s] -- Up-to-date: /home/eagle/ws/install/eagle_msgs/share/eagle_msgs/local_setup.bash
[0.781s] -- Up-to-date: /home/eagle/ws/install/eagle_msgs/share/eagle_msgs/local_setup.sh
[0.781s] -- Up-to-date: /home/eagle/ws/install/eagle_msgs/share/eagle_msgs/local_setup.zsh
[0.781s] -- Up-to-date: /home/eagle/ws/install/eagle_msgs/share/eagle_msgs/local_setup.dsv
[0.781s] -- Installing: /home/eagle/ws/install/eagle_msgs/share/eagle_msgs/package.dsv
[0.781s] -- Up-to-date: /home/eagle/ws/install/eagle_msgs/share/ament_index/resource_index/packages/eagle_msgs
[0.782s] -- Up-to-date: /home/eagle/ws/install/eagle_msgs/share/eagle_msgs/cmake/export_eagle_msgs__rosidl_generator_cExport.cmake
[0.782s] -- Up-to-date: /home/eagle/ws/install/eagle_msgs/share/eagle_msgs/cmake/export_eagle_msgs__rosidl_generator_cExport-noconfig.cmake
[0.782s] -- Up-to-date: /home/eagle/ws/install/eagle_msgs/share/eagle_msgs/cmake/export_eagle_msgs__rosidl_typesupport_fastrtps_cExport.cmake
[0.782s] -- Up-to-date: /home/eagle/ws/install/eagle_msgs/share/eagle_msgs/cmake/export_eagle_msgs__rosidl_typesupport_fastrtps_cExport-noconfig.cmake
[0.782s] -- Up-to-date: /home/eagle/ws/install/eagle_msgs/share/eagle_msgs/cmake/eagle_msgs__rosidl_typesupport_introspection_cExport.cmake
[0.783s] -- Up-to-date: /home/eagle/ws/install/eagle_msgs/share/eagle_msgs/cmake/eagle_msgs__rosidl_typesupport_introspection_cExport-noconfig.cmake
[0.783s] -- Up-to-date: /home/eagle/ws/install/eagle_msgs/share/eagle_msgs/cmake/eagle_msgs__rosidl_typesupport_cExport.cmake
[0.783s] -- Up-to-date: /home/eagle/ws/install/eagle_msgs/share/eagle_msgs/cmake/eagle_msgs__rosidl_typesupport_cExport-noconfig.cmake
[0.783s] -- Up-to-date: /home/eagle/ws/install/eagle_msgs/share/eagle_msgs/cmake/export_eagle_msgs__rosidl_generator_cppExport.cmake
[0.784s] -- Up-to-date: /home/eagle/ws/install/eagle_msgs/share/eagle_msgs/cmake/export_eagle_msgs__rosidl_typesupport_fastrtps_cppExport.cmake
[0.784s] -- Up-to-date: /home/eagle/ws/install/eagle_msgs/share/eagle_msgs/cmake/export_eagle_msgs__rosidl_typesupport_fastrtps_cppExport-noconfig.cmake
[0.784s] -- Up-to-date: /home/eagle/ws/install/eagle_msgs/share/eagle_msgs/cmake/eagle_msgs__rosidl_typesupport_introspection_cppExport.cmake
[0.785s] -- Up-to-date: /home/eagle/ws/install/eagle_msgs/share/eagle_msgs/cmake/eagle_msgs__rosidl_typesupport_introspection_cppExport-noconfig.cmake
[0.785s] -- Up-to-date: /home/eagle/ws/install/eagle_msgs/share/eagle_msgs/cmake/eagle_msgs__rosidl_typesupport_cppExport.cmake
[0.785s] -- Up-to-date: /home/eagle/ws/install/eagle_msgs/share/eagle_msgs/cmake/eagle_msgs__rosidl_typesupport_cppExport-noconfig.cmake
[0.786s] -- Up-to-date: /home/eagle/ws/install/eagle_msgs/share/eagle_msgs/cmake/export_eagle_msgs__rosidl_generator_pyExport.cmake
[0.786s] -- Up-to-date: /home/eagle/ws/install/eagle_msgs/share/eagle_msgs/cmake/export_eagle_msgs__rosidl_generator_pyExport-noconfig.cmake
[0.787s] -- Up-to-date: /home/eagle/ws/install/eagle_msgs/share/eagle_msgs/cmake/rosidl_cmake-extras.cmake
[0.787s] -- Up-to-date: /home/eagle/ws/install/eagle_msgs/share/eagle_msgs/cmake/ament_cmake_export_dependencies-extras.cmake
[0.788s] -- Up-to-date: /home/eagle/ws/install/eagle_msgs/share/eagle_msgs/cmake/ament_cmake_export_include_directories-extras.cmake
[0.788s] -- Up-to-date: /home/eagle/ws/install/eagle_msgs/share/eagle_msgs/cmake/ament_cmake_export_libraries-extras.cmake
[0.788s] -- Up-to-date: /home/eagle/ws/install/eagle_msgs/share/eagle_msgs/cmake/ament_cmake_export_targets-extras.cmake
[0.788s] -- Up-to-date: /home/eagle/ws/install/eagle_msgs/share/eagle_msgs/cmake/rosidl_cmake_export_typesupport_targets-extras.cmake
[0.788s] -- Up-to-date: /home/eagle/ws/install/eagle_msgs/share/eagle_msgs/cmake/rosidl_cmake_export_typesupport_libraries-extras.cmake
[0.789s] -- Up-to-date: /home/eagle/ws/install/eagle_msgs/share/eagle_msgs/cmake/rosidl_cmake_aggregate_target-extras.cmake
[0.789s] -- Up-to-date: /home/eagle/ws/install/eagle_msgs/share/eagle_msgs/cmake/eagle_msgsConfig.cmake
[0.789s] -- Up-to-date: /home/eagle/ws/install/eagle_msgs/share/eagle_msgs/cmake/eagle_msgsConfig-version.cmake
[0.789s] -- Up-to-date: /home/eagle/ws/install/eagle_msgs/share/eagle_msgs/package.xml
[0.790s] Invoked command in '/home/eagle/ws/build/eagle_msgs' returned '0': CMAKE_PREFIX_PATH=${CMAKE_PREFIX_PATH}:/opt/ros/humble /usr/bin/cmake --install /home/eagle/ws/build/eagle_msgs
