[0.020s] Invoking command in '/home/eagle/ws/build/ctrl': AMENT_PREFIX_PATH=/home/eagle/ws/install/eagle_msgs:${AMENT_PREFIX_PATH} CMAKE_PREFIX_PATH=/home/eagle/ws/install/eagle_msgs:/opt/ros/humble LD_LIBRARY_PATH=/home/eagle/ws/install/eagle_msgs/lib:${LD_LIBRARY_PATH} PYTHONPATH=/home/eagle/ws/install/eagle_msgs/local/lib/python3.10/dist-packages:${PYTHONPATH} /usr/bin/cmake /home/eagle/ws/src/ctrl -DCMAKE_INSTALL_PREFIX=/home/eagle/ws/install/ctrl
[0.120s] -- The C compiler identification is GNU 11.4.0
[0.215s] -- The CXX compiler identification is GNU 11.4.0
[0.228s] -- Detecting C compiler ABI info
[0.328s] -- Detecting C compiler ABI info - done
[0.349s] -- Check for working C compiler: /usr/bin/cc - skipped
[0.349s] -- Detecting C compile features
[0.351s] -- Detecting C compile features - done
[0.358s] -- Detecting CXX compiler ABI info
[0.478s] -- Detecting CXX compiler ABI info - done
[0.489s] -- Check for working CXX compiler: /usr/bin/c++ - skipped
[0.490s] -- Detecting CXX compile features
[0.491s] -- Detecting CXX compile features - done
[0.496s] -- Found ament_cmake: 1.3.14 (/opt/ros/humble/share/ament_cmake/cmake)
[0.706s] -- Found Python3: /usr/bin/python3 (found version "3.10.12") found components: Interpreter 
[0.837s] -- Found rclcpp: 16.0.19 (/opt/ros/humble/share/rclcpp/cmake)
[0.909s] -- Found rosidl_generator_c: 3.1.9 (/opt/ros/humble/share/rosidl_generator_c/cmake)
[0.921s] -- Found rosidl_adapter: 3.1.9 (/opt/ros/humble/share/rosidl_adapter/cmake)
[0.936s] -- Found rosidl_generator_cpp: 3.1.9 (/opt/ros/humble/share/rosidl_generator_cpp/cmake)
[0.961s] -- Using all available rosidl_typesupport_c: rosidl_typesupport_fastrtps_c;rosidl_typesupport_introspection_c
[0.988s] -- Using all available rosidl_typesupport_cpp: rosidl_typesupport_fastrtps_cpp;rosidl_typesupport_introspection_cpp
[1.081s] -- Found rmw_implementation_cmake: 6.1.3 (/opt/ros/humble/share/rmw_implementation_cmake/cmake)
[1.087s] -- Found rmw_fastrtps_cpp: 6.2.10 (/opt/ros/humble/share/rmw_fastrtps_cpp/cmake)
[1.246s] -- Found OpenSSL: /usr/lib/x86_64-linux-gnu/libcrypto.so (found version "3.0.2")  
[1.290s] -- Found FastRTPS: /opt/ros/humble/include  
[1.360s] -- Using RMW implementation 'rmw_fastrtps_cpp' as default
[1.385s] -- Looking for pthread.h
[1.480s] -- Looking for pthread.h - found
[1.481s] -- Performing Test CMAKE_HAVE_LIBC_PTHREAD
[1.576s] -- Performing Test CMAKE_HAVE_LIBC_PTHREAD - Success
[1.579s] -- Found Threads: TRUE  
[1.680s] -- Found eagle_msgs: 0.1.0 (/home/eagle/ws/install/eagle_msgs/share/eagle_msgs/cmake)
[1.730s] -- Found ament_lint_auto: 0.12.15 (/opt/ros/humble/share/ament_lint_auto/cmake)
[1.859s] -- Added test 'cppcheck' to perform static code analysis on C / C++ code
[1.859s] -- Configured cppcheck include dirs: 
[1.859s] -- Configured cppcheck exclude dirs and/or files: 
[1.862s] -- Added test 'lint_cmake' to check CMake code style
[1.864s] -- Added test 'uncrustify' to check C / C++ code style
[1.865s] -- Configured uncrustify additional arguments: 
[1.865s] -- Added test 'xmllint' to check XML markup files
[1.869s] -- Configuring done
[1.888s] -- Generating done
[1.897s] -- Build files have been written to: /home/eagle/ws/build/ctrl
[1.911s] Invoked command in '/home/eagle/ws/build/ctrl' returned '0': AMENT_PREFIX_PATH=/home/eagle/ws/install/eagle_msgs:${AMENT_PREFIX_PATH} CMAKE_PREFIX_PATH=/home/eagle/ws/install/eagle_msgs:/opt/ros/humble LD_LIBRARY_PATH=/home/eagle/ws/install/eagle_msgs/lib:${LD_LIBRARY_PATH} PYTHONPATH=/home/eagle/ws/install/eagle_msgs/local/lib/python3.10/dist-packages:${PYTHONPATH} /usr/bin/cmake /home/eagle/ws/src/ctrl -DCMAKE_INSTALL_PREFIX=/home/eagle/ws/install/ctrl
[1.915s] Invoking command in '/home/eagle/ws/build/ctrl': AMENT_PREFIX_PATH=/home/eagle/ws/install/eagle_msgs:${AMENT_PREFIX_PATH} CMAKE_PREFIX_PATH=/home/eagle/ws/install/eagle_msgs:/opt/ros/humble LD_LIBRARY_PATH=/home/eagle/ws/install/eagle_msgs/lib:${LD_LIBRARY_PATH} PYTHONPATH=/home/eagle/ws/install/eagle_msgs/local/lib/python3.10/dist-packages:${PYTHONPATH} /usr/bin/cmake --build /home/eagle/ws/build/ctrl -- -j4 -l4
[1.989s] [ 50%] [32mBuilding CXX object CMakeFiles/ctrl.dir/src/ctrl.cpp.o[0m
[2.006s] [01m[K/home/eagle/ws/src/ctrl/src/ctrl.cpp:[m[K In function ‘[01m[Kint main(int, char**)[m[K’:
[2.007s] [01m[K/home/eagle/ws/src/ctrl/src/ctrl.cpp:4:9:[m[K [01;31m[Kerror: [m[K‘[01m[Krclcpp[m[K’ has not been declared
[2.007s]     4 |         [01;31m[Krclcpp[m[K::init(argc, argv);
[2.007s]       |         [01;31m[K^~~~~~[m[K
[2.009s] gmake[2]: *** [CMakeFiles/ctrl.dir/build.make:76: CMakeFiles/ctrl.dir/src/ctrl.cpp.o] Error 1
[2.009s] gmake[1]: *** [CMakeFiles/Makefile2:137: CMakeFiles/ctrl.dir/all] Error 2
[2.010s] gmake: *** [Makefile:146: all] Error 2
[2.016s] Invoked command in '/home/eagle/ws/build/ctrl' returned '2': AMENT_PREFIX_PATH=/home/eagle/ws/install/eagle_msgs:${AMENT_PREFIX_PATH} CMAKE_PREFIX_PATH=/home/eagle/ws/install/eagle_msgs:/opt/ros/humble LD_LIBRARY_PATH=/home/eagle/ws/install/eagle_msgs/lib:${LD_LIBRARY_PATH} PYTHONPATH=/home/eagle/ws/install/eagle_msgs/local/lib/python3.10/dist-packages:${PYTHONPATH} /usr/bin/cmake --build /home/eagle/ws/build/ctrl -- -j4 -l4
